Archive member included to satisfy reference by file (symbol)

d:/stm_for_vs/gcc-arm-none-eabi-10.3-2021.10/bin/../lib/gcc/arm-none-eabi/10.3.1/../../../../arm-none-eabi/lib/thumb/v7e-m+fp/hard\libstdc++_nano.a(guard.o)
                              build/bsp_dwt.o (__cxa_guard_acquire)
d:/stm_for_vs/gcc-arm-none-eabi-10.3-2021.10/bin/../lib/gcc/arm-none-eabi/10.3.1/../../../../arm-none-eabi/lib/thumb/v7e-m+fp/hard\libstdc++_nano.a(new_op.o)
                              build/dr16.o (operator new(unsigned int))
d:/stm_for_vs/gcc-arm-none-eabi-10.3-2021.10/bin/../lib/gcc/arm-none-eabi/10.3.1/../../../../arm-none-eabi/lib/thumb/v7e-m+fp/hard\libstdc++_nano.a(pure.o)
                              build/bsp_can.o (__cxa_pure_virtual)
d:/stm_for_vs/gcc-arm-none-eabi-10.3-2021.10/bin/../lib/gcc/arm-none-eabi/10.3.1/../../../../arm-none-eabi/lib/thumb/v7e-m+fp/hard\libstdc++_nano.a(functional.o)
                              build/safe_task.o (std::__throw_bad_function_call())
d:/stm_for_vs/gcc-arm-none-eabi-10.3-2021.10/bin/../lib/gcc/arm-none-eabi/10.3.1/../../../../arm-none-eabi/lib/thumb/v7e-m+fp/hard\libstdc++_nano.a(del_op.o)
                              d:/stm_for_vs/gcc-arm-none-eabi-10.3-2021.10/bin/../lib/gcc/arm-none-eabi/10.3.1/../../../../arm-none-eabi/lib/thumb/v7e-m+fp/hard\libstdc++_nano.a(functional.o) (operator delete(void*))
d:/stm_for_vs/gcc-arm-none-eabi-10.3-2021.10/bin/../lib/gcc/arm-none-eabi/10.3.1/../../../../arm-none-eabi/lib/thumb/v7e-m+fp/hard\libstdc++_nano.a(eh_exception.o)
                              d:/stm_for_vs/gcc-arm-none-eabi-10.3-2021.10/bin/../lib/gcc/arm-none-eabi/10.3.1/../../../../arm-none-eabi/lib/thumb/v7e-m+fp/hard\libstdc++_nano.a(functional.o) (std::exception::~exception())
d:/stm_for_vs/gcc-arm-none-eabi-10.3-2021.10/bin/../lib/gcc/arm-none-eabi/10.3.1/../../../../arm-none-eabi/lib/thumb/v7e-m+fp/hard\libstdc++_nano.a(eh_terminate.o)
                              d:/stm_for_vs/gcc-arm-none-eabi-10.3-2021.10/bin/../lib/gcc/arm-none-eabi/10.3.1/../../../../arm-none-eabi/lib/thumb/v7e-m+fp/hard\libstdc++_nano.a(pure.o) (std::terminate())
d:/stm_for_vs/gcc-arm-none-eabi-10.3-2021.10/bin/../lib/gcc/arm-none-eabi/10.3.1/../../../../arm-none-eabi/lib/thumb/v7e-m+fp/hard\libstdc++_nano.a(eh_unex_handler.o)
                              d:/stm_for_vs/gcc-arm-none-eabi-10.3-2021.10/bin/../lib/gcc/arm-none-eabi/10.3.1/../../../../arm-none-eabi/lib/thumb/v7e-m+fp/hard\libstdc++_nano.a(eh_terminate.o) (__cxxabiv1::__unexpected_handler)
d:/stm_for_vs/gcc-arm-none-eabi-10.3-2021.10/bin/../lib/gcc/arm-none-eabi/10.3.1/../../../../arm-none-eabi/lib/thumb/v7e-m+fp/hard\libstdc++_nano.a(new_handler.o)
                              d:/stm_for_vs/gcc-arm-none-eabi-10.3-2021.10/bin/../lib/gcc/arm-none-eabi/10.3.1/../../../../arm-none-eabi/lib/thumb/v7e-m+fp/hard\libstdc++_nano.a(new_op.o) (std::get_new_handler())
d:/stm_for_vs/gcc-arm-none-eabi-10.3-2021.10/bin/../lib/gcc/arm-none-eabi/10.3.1/../../../../arm-none-eabi/lib/thumb/v7e-m+fp/hard\libstdc++_nano.a(si_class_type_info.o)
                              d:/stm_for_vs/gcc-arm-none-eabi-10.3-2021.10/bin/../lib/gcc/arm-none-eabi/10.3.1/../../../../arm-none-eabi/lib/thumb/v7e-m+fp/hard\libstdc++_nano.a(functional.o) (vtable for __cxxabiv1::__si_class_type_info)
d:/stm_for_vs/gcc-arm-none-eabi-10.3-2021.10/bin/../lib/gcc/arm-none-eabi/10.3.1/../../../../arm-none-eabi/lib/thumb/v7e-m+fp/hard\libstdc++_nano.a(tinfo.o)
                              d:/stm_for_vs/gcc-arm-none-eabi-10.3-2021.10/bin/../lib/gcc/arm-none-eabi/10.3.1/../../../../arm-none-eabi/lib/thumb/v7e-m+fp/hard\libstdc++_nano.a(si_class_type_info.o) (std::type_info::__is_pointer_p() const)
d:/stm_for_vs/gcc-arm-none-eabi-10.3-2021.10/bin/../lib/gcc/arm-none-eabi/10.3.1/../../../../arm-none-eabi/lib/thumb/v7e-m+fp/hard\libstdc++_nano.a(class_type_info.o)
                              d:/stm_for_vs/gcc-arm-none-eabi-10.3-2021.10/bin/../lib/gcc/arm-none-eabi/10.3.1/../../../../arm-none-eabi/lib/thumb/v7e-m+fp/hard\libstdc++_nano.a(si_class_type_info.o) (__cxxabiv1::__class_type_info::__do_upcast(__cxxabiv1::__class_type_info const*, void**) const)
d:/stm_for_vs/gcc-arm-none-eabi-10.3-2021.10/bin/../lib/gcc/arm-none-eabi/10.3.1/../../../../arm-none-eabi/lib/thumb/v7e-m+fp/hard\libstdc++_nano.a(del_ops.o)
                              d:/stm_for_vs/gcc-arm-none-eabi-10.3-2021.10/bin/../lib/gcc/arm-none-eabi/10.3.1/../../../../arm-none-eabi/lib/thumb/v7e-m+fp/hard\libstdc++_nano.a(eh_exception.o) (operator delete(void*, unsigned int))
d:/stm_for_vs/gcc-arm-none-eabi-10.3-2021.10/bin/../lib/gcc/arm-none-eabi/10.3.1/../../../../arm-none-eabi/lib/thumb/v7e-m+fp/hard\libstdc++_nano.a(eh_term_handler.o)
                              d:/stm_for_vs/gcc-arm-none-eabi-10.3-2021.10/bin/../lib/gcc/arm-none-eabi/10.3.1/../../../../arm-none-eabi/lib/thumb/v7e-m+fp/hard\libstdc++_nano.a(eh_terminate.o) (__cxxabiv1::__terminate_handler)
[...]
Memory Configuration

Name             Origin             Length             Attributes
RAM              0x20000000         0x00020000         xrw
CCMRAM           0x10000000         0x00010000         xrw
FLASH            0x08000000         0x00100000         xr
*default*        0x00000000         0xffffffff

Linker script and memory map

LOAD d:/stm_for_vs/gcc-arm-none-eabi-10.3-2021.10/bin/../lib/gcc/arm-none-eabi/10.3.1/thumb/v7e-m+fp/hard/crti.o
LOAD d:/stm_for_vs/gcc-arm-none-eabi-10.3-2021.10/bin/../lib/gcc/arm-none-eabi/10.3.1/thumb/v7e-m+fp/hard/crtbegin.o
LOAD d:/stm_for_vs/gcc-arm-none-eabi-10.3-2021.10/bin/../lib/gcc/arm-none-eabi/10.3.1/../../../../arm-none-eabi/lib/thumb/v7e-m+fp/hard/crt0.o
LOAD build/gpio.o
LOAD build/freertos.o
LOAD build/can.o
LOAD build/dma.o
LOAD build/usart.o
LOAD build/stm32f4xx_it.o
LOAD build/stm32f4xx_hal_msp.o
LOAD build/stm32f4xx_hal_timebase_tim.o
LOAD build/stm32f4xx_hal_can.o
LOAD build/stm32f4xx_hal_rcc.o
LOAD build/stm32f4xx_hal_rcc_ex.o
LOAD build/stm32f4xx_hal_flash.o
LOAD build/stm32f4xx_hal_flash_ex.o
LOAD build/stm32f4xx_hal_flash_ramfunc.o
LOAD build/stm32f4xx_hal_gpio.o
LOAD build/stm32f4xx_hal_dma_ex.o
LOAD build/stm32f4xx_hal_dma.o
LOAD build/stm32f4xx_hal_pwr.o
LOAD build/stm32f4xx_hal_pwr_ex.o
LOAD build/stm32f4xx_hal_cortex.o
LOAD build/stm32f4xx_hal.o
LOAD build/stm32f4xx_hal_exti.o
LOAD build/stm32f4xx_hal_tim.o
LOAD build/stm32f4xx_hal_tim_ex.o
LOAD build/stm32f4xx_hal_uart.o
LOAD build/system_stm32f4xx.o
LOAD build/croutine.o
LOAD build/event_groups.o
LOAD build/list.o
LOAD build/queue.o
LOAD build/stream_buffer.o
LOAD build/tasks.o
LOAD build/timers.o
LOAD build/cmsis_os.o
LOAD build/heap_4.o
LOAD build/port.o
LOAD build/sysmem.o
LOAD build/syscalls.o
LOAD build/CRC.o
LOAD build/filter.o
LOAD build/kalman_filter.o
LOAD build/lqr_alg.o
LOAD build/Alg_PID.o
LOAD build/quaternion_EKF.o
LOAD build/user_maths.o
LOAD build/bsp_usart_F4.o
LOAD build/bsp_can.o
LOAD build/bsp_dwt.o
LOAD build/dr16.o
LOAD build/Motor_General_def.o
LOAD build/dji_motor.o
LOAD build/bsp_referee.o
LOAD build/real_main.o
LOAD build/chassis_ctrl.o
LOAD build/communication.o
LOAD build/safe_task.o
LOAD build/chassis_task.o
LOAD build/referee_task.o
LOAD build/startup_stm32f405xx.o
LOAD d:/stm_for_vs/gcc-arm-none-eabi-10.3-2021.10/bin/../lib/gcc/arm-none-eabi/10.3.1/../../../../arm-none-eabi/lib/thumb/v7e-m+fp/hard\libstdc++_nano.a
LOAD d:/stm_for_vs/gcc-arm-none-eabi-10.3-2021.10/bin/../lib/gcc/arm-none-eabi/10.3.1/../../../../arm-none-eabi/lib/thumb/v7e-m+fp/hard\libc_nano.a
LOAD d:/stm_for_vs/gcc-arm-none-eabi-10.3-2021.10/bin/../lib/gcc/arm-none-eabi/10.3.1/../../../../arm-none-eabi/lib/thumb/v7e-m+fp/hard\libm.a
LOAD d:/stm_for_vs/gcc-arm-none-eabi-10.3-2021.10/bin/../lib/gcc/arm-none-eabi/10.3.1/../../../../arm-none-eabi/lib/thumb/v7e-m+fp/hard\libnosys.a
LOAD Middlewares/ST/ARM/DSP/Lib/libarm_cortexM4lf_math.a
START GROUP
LOAD d:/stm_for_vs/gcc-arm-none-eabi-10.3-2021.10/bin/../lib/gcc/arm-none-eabi/10.3.1/thumb/v7e-m+fp/hard\libgcc.a
LOAD d:/stm_for_vs/gcc-arm-none-eabi-10.3-2021.10/bin/../lib/gcc/arm-none-eabi/10.3.1/../../../../arm-none-eabi/lib/thumb/v7e-m+fp/hard\libc_nano.a
END GROUP
START GROUP
LOAD d:/stm_for_vs/gcc-arm-none-eabi-10.3-2021.10/bin/../lib/gcc/arm-none-eabi/10.3.1/thumb/v7e-m+fp/hard\libgcc.a
LOAD d:/stm_for_vs/gcc-arm-none-eabi-10.3-2021.10/bin/../lib/gcc/arm-none-eabi/10.3.1/../../../../arm-none-eabi/lib/thumb/v7e-m+fp/hard\libc_nano.a
END GROUP
LOAD d:/stm_for_vs/gcc-arm-none-eabi-10.3-2021.10/bin/../lib/gcc/arm-none-eabi/10.3.1/thumb/v7e-m+fp/hard/crtend.o
LOAD d:/stm_for_vs/gcc-arm-none-eabi-10.3-2021.10/bin/../lib/gcc/arm-none-eabi/10.3.1/thumb/v7e-m+fp/hard/crtn.o
                0x20020000                _estack = (ORIGIN (RAM) + LENGTH (RAM))
                0x00005000                _Min_Heap_Size = 0x5000
                0x00005000                _Min_Stack_Size = 0x5000

.isr_vector     0x08000000      0x188
                0x08000000                . = ALIGN (0x4)
 *(.isr_vector)
 .isr_vector    0x08000000      0x188 build/startup_stm32f405xx.o
                0x08000000                g_pfnVectors
                0x08000188                . = ALIGN (0x4)

.text           0x08000190     0x88c0
                0x08000190                . = ALIGN (0x4)
 *(.text)
 .text          0x08000190       0x40 d:/stm_for_vs/gcc-arm-none-eabi-10.3-2021.10/bin/../lib/gcc/arm-none-eabi/10.3.1/thumb/v7e-m+fp/hard/crtbegin.o
 .text          0x080001d0      0x378 d:/stm_for_vs/gcc-arm-none-eabi-10.3-2021.10/bin/../lib/gcc/arm-none-eabi/10.3.1/thumb/v7e-m+fp/hard\libgcc.a(_arm_addsubdf3.o)
                0x080001d0                __aeabi_drsub
                0x080001d8                __aeabi_dsub
                0x080001d8                __subdf3
                0x080001dc                __aeabi_dadd
                0x080001dc                __adddf3
                0x08000454                __floatunsidf
                0x08000454                __aeabi_ui2d
                0x08000474                __floatsidf
                0x08000474                __aeabi_i2d
                0x08000498                __aeabi_f2d
                0x08000498                __extendsfdf2
                0x080004dc                __floatundidf
                0x080004dc                __aeabi_ul2d
                0x080004ec                __floatdidf
                0x080004ec                __aeabi_l2d
 .text          0x08000548      0x424 d:/stm_for_vs/gcc-arm-none-eabi-10.3-2021.10/bin/../lib/gcc/arm-none-eabi/10.3.1/thumb/v7e-m+fp/hard\libgcc.a(_arm_muldivdf3.o)
                0x08000548                __aeabi_dmul
                0x08000548                __muldf3
                0x0800079c                __divdf3
                0x0800079c                __aeabi_ddiv
 .text          0x0800096c      0x21c d:/stm_for_vs/gcc-arm-none-eabi-10.3-2021.10/bin/../lib/gcc/arm-none-eabi/10.3.1/thumb/v7e-m+fp/hard\libgcc.a(_arm_addsubsf3.o)
                0x0800096c                __aeabi_frsub
                0x08000974                __subsf3
                0x08000974                __aeabi_fsub
                0x08000978                __aeabi_fadd
                0x08000978                __addsf3
                0x08000ad8                __aeabi_ui2f
                0x08000ad8                __floatunsisf
                0x08000ae0                __aeabi_i2f
                0x08000ae0                __floatsisf
                0x08000afc                __aeabi_ul2f
                0x08000afc                __floatundisf
                0x08000b0c                __aeabi_l2f
                0x08000b0c                __floatdisf
 .text          0x08000b88       0x30 d:/stm_for_vs/gcc-arm-none-eabi-10.3-2021.10/bin/../lib/gcc/arm-none-eabi/10.3.1/thumb/v7e-m+fp/hard\libgcc.a(_aeabi_uldivmod.o)
                0x08000b88                __aeabi_uldivmod
 .text          0x08000bb8       0x40 d:/stm_for_vs/gcc-arm-none-eabi-10.3-2021.10/bin/../lib/gcc/arm-none-eabi/10.3.1/thumb/v7e-m+fp/hard\libgcc.a(_fixunssfdi.o)
                0x08000bb8                __fixunssfdi
                0x08000bb8                __aeabi_f2ulz
 .text          0x08000bf8      0x2d0 d:/stm_for_vs/gcc-arm-none-eabi-10.3-2021.10/bin/../lib/gcc/arm-none-eabi/10.3.1/thumb/v7e-m+fp/hard\libgcc.a(_udivmoddi4.o)
                0x08000bf8                __udivmoddi4
 .text          0x08000ec8        0x4 d:/stm_for_vs/gcc-arm-none-eabi-10.3-2021.10/bin/../lib/gcc/arm-none-eabi/10.3.1/thumb/v7e-m+fp/hard\libgcc.a(_dvmd_tls.o)
                0x08000ec8                __aeabi_idiv0
                0x08000ec8                __aeabi_ldiv0
 .text          0x08000ecc       0x40 d:/stm_for_vs/gcc-arm-none-eabi-10.3-2021.10/bin/../lib/gcc/arm-none-eabi/10.3.1/thumb/v7e-m+fp/hard\libgcc.a(_arm_fixunsdfsi.o)
                0x08000ecc                __aeabi_d2uiz
                0x08000ecc                __fixunsdfsi
 *(.text*)
 .text.MX_GPIO_Init
                0x08000f0c       0x60 build/gpio.o
                0x08000f0c                MX_GPIO_Init
 .text.StartDefaultTask
                0x08000f6c        0xa build/freertos.o
                0x08000f6c                StartDefaultTask
 *fill*         0x08000f76        0x2 
 .text.vApplicationGetIdleTaskMemory
                0x08000f78       0x18 build/freertos.o
                0x08000f78                vApplicationGetIdleTaskMemory
 .text.MX_FREERTOS_Init
                0x08000f90       0xac build/freertos.o
                0x08000f90                MX_FREERTOS_Init
 .text.MX_CAN1_Init
                0x0800103c       0x44 build/can.o
                0x0800103c                MX_CAN1_Init
 .text.MX_CAN2_Init
                0x08001080       0x44 build/can.o
                0x08001080                MX_CAN2_Init
 .text.HAL_CAN_MspInit
                0x080010c4      0x180 build/can.o
                0x080010c4                HAL_CAN_MspInit
 .text.MX_DMA_Init
                0x08001244       0x68 build/dma.o
                0x08001244                MX_DMA_Init
 .text.MX_USART6_UART_Init
                0x080012ac       0x34 build/usart.o
                0x080012ac                MX_USART6_UART_Init
 .text.HAL_UART_MspInit
                0x080012e0      0x1a8 build/usart.o
                0x080012e0                HAL_UART_MspInit
 .text.NMI_Handler
                0x08001488        0x2 build/stm32f4xx_it.o
                0x08001488                NMI_Handler
 .text.HardFault_Handler
                0x0800148a        0x2 build/stm32f4xx_it.o
                0x0800148a                HardFault_Handler
 .text.MemManage_Handler
                0x0800148c        0x2 build/stm32f4xx_it.o
                0x0800148c                MemManage_Handler
 .text.BusFault_Handler
                0x0800148e        0x2 build/stm32f4xx_it.o
                0x0800148e                BusFault_Handler
 .text.UsageFault_Handler
                0x08001490        0x2 build/stm32f4xx_it.o
                0x08001490                UsageFault_Handler
 .text.DebugMon_Handler
                0x08001492        0x2 build/stm32f4xx_it.o
                0x08001492                DebugMon_Handler
 .text.DMA1_Stream1_IRQHandler
                0x08001494       0x10 build/stm32f4xx_it.o
                0x08001494                DMA1_Stream1_IRQHandler
 .text.CAN1_TX_IRQHandler
                0x080014a4       0x10 build/stm32f4xx_it.o
                0x080014a4                CAN1_TX_IRQHandler
 .text.CAN1_RX0_IRQHandler
                0x080014b4       0x10 build/stm32f4xx_it.o
                0x080014b4                CAN1_RX0_IRQHandler
 .text.CAN1_RX1_IRQHandler
                0x080014c4       0x10 build/stm32f4xx_it.o
                0x080014c4                CAN1_RX1_IRQHandler
 .text.CAN1_SCE_IRQHandler
                0x080014d4       0x10 build/stm32f4xx_it.o
                0x080014d4                CAN1_SCE_IRQHandler
 .text.TIM1_UP_TIM10_IRQHandler
                0x080014e4       0x10 build/stm32f4xx_it.o
                0x080014e4                TIM1_UP_TIM10_IRQHandler
 .text.USART3_IRQHandler
                0x080014f4       0x10 build/stm32f4xx_it.o
                0x080014f4                USART3_IRQHandler
 .text.DMA2_Stream2_IRQHandler
                0x08001504       0x10 build/stm32f4xx_it.o
                0x08001504                DMA2_Stream2_IRQHandler
 .text.CAN2_TX_IRQHandler
                0x08001514       0x10 build/stm32f4xx_it.o
                0x08001514                CAN2_TX_IRQHandler
 .text.CAN2_RX0_IRQHandler
                0x08001524       0x10 build/stm32f4xx_it.o
                0x08001524                CAN2_RX0_IRQHandler
 .text.CAN2_RX1_IRQHandler
                0x08001534       0x10 build/stm32f4xx_it.o
                0x08001534                CAN2_RX1_IRQHandler
 .text.CAN2_SCE_IRQHandler
                0x08001544       0x10 build/stm32f4xx_it.o
                0x08001544                CAN2_SCE_IRQHandler
 .text.DMA2_Stream6_IRQHandler
                0x08001554       0x10 build/stm32f4xx_it.o
                0x08001554                DMA2_Stream6_IRQHandler
 .text.USART6_IRQHandler
                0x08001564       0x10 build/stm32f4xx_it.o
                0x08001564                USART6_IRQHandler
 .text.HAL_MspInit
                0x08001574       0x44 build/stm32f4xx_hal_msp.o
                0x08001574                HAL_MspInit
 .text.HAL_InitTick
                0x080015b8       0x98 build/stm32f4xx_hal_timebase_tim.o
                0x080015b8                HAL_InitTick
 .text.HAL_CAN_Init
                0x08001650      0x14c build/stm32f4xx_hal_can.o
                0x08001650                HAL_CAN_Init
 .text.HAL_CAN_ConfigFilter
                0x0800179c      0x138 build/stm32f4xx_hal_can.o
                0x0800179c                HAL_CAN_ConfigFilter
 .text.HAL_CAN_Start
                0x080018d4       0x5c build/stm32f4xx_hal_can.o
                0x080018d4                HAL_CAN_Start
 .text.HAL_CAN_AddTxMessage
                0x08001930       0xea build/stm32f4xx_hal_can.o
                0x08001930                HAL_CAN_AddTxMessage
 .text.HAL_CAN_GetTxMailboxesFreeLevel
                0x08001a1a       0x32 build/stm32f4xx_hal_can.o
                0x08001a1a                HAL_CAN_GetTxMailboxesFreeLevel
 .text.HAL_CAN_GetRxMessage
                0x08001a4c      0x16a build/stm32f4xx_hal_can.o
                0x08001a4c                HAL_CAN_GetRxMessage
 .text.HAL_CAN_GetRxFifoFillLevel
                0x08001bb6       0x26 build/stm32f4xx_hal_can.o
                0x08001bb6                HAL_CAN_GetRxFifoFillLevel
 .text.HAL_CAN_ActivateNotification
                0x08001bdc       0x24 build/stm32f4xx_hal_can.o
                0x08001bdc                HAL_CAN_ActivateNotification
 .text.HAL_CAN_TxMailbox0CompleteCallback
                0x08001c00        0x2 build/stm32f4xx_hal_can.o
                0x08001c00                HAL_CAN_TxMailbox0CompleteCallback
 .text.HAL_CAN_TxMailbox1CompleteCallback
                0x08001c02        0x2 build/stm32f4xx_hal_can.o
                0x08001c02                HAL_CAN_TxMailbox1CompleteCallback
 .text.HAL_CAN_TxMailbox2CompleteCallback
                0x08001c04        0x2 build/stm32f4xx_hal_can.o
                0x08001c04                HAL_CAN_TxMailbox2CompleteCallback
 .text.HAL_CAN_TxMailbox0AbortCallback
                0x08001c06        0x2 build/stm32f4xx_hal_can.o
                0x08001c06                HAL_CAN_TxMailbox0AbortCallback
 .text.HAL_CAN_TxMailbox1AbortCallback
                0x08001c08        0x2 build/stm32f4xx_hal_can.o
                0x08001c08                HAL_CAN_TxMailbox1AbortCallback
 .text.HAL_CAN_TxMailbox2AbortCallback
                0x08001c0a        0x2 build/stm32f4xx_hal_can.o
                0x08001c0a                HAL_CAN_TxMailbox2AbortCallback
 .text.HAL_CAN_RxFifo0FullCallback
                0x08001c0c        0x2 build/stm32f4xx_hal_can.o
                0x08001c0c                HAL_CAN_RxFifo0FullCallback
 .text.HAL_CAN_RxFifo1FullCallback
                0x08001c0e        0x2 build/stm32f4xx_hal_can.o
                0x08001c0e                HAL_CAN_RxFifo1FullCallback
 .text.HAL_CAN_SleepCallback
                0x08001c10        0x2 build/stm32f4xx_hal_can.o
                0x08001c10                HAL_CAN_SleepCallback
 .text.HAL_CAN_WakeUpFromRxMsgCallback
                0x08001c12        0x2 build/stm32f4xx_hal_can.o
                0x08001c12                HAL_CAN_WakeUpFromRxMsgCallback
 .text.HAL_CAN_ErrorCallback
                0x08001c14        0x2 build/stm32f4xx_hal_can.o
                0x08001c14                HAL_CAN_ErrorCallback
 .text.HAL_CAN_IRQHandler
                0x08001c16      0x24a build/stm32f4xx_hal_can.o
                0x08001c16                HAL_CAN_IRQHandler
 .text.HAL_RCC_OscConfig
                0x08001e60      0x3f8 build/stm32f4xx_hal_rcc.o
                0x08001e60                HAL_RCC_OscConfig
 .text.HAL_RCC_GetSysClockFreq
                0x08002258       0xd4 build/stm32f4xx_hal_rcc.o
                0x08002258                HAL_RCC_GetSysClockFreq
 .text.HAL_RCC_ClockConfig
                0x0800232c      0x160 build/stm32f4xx_hal_rcc.o
                0x0800232c                HAL_RCC_ClockConfig
 .text.HAL_RCC_GetHCLKFreq
                0x0800248c        0xc build/stm32f4xx_hal_rcc.o
                0x0800248c                HAL_RCC_GetHCLKFreq
 .text.HAL_RCC_GetPCLK1Freq
                0x08002498       0x20 build/stm32f4xx_hal_rcc.o
                0x08002498                HAL_RCC_GetPCLK1Freq
 .text.HAL_RCC_GetPCLK2Freq
                0x080024b8       0x20 build/stm32f4xx_hal_rcc.o
                0x080024b8                HAL_RCC_GetPCLK2Freq
 .text.HAL_RCC_GetClockConfig
                0x080024d8       0x3c build/stm32f4xx_hal_rcc.o
                0x080024d8                HAL_RCC_GetClockConfig
 .text.HAL_GPIO_Init
                0x08002514      0x1e4 build/stm32f4xx_hal_gpio.o
                0x08002514                HAL_GPIO_Init
 .text.DMA_MultiBufferSetConfig
                0x080026f8       0x24 build/stm32f4xx_hal_dma_ex.o
 .text.HAL_DMAEx_MultiBufferStart
                0x0800271c       0x5e build/stm32f4xx_hal_dma_ex.o
                0x0800271c                HAL_DMAEx_MultiBufferStart
 .text.DMA_SetConfig
                0x0800277a       0x2c build/stm32f4xx_hal_dma.o
 *fill*         0x080027a6        0x2 
 .text.DMA_CalcBaseAndBitshift
                0x080027a8       0x44 build/stm32f4xx_hal_dma.o
 .text.DMA_CheckFifoParam
                0x080027ec       0x8e build/stm32f4xx_hal_dma.o
 *fill*         0x0800287a        0x2 
 .text.HAL_DMA_Init
                0x0800287c       0xcc build/stm32f4xx_hal_dma.o
                0x0800287c                HAL_DMA_Init
 .text.HAL_DMA_Start_IT
                0x08002948       0x6a build/stm32f4xx_hal_dma.o
                0x08002948                HAL_DMA_Start_IT
 .text.HAL_DMA_Abort
                0x080029b2       0x94 build/stm32f4xx_hal_dma.o
                0x080029b2                HAL_DMA_Abort
 .text.HAL_DMA_Abort_IT
                0x08002a46       0x26 build/stm32f4xx_hal_dma.o
                0x08002a46                HAL_DMA_Abort_IT
 .text.HAL_DMA_IRQHandler
                0x08002a6c      0x1dc build/stm32f4xx_hal_dma.o
                0x08002a6c                HAL_DMA_IRQHandler
 .text.HAL_DMA_GetError
                0x08002c48        0x4 build/stm32f4xx_hal_dma.o
                0x08002c48                HAL_DMA_GetError
 .text.HAL_NVIC_SetPriorityGrouping
                0x08002c4c       0x24 build/stm32f4xx_hal_cortex.o
                0x08002c4c                HAL_NVIC_SetPriorityGrouping
 .text.HAL_NVIC_SetPriority
                0x08002c70       0x70 build/stm32f4xx_hal_cortex.o
                0x08002c70                HAL_NVIC_SetPriority
 .text.HAL_NVIC_EnableIRQ
                0x08002ce0       0x1c build/stm32f4xx_hal_cortex.o
                0x08002ce0                HAL_NVIC_EnableIRQ
 .text.HAL_Init
                0x08002cfc       0x34 build/stm32f4xx_hal.o
                0x08002cfc                HAL_Init
 .text.HAL_IncTick
                0x08002d30       0x18 build/stm32f4xx_hal.o
                0x08002d30                HAL_IncTick
 .text.HAL_GetTick
                0x08002d48        0xc build/stm32f4xx_hal.o
                0x08002d48                HAL_GetTick
 .text.HAL_TIM_Base_MspInit
                0x08002d54        0x2 build/stm32f4xx_hal_tim.o
                0x08002d54                HAL_TIM_Base_MspInit
 *fill*         0x08002d56        0x2 
 .text.HAL_TIM_Base_Start_IT
                0x08002d58       0x88 build/stm32f4xx_hal_tim.o
                0x08002d58                HAL_TIM_Base_Start_IT
 .text.HAL_TIM_OC_DelayElapsedCallback
                0x08002de0        0x2 build/stm32f4xx_hal_tim.o
                0x08002de0                HAL_TIM_OC_DelayElapsedCallback
 .text.HAL_TIM_IC_CaptureCallback
                0x08002de2        0x2 build/stm32f4xx_hal_tim.o
                0x08002de2                HAL_TIM_IC_CaptureCallback
 .text.HAL_TIM_PWM_PulseFinishedCallback
                0x08002de4        0x2 build/stm32f4xx_hal_tim.o
                0x08002de4                HAL_TIM_PWM_PulseFinishedCallback
 .text.HAL_TIM_TriggerCallback
                0x08002de6        0x2 build/stm32f4xx_hal_tim.o
                0x08002de6                HAL_TIM_TriggerCallback
 .text.HAL_TIM_IRQHandler
                0x08002de8      0x15e build/stm32f4xx_hal_tim.o
                0x08002de8                HAL_TIM_IRQHandler
 *fill*         0x08002f46        0x2 
 .text.TIM_Base_SetConfig
                0x08002f48       0xd8 build/stm32f4xx_hal_tim.o
                0x08002f48                TIM_Base_SetConfig
 .text.HAL_TIM_Base_Init
                0x08003020       0x58 build/stm32f4xx_hal_tim.o
                0x08003020                HAL_TIM_Base_Init
 .text.HAL_TIMEx_CommutCallback
                0x08003078        0x2 build/stm32f4xx_hal_tim_ex.o
                0x08003078                HAL_TIMEx_CommutCallback
 .text.HAL_TIMEx_BreakCallback
                0x0800307a        0x2 build/stm32f4xx_hal_tim_ex.o
                0x0800307a                HAL_TIMEx_BreakCallback
 .text.UART_EndTxTransfer
                0x0800307c       0x20 build/stm32f4xx_hal_uart.o
 .text.UART_EndRxTransfer
                0x0800309c       0x5c build/stm32f4xx_hal_uart.o
 .text.UART_Transmit_IT
                0x080030f8       0x60 build/stm32f4xx_hal_uart.o
 .text.UART_SetConfig
                0x08003158      0x110 build/stm32f4xx_hal_uart.o
 .text.HAL_UART_Init
                0x08003268       0x60 build/stm32f4xx_hal_uart.o
                0x08003268                HAL_UART_Init
 .text.HAL_UART_AbortReceive
                0x080032c8       0xa6 build/stm32f4xx_hal_uart.o
                0x080032c8                HAL_UART_AbortReceive
 .text.UART_EndTransmit_IT
                0x0800336e       0x1a build/stm32f4xx_hal_uart.o
 .text.UART_DMAError
                0x08003388       0x58 build/stm32f4xx_hal_uart.o
 .text.UART_DMAAbortOnError
                0x080033e0       0x10 build/stm32f4xx_hal_uart.o
 .text.UART_Receive_IT
                0x080033f0       0xe6 build/stm32f4xx_hal_uart.o
 *fill*         0x080034d6        0x2 
 .text.HAL_UART_IRQHandler
                0x080034d8      0x288 build/stm32f4xx_hal_uart.o
                0x080034d8                HAL_UART_IRQHandler
 .text.UART_DMARxHalfCplt
                0x08003760       0x1e build/stm32f4xx_hal_uart.o
 .text.UART_DMAReceiveCplt
                0x0800377e       0x9a build/stm32f4xx_hal_uart.o
 .text.UART_Start_Receive_IT
                0x08003818       0x36 build/stm32f4xx_hal_uart.o
                0x08003818                UART_Start_Receive_IT
 .text.HAL_UART_Receive_IT
                0x0800384e       0x26 build/stm32f4xx_hal_uart.o
                0x0800384e                HAL_UART_Receive_IT
 .text.HAL_UARTEx_ReceiveToIdle_IT
                0x08003874       0x66 build/stm32f4xx_hal_uart.o
                0x08003874                HAL_UARTEx_ReceiveToIdle_IT
 *fill*         0x080038da        0x2 
 .text.UART_Start_Receive_DMA
                0x080038dc       0xa4 build/stm32f4xx_hal_uart.o
                0x080038dc                UART_Start_Receive_DMA
 .text.HAL_UART_Receive_DMA
                0x08003980       0x26 build/stm32f4xx_hal_uart.o
                0x08003980                HAL_UART_Receive_DMA
 .text.HAL_UARTEx_ReceiveToIdle_DMA
                0x080039a6       0x66 build/stm32f4xx_hal_uart.o
                0x080039a6                HAL_UARTEx_ReceiveToIdle_DMA
 .text.SystemInit
                0x08003a0c       0x14 build/system_stm32f4xx.o
                0x08003a0c                SystemInit
 .text.vListInitialise
                0x08003a20       0x16 build/list.o
                0x08003a20                vListInitialise
 .text.vListInitialiseItem
                0x08003a36        0x6 build/list.o
                0x08003a36                vListInitialiseItem
 .text.vListInsertEnd
                0x08003a3c       0x16 build/list.o
                0x08003a3c                vListInsertEnd
 .text.vListInsert
                0x08003a52       0x32 build/list.o
                0x08003a52                vListInsert
 .text.uxListRemove
                0x08003a84       0x26 build/list.o
                0x08003a84                uxListRemove
 *fill*         0x08003aaa        0x2 
 .text.prvResetNextTaskUnblockTime
                0x08003aac       0x2c build/tasks.o
 .text.prvInitialiseNewTask
                0x08003ad8       0xa2 build/tasks.o
 *fill*         0x08003b7a        0x2 
 .text.prvInitialiseTaskLists
                0x08003b7c       0x68 build/tasks.o
 .text.prvAddNewTaskToReadyList
                0x08003be4       0xa8 build/tasks.o
 .text.prvDeleteTCB
                0x08003c8c       0x38 build/tasks.o
 .text.prvCheckTasksWaitingTermination
                0x08003cc4       0x4c build/tasks.o
 .text.prvIdleTask
                0x08003d10       0x28 build/tasks.o
 .text.prvAddCurrentTaskToDelayedList
                0x08003d38       0x98 build/tasks.o
 .text.xTaskCreateStatic
                0x08003dd0       0x76 build/tasks.o
                0x08003dd0                xTaskCreateStatic
 .text.xTaskCreate
                0x08003e46       0x68 build/tasks.o
                0x08003e46                xTaskCreate
 *fill*         0x08003eae        0x2 
 .text.vTaskStartScheduler
                0x08003eb0       0x74 build/tasks.o
                0x08003eb0                vTaskStartScheduler
 .text.vTaskSuspendAll
                0x08003f24       0x10 build/tasks.o
                0x08003f24                vTaskSuspendAll
 .text.xTaskIncrementTick
                0x08003f34      0x118 build/tasks.o
                0x08003f34                xTaskIncrementTick
 .text.xTaskResumeAll
                0x0800404c       0xf8 build/tasks.o
                0x0800404c                xTaskResumeAll
 .text.vTaskDelay
                0x08004144       0x4c build/tasks.o
                0x08004144                vTaskDelay
 .text.vTaskSwitchContext
                0x08004190       0x98 build/tasks.o
                0x08004190                vTaskSwitchContext
 .text.makeFreeRtosPriority
                0x08004228        0xc build/cmsis_os.o
 .text.osKernelStart
                0x08004234        0xa build/cmsis_os.o
                0x08004234                osKernelStart
 .text.osThreadCreate
                0x0800423e       0x6a build/cmsis_os.o
                0x0800423e                osThreadCreate
 .text.osDelay  0x080042a8        0xe build/cmsis_os.o
                0x080042a8                osDelay
 *fill*         0x080042b6        0x2 
 .text.prvHeapInit
                0x080042b8       0x64 build/heap_4.o
 .text.prvInsertBlockIntoFreeList
                0x0800431c       0x64 build/heap_4.o
 .text.pvPortMalloc
                0x08004380       0xfc build/heap_4.o
                0x08004380                pvPortMalloc
 .text.vPortFree
                0x0800447c       0x7c build/heap_4.o
                0x0800447c                vPortFree
 .text.prvTaskExitError
                0x080044f8       0x40 build/port.o
 .text.prvPortStartFirstTask
                0x08004538       0x28 build/port.o
 .text.vPortEnableVFP
                0x08004560       0x14 build/port.o
 .text.pxPortInitialiseStack
                0x08004574       0x2c build/port.o
                0x08004574                pxPortInitialiseStack
 .text.SVC_Handler
                0x080045a0       0x24 build/port.o
                0x080045a0                SVC_Handler
 .text.vPortEnterCritical
                0x080045c4       0x44 build/port.o
                0x080045c4                vPortEnterCritical
 .text.vPortExitCritical
                0x08004608       0x2c build/port.o
                0x08004608                vPortExitCritical
 *fill*         0x08004634        0xc 
 .text.PendSV_Handler
                0x08004640       0x64 build/port.o
                0x08004640                PendSV_Handler
 .text.SysTick_Handler
                0x080046a4       0x2c build/port.o
                0x080046a4                SysTick_Handler
 .text.vPortSetupTimerInterrupt
                0x080046d0       0x28 build/port.o
                0x080046d0                vPortSetupTimerInterrupt
 .text.xPortStartScheduler
                0x080046f8      0x118 build/port.o
                0x080046f8                xPortStartScheduler
 .text._sbrk    0x08004810       0x48 build/sysmem.o
                0x08004810                _sbrk
 .text._getpid  0x08004858        0x4 build/syscalls.o
                0x08004858                _getpid
 .text._kill    0x0800485c       0x10 build/syscalls.o
                0x0800485c                _kill
 .text._exit    0x0800486c        0xc build/syscalls.o
                0x0800486c                _exit
 .text.Get_CRC8_Check_Sum
                0x08004878       0x20 build/CRC.o
                0x08004878                Get_CRC8_Check_Sum
 .text.Get_CRC16_Check_Sum
                0x08004898       0x38 build/CRC.o
                0x08004898                Get_CRC16_Check_Sum
 .text.Verify_CRC8_Check_Sum
                0x080048d0       0x28 build/CRC.o
                0x080048d0                Verify_CRC8_Check_Sum
 .text.Verify_CRC16_Check_Sum
                0x080048f8       0x48 build/CRC.o
                0x080048f8                Verify_CRC16_Check_Sum
 .text._ZN12filter_alg_n20first_order_filter_cC2Ef
                0x08004940       0x36 build/filter.o
                0x08004940                filter_alg_n::first_order_filter_c::first_order_filter_c(float)
                0x08004940                filter_alg_n::first_order_filter_c::first_order_filter_c(float)
 .text._ZN12filter_alg_n20first_order_filter_c18first_order_filterEf
                0x08004976       0x2a build/filter.o
                0x08004976                filter_alg_n::first_order_filter_c::first_order_filter(float)
 .text._ZN12filter_alg_n20first_order_filter_c23first_order_filter_initEf
                0x080049a0       0x36 build/filter.o
                0x080049a0                filter_alg_n::first_order_filter_c::first_order_filter_init(float)
 .text._ZN12filter_alg_n20first_order_filter_c24first_order_filter_clearEv
                0x080049d6        0xa build/filter.o
                0x080049d6                filter_alg_n::first_order_filter_c::first_order_filter_clear()
 .text._ZN9lqr_alg_n9lqr_alg_c17ECF_LQR_CalculateEv
                0x080049e0       0x60 build/lqr_alg.o
                0x080049e0                lqr_alg_n::lqr_alg_c::ECF_LQR_Calculate()
 .text._ZN9lqr_alg_n9lqr_alg_cC2EhhPf
                0x08004a40       0x52 build/lqr_alg.o
                0x08004a40                lqr_alg_n::lqr_alg_c::lqr_alg_c(unsigned char, unsigned char, float*)
                0x08004a40                lqr_alg_n::lqr_alg_c::lqr_alg_c(unsigned char, unsigned char, float*)
 .text._ZN9lqr_alg_n9lqr_alg_c18ECF_LQR_Data_ClearEv
                0x08004a92       0x24 build/lqr_alg.o
                0x08004a92                lqr_alg_n::lqr_alg_c::ECF_LQR_Data_Clear()
 .text._ZN9lqr_alg_n9lqr_alg_c19ECF_LQR_Data_UpdateEPf
                0x08004ab6       0x20 build/lqr_alg.o
                0x08004ab6                lqr_alg_n::lqr_alg_c::ECF_LQR_Data_Update(float*)
 *fill*         0x08004ad6        0x2 
 .text._ZN9pid_alg_n9pid_alg_cC2Ev
                0x08004ad8       0x3c build/Alg_PID.o
                0x08004ad8                pid_alg_n::pid_alg_c::pid_alg_c()
                0x08004ad8                pid_alg_n::pid_alg_c::pid_alg_c()
 .text._ZN9pid_alg_n9pid_alg_c26ECF_PID_ChangeActValSourceEPf
                0x08004b14        0x6 build/Alg_PID.o
                0x08004b14                pid_alg_n::pid_alg_c::ECF_PID_ChangeActValSource(float*)
 .text._ZN9pid_alg_n9pid_alg_c13ECF_PID_CLEAREv
                0x08004b1a       0x36 build/Alg_PID.o
                0x08004b1a                pid_alg_n::pid_alg_c::ECF_PID_CLEAR()
 .text._ZN9pid_alg_n9pid_alg_cC2ENS_17PID_Init_Config_tE
                0x08004b50       0x9c build/Alg_PID.o
                0x08004b50                pid_alg_n::pid_alg_c::pid_alg_c(pid_alg_n::PID_Init_Config_t)
                0x08004b50                pid_alg_n::pid_alg_c::pid_alg_c(pid_alg_n::PID_Init_Config_t)
 .text._ZN9pid_alg_n9pid_alg_c8pid_initENS_17PID_Init_Config_tE
                0x08004bec       0x82 build/Alg_PID.o
                0x08004bec                pid_alg_n::pid_alg_c::pid_init(pid_alg_n::PID_Init_Config_t)
 *fill*         0x08004c6e        0x2 
 .text._ZN9pid_alg_n9pid_alg_c17ECF_PID_CalculateEf
                0x08004c70      0x2e8 build/Alg_PID.o
                0x08004c70                pid_alg_n::pid_alg_c::ECF_PID_Calculate(float)
 .text._ZN9pid_alg_n9pid_alg_c17ECF_PID_CalculateEff
                0x08004f58      0x2d4 build/Alg_PID.o
                0x08004f58                pid_alg_n::pid_alg_c::ECF_PID_Calculate(float, float)
 .text._ZN9pid_alg_n9pid_alg_c20ECF_PID_Reset_StepInEf
                0x0800522c        0x6 build/Alg_PID.o
                0x0800522c                pid_alg_n::pid_alg_c::ECF_PID_Reset_StepIn(float)
 .text._ZN9pid_alg_n9pid_alg_c23ECF_PID_GetActValSourceEv
                0x08005232        0x6 build/Alg_PID.o
                0x08005232                pid_alg_n::pid_alg_c::ECF_PID_GetActValSource()
 .text._ZN12user_maths_c19loop_fp32_constrainEfff
                0x08005238       0x48 build/user_maths.o
                0x08005238                user_maths_c::loop_fp32_constrain(float, float, float)
 .text._ZN12user_maths_c13sin_calculateEf
                0x08005280      0x180 build/user_maths.o
                0x08005280                user_maths_c::sin_calculate(float)
 .text._ZN12user_maths_c13cos_calculateEf
                0x08005400       0xec build/user_maths.o
                0x08005400                user_maths_c::cos_calculate(float)
 .text._ZN12user_maths_c18float_min_distanceEffff
                0x080054ec       0x90 build/user_maths.o
                0x080054ec                user_maths_c::float_min_distance(float, float, float, float)
 .text._ZN7USART_N7usart_cC2ERNS_12usart_init_tE
                0x0800557c       0x48 build/bsp_usart_F4.o
                0x0800557c                USART_N::usart_c::usart_c(USART_N::usart_init_t&)
                0x0800557c                USART_N::usart_c::usart_c(USART_N::usart_init_t&)
 .text._ZN7USART_N7usart_c15USART_stop_recvEv
                0x080055c4       0x22 build/bsp_usart_F4.o
                0x080055c4                USART_N::usart_c::USART_stop_recv()
 .text._ZN7USART_N7usart_c27usart_RxDMA_double_buf_initEP20__UART_HandleTypeDefPmS3_m
                0x080055e6       0x36 build/bsp_usart_F4.o
                0x080055e6                USART_N::usart_c::usart_RxDMA_double_buf_init(__UART_HandleTypeDef*, unsigned long*, unsigned long*, unsigned long)
 .text._ZN7USART_N7usart_c14USART_rx_startEv
                0x0800561c       0x96 build/bsp_usart_F4.o
                0x0800561c                USART_N::usart_c::USART_rx_start()
 *fill*         0x080056b2        0x2 
 .text._ZN7USART_N7usart_c17USART_RX_callbackEP20__UART_HandleTypeDef
                0x080056b4       0x2c build/bsp_usart_F4.o
                0x080056b4                USART_N::usart_c::USART_RX_callback(__UART_HandleTypeDef*)
 .text._ZN7USART_N7usart_c17USART_RX_callbackEP20__UART_HandleTypeDeft
                0x080056e0       0x90 build/bsp_usart_F4.o
                0x080056e0                USART_N::usart_c::USART_RX_callback(__UART_HandleTypeDef*, unsigned short)
 .text._ZN7USART_N7usart_c17USART_TX_callbackEP20__UART_HandleTypeDef
                0x08005770       0x24 build/bsp_usart_F4.o
                0x08005770                USART_N::usart_c::USART_TX_callback(__UART_HandleTypeDef*)
 .text._ZN7USART_N7usart_c20USART_ERORR_callbackEP20__UART_HandleTypeDef
                0x08005794       0x2c build/bsp_usart_F4.o
                0x08005794                USART_N::usart_c::USART_ERORR_callback(__UART_HandleTypeDef*)
 .text.HAL_UARTEx_RxEventCallback
                0x080057c0        0x8 build/bsp_usart_F4.o
                0x080057c0                HAL_UARTEx_RxEventCallback
 .text.HAL_UART_RxCpltCallback
                0x080057c8        0x8 build/bsp_usart_F4.o
                0x080057c8                HAL_UART_RxCpltCallback
 .text.HAL_UART_RxHalfCpltCallback
                0x080057d0        0x2 build/bsp_usart_F4.o
                0x080057d0                HAL_UART_RxHalfCpltCallback
 .text.HAL_UART_TxCpltCallback
                0x080057d2        0x8 build/bsp_usart_F4.o
                0x080057d2                HAL_UART_TxCpltCallback
 .text.HAL_UART_ErrorCallback
                0x080057da        0x8 build/bsp_usart_F4.o
                0x080057da                HAL_UART_ErrorCallback
 .text._ZN14BSP_CAN_Part_n13CANInstance_c10ECF_SetDLCEm
                0x080057e2        0xc build/bsp_can.o
                0x080057e2                BSP_CAN_Part_n::CANInstance_c::ECF_SetDLC(unsigned long)
 *fill*         0x080057ee        0x2 
 .text._ZL14CANServiceInitv
                0x080057f0       0x3c build/bsp_can.o
 .text._ZN14BSP_CAN_Part_n13CANInstance_c12ECF_TransmitEf
                0x0800582c       0x4a build/bsp_can.o
                0x0800582c                BSP_CAN_Part_n::CANInstance_c::ECF_Transmit(float)
 *fill*         0x08005876        0x2 
 .text._ZN14BSP_CAN_Part_n13CANInstance_cC2Emm
                0x08005878       0x1c build/bsp_can.o
                0x08005878                BSP_CAN_Part_n::CANInstance_c::CANInstance_c(unsigned long, unsigned long)
                0x08005878                BSP_CAN_Part_n::CANInstance_c::CANInstance_c(unsigned long, unsigned long)
 .text._ZN14BSP_CAN_Part_n13CANInstance_c17ECF_SetRxCallBackEPFvPS0_E
                0x08005894        0x4 build/bsp_can.o
                0x08005894                BSP_CAN_Part_n::CANInstance_c::ECF_SetRxCallBack(void (*)(BSP_CAN_Part_n::CANInstance_c*))
 .text._ZN14BSP_CAN_Part_n13CANInstance_c16ECF_GetCanhandleEv
                0x08005898        0x4 build/bsp_can.o
                0x08005898                BSP_CAN_Part_n::CANInstance_c::ECF_GetCanhandle()
 .text._ZN14BSP_CAN_Part_n13CANInstance_c13Filter_ConfigEPS0_
                0x0800589c       0x84 build/bsp_can.o
                0x0800589c                BSP_CAN_Part_n::CANInstance_c::Filter_Config(BSP_CAN_Part_n::CANInstance_c*)
 .text._ZN14BSP_CAN_Part_n13CANInstance_cC2EP17CAN_HandleTypeDefmmmPFvPS0_E
                0x08005920       0x70 build/bsp_can.o
                0x08005920                BSP_CAN_Part_n::CANInstance_c::CANInstance_c(CAN_HandleTypeDef*, unsigned long, unsigned long, unsigned long, void (*)(BSP_CAN_Part_n::CANInstance_c*))
                0x08005920                BSP_CAN_Part_n::CANInstance_c::CANInstance_c(CAN_HandleTypeDef*, unsigned long, unsigned long, unsigned long, void (*)(BSP_CAN_Part_n::CANInstance_c*))
 .text._ZN14BSP_CAN_Part_n13CANInstance_c14CAN_Motor_InitEP17CAN_HandleTypeDefm
                0x08005990       0x40 build/bsp_can.o
                0x08005990                BSP_CAN_Part_n::CANInstance_c::CAN_Motor_Init(CAN_HandleTypeDef*, unsigned long)
 .text._ZN14BSP_CAN_Part_n13CANInstance_cC2ENS_17CAN_Init_Config_sE
                0x080059d0       0x80 build/bsp_can.o
                0x080059d0                BSP_CAN_Part_n::CANInstance_c::CANInstance_c(BSP_CAN_Part_n::CAN_Init_Config_s)
                0x080059d0                BSP_CAN_Part_n::CANInstance_c::CANInstance_c(BSP_CAN_Part_n::CAN_Init_Config_s)
 .text._ZN14BSP_CAN_Part_n13CANInstance_c17ECF_FIFOxCallbackEP17CAN_HandleTypeDefm
                0x08005a50       0x84 build/bsp_can.o
                0x08005a50                BSP_CAN_Part_n::CANInstance_c::ECF_FIFOxCallback(CAN_HandleTypeDef*, unsigned long)
 .text.HAL_CAN_RxFifo0MsgPendingCallback
                0x08005ad4        0xa build/bsp_can.o
                0x08005ad4                HAL_CAN_RxFifo0MsgPendingCallback
 .text.HAL_CAN_RxFifo1MsgPendingCallback
                0x08005ade        0xa build/bsp_can.o
                0x08005ade                HAL_CAN_RxFifo1MsgPendingCallback
 .text._ZN9BSP_DWT_n9BSP_DWT_c13DWT_CntUpdateEv
                0x08005ae8       0x3c build/bsp_dwt.o
                0x08005ae8                BSP_DWT_n::BSP_DWT_c::DWT_CntUpdate()
 .text._ZN9BSP_DWT_n9BSP_DWT_cC2Em
                0x08005b24       0x5c build/bsp_dwt.o
                0x08005b24                BSP_DWT_n::BSP_DWT_c::BSP_DWT_c(unsigned long)
                0x08005b24                BSP_DWT_n::BSP_DWT_c::BSP_DWT_c(unsigned long)
 .text._ZN9BSP_DWT_n9BSP_DWT_c17ECF_DWT_GetDeltaTEPm
                0x08005b80       0x44 build/bsp_dwt.o
                0x08005b80                BSP_DWT_n::BSP_DWT_c::ECF_DWT_GetDeltaT(unsigned long*)
 .text._ZN9BSP_DWT_n9BSP_DWT_c17DWT_SystimeUpdateEv
                0x08005bc4       0xa8 build/bsp_dwt.o
                0x08005bc4                BSP_DWT_n::BSP_DWT_c::DWT_SystimeUpdate()
 .text._ZN9BSP_DWT_n9BSP_DWT_c22ECF_DWT_GetTimeline_msEv
                0x08005c6c       0x38 build/bsp_dwt.o
                0x08005c6c                BSP_DWT_n::BSP_DWT_c::ECF_DWT_GetTimeline_ms()
 .text._ZN9BSP_DWT_n9BSP_DWT_c19ECF_Get_DwtInstanceEv
                0x08005ca4       0x38 build/bsp_dwt.o
                0x08005ca4                BSP_DWT_n::BSP_DWT_c::ECF_Get_DwtInstance()
 .text._ZNSt17_Function_handlerIFvvEPS0_E9_M_invokeERKSt9_Any_data
                0x08005cdc        0x8 build/dr16.o
                0x08005cdc                std::_Function_handler<void (), void (*)()>::_M_invoke(std::_Any_data const&)
 .text._ZNSt17_Function_handlerIFvvEPS0_E10_M_managerERSt9_Any_dataRKS3_St18_Manager_operation
                0x08005ce4       0x20 build/dr16.o
                0x08005ce4                std::_Function_handler<void (), void (*)()>::_M_manager(std::_Any_data&, std::_Any_data const&, std::_Manager_operation)
 .text._ZNSt14_Function_baseD2Ev
                0x08005d04       0x12 build/dr16.o
                0x08005d04                std::_Function_base::~_Function_base()
                0x08005d04                std::_Function_base::~_Function_base()
 *fill*         0x08005d16        0x2 
 .text._ZN6DR16_n6DR16_cC2Es
                0x08005d18       0x2c build/dr16.o
                0x08005d18                DR16_n::DR16_c::DR16_c(short)
                0x08005d18                DR16_n::DR16_c::DR16_c(short)
 .text._ZN6DR16_n6DR16_c16GetDataStructPtrEv
                0x08005d44        0x4 build/dr16.o
                0x08005d44                DR16_n::DR16_c::GetDataStructPtr()
 .text._ZN6DR16_n6DR16_c11GetClassPtrEv
                0x08005d48        0xc build/dr16.o
                0x08005d48                DR16_n::DR16_c::GetClassPtr()
 .text._ZN6DR16_n10LostHandleEv
                0x08005d54       0x2c build/dr16.o
                0x08005d54                DR16_n::LostHandle()
 .text._ZN6DR16_n6DR16_c15LostTimeSetZeroEv
                0x08005d80        0x6 build/dr16.o
                0x08005d80                DR16_n::DR16_c::LostTimeSetZero()
 .text._ZN6DR16_n6DR16_c17rc_deadline_limitEPs
                0x08005d86       0x18 build/dr16.o
                0x08005d86                DR16_n::DR16_c::rc_deadline_limit(short*)
 .text._ZN6DR16_n6DR16_c10DataHandleEPVKh
                0x08005d9e      0x116 build/dr16.o
                0x08005d9e                DR16_n::DR16_c::DataHandle(unsigned char const volatile*)
 .text.DR16_Online
                0x08005eb4       0x10 build/dr16.o
                0x08005eb4                DR16_Online
 .text._ZN6DR16_n8callbackEPht
                0x08005ec4       0x24 build/dr16.o
                0x08005ec4                DR16_n::callback(unsigned char*, unsigned short)
 .text._ZNSt8functionIFvvEEC2IPS0_vvEET_
                0x08005ee8       0x1c build/dr16.o
                0x08005ee8                std::function<void ()>::function<void (*)(), void, void>(void (*)())
                0x08005ee8                std::function<void ()>::function<void (*)(), void, void>(void (*)())
 .text._Z41__static_initialization_and_destruction_0ii
                0x08005f04       0x70 build/dr16.o
 .text._GLOBAL__sub_I__ZN6DR16_n14double_buffer_E
                0x08005f74        0xe build/dr16.o
 .text._ZN19Motor_General_Def_n18Motor_Controller_c12RefValChangeEf
                0x08005f82        0x6 build/Motor_General_def.o
                0x08005f82                Motor_General_Def_n::Motor_Controller_c::RefValChange(float)
 .text._ZN19Motor_General_Def_n18Motor_Controller_c9GetRefValEv
                0x08005f88        0x6 build/Motor_General_def.o
                0x08005f88                Motor_General_Def_n::Motor_Controller_c::GetRefVal()
 *fill*         0x08005f8e        0x2 
 .text._ZNSt8functionIFvvEEC2IZN11DJI_Motor_n18DJI_Motor_InstanceC4EN19Motor_General_Def_n19Motor_Init_Config_sEEUlvE_vvEET_
                0x08005f90       0x18 build/dji_motor.o
 .text._ZNSt17_Function_handlerIFvvEZN11DJI_Motor_n18DJI_Motor_InstanceC4EN19Motor_General_Def_n19Motor_Init_Config_sEEUlvE_E10_M_managerERSt9_Any_dataRKS7_St18_Manager_operation
                0x08005fa8       0x20 build/dji_motor.o
 .text._Z41__static_initialization_and_destruction_0ii
                0x08005fc8       0x78 build/dji_motor.o
 .text._ZN11DJI_Motor_n18DJI_Motor_Instance14DJIMotorSetRefEf
                0x08006040       0x44 build/dji_motor.o
                0x08006040                DJI_Motor_n::DJI_Motor_Instance::DJIMotorSetRef(float)
 .text._ZN11DJI_Motor_n18DJI_Motor_Instance19MotorSenderGroupingEv
                0x08006084      0x148 build/dji_motor.o
                0x08006084                DJI_Motor_n::DJI_Motor_Instance::MotorSenderGrouping()
 .text._ZN11DJI_Motor_n18DJI_Motor_Instance14DJIMotorEnableEv
                0x080061cc        0x8 build/dji_motor.o
                0x080061cc                DJI_Motor_n::DJI_Motor_Instance::DJIMotorEnable()
 .text._ZN11DJI_Motor_n18DJI_Motor_Instance12DJIMotorStopEv
                0x080061d4        0x8 build/dji_motor.o
                0x080061d4                DJI_Motor_n::DJI_Motor_Instance::DJIMotorStop()
 .text._ZN11DJI_Motor_n18DJI_Motor_Instance19DJIMotorOnlyRecevieEv
                0x080061dc        0x8 build/dji_motor.o
                0x080061dc                DJI_Motor_n::DJI_Motor_Instance::DJIMotorOnlyRecevie()
 .text._ZN11DJI_Motor_n18DJI_Motor_Instance18Update_DJIMotor_dtEf
                0x080061e4        0x6 build/dji_motor.o
                0x080061e4                DJI_Motor_n::DJI_Motor_Instance::Update_DJIMotor_dt(float)
 *fill*         0x080061ea        0x2 
 .text._ZN11DJI_Motor_n15DJIMotorControlEv
                0x080061ec      0x1dc build/dji_motor.o
                0x080061ec                DJI_Motor_n::DJIMotorControl()
 .text._ZN11DJI_Motor_n17DJIMotorMeasure_c12MeasureClearEv
                0x080063c8        0xc build/dji_motor.o
                0x080063c8                DJI_Motor_n::DJIMotorMeasure_c::MeasureClear()
 .text._ZN11DJI_Motor_n18DJI_Motor_InstanceC2EN19Motor_General_Def_n19Motor_Init_Config_sE
                0x080063d4      0x254 build/dji_motor.o
                0x080063d4                DJI_Motor_n::DJI_Motor_Instance::DJI_Motor_Instance(Motor_General_Def_n::Motor_Init_Config_s)
                0x080063d4                DJI_Motor_n::DJI_Motor_Instance::DJI_Motor_Instance(Motor_General_Def_n::Motor_Init_Config_s)
 .text._ZN11DJI_Motor_n18DJI_Motor_Instance14DJI_DisconnectEv
                0x08006628        0xc build/dji_motor.o
                0x08006628                DJI_Motor_n::DJI_Motor_Instance::DJI_Disconnect()
 .text._ZNSt17_Function_handlerIFvvEZN11DJI_Motor_n18DJI_Motor_InstanceC4EN19Motor_General_Def_n19Motor_Init_Config_sEEUlvE_E9_M_invokeERKSt9_Any_data
                0x08006634        0xa build/dji_motor.o
 .text._ZN11DJI_Motor_n18DJI_Motor_Instance15Get_Lost_StatusEv
                0x0800663e        0x4 build/dji_motor.o
                0x0800663e                DJI_Motor_n::DJI_Motor_Instance::Get_Lost_Status()
 .text._ZN11DJI_Motor_n18DJI_Motor_Instance10DJI_OnlineEv
                0x08006642       0x10 build/dji_motor.o
                0x08006642                DJI_Motor_n::DJI_Motor_Instance::DJI_Online()
 .text._Z20angle_limiting_int16ss
                0x08006652       0x1e build/dji_motor.o
                0x08006652                angle_limiting_int16(short, short)
 .text._ZL14DecodeDJIMotorPN14BSP_CAN_Part_n13CANInstance_cE
                0x08006670      0x228 build/dji_motor.o
 .text._GLOBAL__sub_I_dji_maths
                0x08006898        0xe build/dji_motor.o
 .text._Z7tx_callv
                0x080068a6        0x2 build/bsp_referee.o
                0x080068a6                tx_call()
 .text._ZL11GAME_STATUSP9REFEREE_th
                0x080068a8       0x64 build/bsp_referee.o
 .text._ZL8ROBOT_HPP9REFEREE_th
                0x0800690c       0x9a build/bsp_referee.o
 .text._ZL12ROBOT_STATUSP9REFEREE_th
                0x080069a6       0x6a build/bsp_referee.o
 .text._ZL10POWER_HEATP9REFEREE_th
                0x08006a10       0x70 build/bsp_referee.o
 .text._ZL9HURT_DATAP9REFEREE_th
                0x08006a80       0x3e build/bsp_referee.o
 .text._ZL10SHOOT_DATAP9REFEREE_th
                0x08006abe       0x54 build/bsp_referee.o
 .text._ZL11BULLET_DATAP9REFEREE_th
                0x08006b12       0x52 build/bsp_referee.o
 .text._ZL11CLIENT_DATAP9REFEREE_th
                0x08006b64       0x62 build/bsp_referee.o
 *fill*         0x08006bc6        0x2 
 .text._Z19Get_referee_Addressv
                0x08006bc8        0x8 build/bsp_referee.o
                0x08006bc8                Get_referee_Address()
 .text._Z21ECF_referee_uart_initv
                0x08006bd0       0x3c build/bsp_referee.o
                0x08006bd0                ECF_referee_uart_init()
 .text._Z15RefereeDataDealP9REFEREE_t
                0x08006c0c      0x114 build/bsp_referee.o
                0x08006c0c                RefereeDataDeal(REFEREE_t*)
 .text._Z7rx_callPht
                0x08006d20       0x20 build/bsp_referee.o
                0x08006d20                rx_call(unsigned char*, unsigned short)
 .text.HAL_TIM_PeriodElapsedCallback
                0x08006d40       0x18 build/real_main.o
                0x08006d40                HAL_TIM_PeriodElapsedCallback
 .text.Error_Handler
                0x08006d58        0x4 build/real_main.o
                0x08006d58                Error_Handler
 .text.SystemClock_Config
                0x08006d5c       0xa8 build/real_main.o
                0x08006d5c                SystemClock_Config
 .text.main     0x08006e04       0x28 build/real_main.o
                0x08006e04                main
 .text._ZN14chassis_ctrl_n14chassis_ctrl_cC2Ev
                0x08006e2c       0x5c build/chassis_ctrl.o
                0x08006e2c                chassis_ctrl_n::chassis_ctrl_c::chassis_ctrl_c()
                0x08006e2c                chassis_ctrl_n::chassis_ctrl_c::chassis_ctrl_c()
 .text._Z41__static_initialization_and_destruction_0ii
                0x08006e88       0x28 build/chassis_ctrl.o
 .text._ZN14chassis_ctrl_n14chassis_ctrl_c12Chassis_InitEv
                0x08006eb0      0x638 build/chassis_ctrl.o
                0x08006eb0                chassis_ctrl_n::chassis_ctrl_c::Chassis_Init()
 .text._ZN14chassis_ctrl_n14chassis_ctrl_c16chassis_mode_setEv
                0x080074e8      0x1f4 build/chassis_ctrl.o
                0x080074e8                chassis_ctrl_n::chassis_ctrl_c::chassis_mode_set()
 .text._ZN14chassis_ctrl_n14chassis_ctrl_c21chassis_zeroForce_setEv
                0x080076dc        0xc build/chassis_ctrl.o
                0x080076dc                chassis_ctrl_n::chassis_ctrl_c::chassis_zeroForce_set()
 .text._ZN14chassis_ctrl_n14chassis_ctrl_c20gimbalToChassisCoordEv
                0x080076e8      0x2b8 build/chassis_ctrl.o
                0x080076e8                chassis_ctrl_n::chassis_ctrl_c::gimbalToChassisCoord()
 .text._ZN14chassis_ctrl_n14chassis_ctrl_c19Chassis_SetBehaviorEv
                0x080079a0      0x21c build/chassis_ctrl.o
                0x080079a0                chassis_ctrl_n::chassis_ctrl_c::Chassis_SetBehavior()
 .text._ZN14chassis_ctrl_n14chassis_ctrl_c31chassis_motion_speed_distortionEfff
                0x08007bbc       0x38 build/chassis_ctrl.o
                0x08007bbc                chassis_ctrl_n::chassis_ctrl_c::chassis_motion_speed_distortion(float, float, float)
 .text._ZN14chassis_ctrl_n14chassis_ctrl_c27chassis_speed_pid_calculateEv
                0x08007bf4       0xdc build/chassis_ctrl.o
                0x08007bf4                chassis_ctrl_n::chassis_ctrl_c::chassis_speed_pid_calculate()
 .text._ZN14chassis_ctrl_n14chassis_ctrl_c28chassis_motion_decompositionEv
                0x08007cd0      0x384 build/chassis_ctrl.o
                0x08007cd0                chassis_ctrl_n::chassis_ctrl_c::chassis_motion_decomposition()
 .text._ZN14chassis_ctrl_n14chassis_ctrl_c25motor_speed_pid_calculateEv
                0x08008054      0x1a4 build/chassis_ctrl.o
                0x08008054                chassis_ctrl_n::chassis_ctrl_c::motor_speed_pid_calculate()
 .text._ZN14chassis_ctrl_n14chassis_ctrl_c11Chassis_ActEv
                0x080081f8       0x3e build/chassis_ctrl.o
                0x080081f8                chassis_ctrl_n::chassis_ctrl_c::Chassis_Act()
 *fill*         0x08008236        0x2 
 .text._ZN14chassis_ctrl_n14chassis_ctrl_c22Set_Chassis_navigationERNS_23navigation_control_dataE
                0x08008238       0x28 build/chassis_ctrl.o
                0x08008238                chassis_ctrl_n::chassis_ctrl_c::Set_Chassis_navigation(chassis_ctrl_n::navigation_control_data&)
 .text._ZN14chassis_ctrl_n14chassis_ctrl_c17Chassis_Ctrl_LoopEv
                0x08008260       0x16 build/chassis_ctrl.o
                0x08008260                chassis_ctrl_n::chassis_ctrl_c::Chassis_Ctrl_Loop()
 *fill*         0x08008276        0x2 
 .text._ZN14chassis_ctrl_n14chassis_ctrl_c20Get_Chassis_InstanceEv
                0x08008278        0xc build/chassis_ctrl.o
                0x08008278                chassis_ctrl_n::chassis_ctrl_c::Get_Chassis_Instance()
 .text._GLOBAL__sub_I_math_
                0x08008284        0xe build/chassis_ctrl.o
 .text._ZN11Safe_task_c23Calc_Disconnection_timeEv
                0x08008292       0x46 build/safe_task.o
                0x08008292                Safe_task_c::Calc_Disconnection_time()
 .text._ZNKSt8functionIFvvEEclEv
                0x080082d8       0x10 build/safe_task.o
                0x080082d8                std::function<void ()>::operator()() const
 .text._ZN11Safe_task_c23Doing_DisconnetCallBackEv
                0x080082e8       0x22 build/safe_task.o
                0x080082e8                Safe_task_c::Doing_DisconnetCallBack()
 *fill*         0x0800830a        0x2 
 .text.Safe_Task
                0x0800830c       0x28 build/safe_task.o
                0x0800830c                Safe_Task
 .text._ZN11Safe_task_c6OnlineEv
                0x08008334       0x3e build/safe_task.o
                0x08008334                Safe_task_c::Online()
 .text._ZNSt8functionIFvvEEC2ERKS1_
                0x08008372       0x1e build/safe_task.o
                0x08008372                std::function<void ()>::function(std::function<void ()> const&)
                0x08008372                std::function<void ()>::function(std::function<void ()> const&)
 .text._ZN11Safe_task_cC2EPKcySt8functionIFvvEES4_
                0x08008390      0x10c build/safe_task.o
                0x08008390                Safe_task_c::Safe_task_c(char const*, unsigned long long, std::function<void ()>, std::function<void ()>)
                0x08008390                Safe_task_c::Safe_task_c(char const*, unsigned long long, std::function<void ()>, std::function<void ()>)
 .text._Z16DecodeGimbalDataPN14BSP_CAN_Part_n13CANInstance_cE
                0x0800849c       0xe8 build/chassis_task.o
                0x0800849c                DecodeGimbalData(BSP_CAN_Part_n::CANInstance_c*)
 .text._Z41__static_initialization_and_destruction_0ii
                0x08008584       0x34 build/chassis_task.o
 .text._Z15SendChassisDataPN14BSP_CAN_Part_n13CANInstance_cEPKN14chassis_ctrl_n14chassis_ctrl_cE
                0x080085b8       0x84 build/chassis_task.o
                0x080085b8                SendChassisData(BSP_CAN_Part_n::CANInstance_c*, chassis_ctrl_n::chassis_ctrl_c const*)
 .text.Chassis_Task
                0x0800863c       0x74 build/chassis_task.o
                0x0800863c                Chassis_Task
 .text._GLOBAL__sub_I_chassis_dwt
                0x080086b0        0xe build/chassis_task.o
 .text.Referee_Task
                0x080086be        0xa build/referee_task.o
                0x080086be                Referee_Task
 .text.Reset_Handler
                0x080086c8       0x50 build/startup_stm32f405xx.o
                0x080086c8                Reset_Handler
 .text.Default_Handler
                0x08008718        0x2 build/startup_stm32f405xx.o
                0x08008718                RTC_Alarm_IRQHandler
                0x08008718                HASH_RNG_IRQHandler
                0x08008718                EXTI2_IRQHandler
                0x08008718                TIM8_CC_IRQHandler
                0x08008718                TIM1_CC_IRQHandler
                0x08008718                DMA2_Stream5_IRQHandler
                0x08008718                DMA1_Stream5_IRQHandler
                0x08008718                PVD_IRQHandler
                0x08008718                SDIO_IRQHandler
                0x08008718                TAMP_STAMP_IRQHandler
                0x08008718                EXTI3_IRQHandler
                0x08008718                TIM8_TRG_COM_TIM14_IRQHandler
                0x08008718                TIM8_UP_TIM13_IRQHandler
                0x08008718                I2C3_ER_IRQHandler
                0x08008718                EXTI0_IRQHandler
                0x08008718                I2C2_EV_IRQHandler
                0x08008718                DMA1_Stream2_IRQHandler
                0x08008718                FPU_IRQHandler
                0x08008718                OTG_HS_WKUP_IRQHandler
                0x08008718                SPI1_IRQHandler
                0x08008718                TIM6_DAC_IRQHandler
                0x08008718                TIM1_BRK_TIM9_IRQHandler
                0x08008718                DMA2_Stream3_IRQHandler
                0x08008718                UART5_IRQHandler
                0x08008718                DMA2_Stream0_IRQHandler
                0x08008718                TIM4_IRQHandler
                0x08008718                I2C1_EV_IRQHandler
                0x08008718                DMA1_Stream6_IRQHandler
                0x08008718                UART4_IRQHandler
                0x08008718                TIM3_IRQHandler
                0x08008718                RCC_IRQHandler
                0x08008718                TIM8_BRK_TIM12_IRQHandler
                0x08008718                Default_Handler
                0x08008718                EXTI15_10_IRQHandler
                0x08008718                ADC_IRQHandler
                0x08008718                DMA1_Stream7_IRQHandler
                0x08008718                TIM7_IRQHandler
                0x08008718                TIM5_IRQHandler
                0x08008718                DMA2_Stream7_IRQHandler
                0x08008718                I2C3_EV_IRQHandler
                0x08008718                EXTI9_5_IRQHandler
                0x08008718                RTC_WKUP_IRQHandler
                0x08008718                SPI2_IRQHandler
                0x08008718                OTG_HS_EP1_IN_IRQHandler
                0x08008718                DMA1_Stream0_IRQHandler
                0x08008718                EXTI4_IRQHandler
                0x08008718                FSMC_IRQHandler
                0x08008718                OTG_HS_EP1_OUT_IRQHandler
                0x08008718                WWDG_IRQHandler
                0x08008718                TIM2_IRQHandler
                0x08008718                OTG_FS_WKUP_IRQHandler
                0x08008718                TIM1_TRG_COM_TIM11_IRQHandler
                0x08008718                OTG_HS_IRQHandler
                0x08008718                EXTI1_IRQHandler
                0x08008718                USART2_IRQHandler
                0x08008718                I2C2_ER_IRQHandler
                0x08008718                DMA2_Stream1_IRQHandler
                0x08008718                FLASH_IRQHandler
                0x08008718                DMA2_Stream4_IRQHandler
                0x08008718                USART1_IRQHandler
                0x08008718                OTG_FS_IRQHandler
                0x08008718                SPI3_IRQHandler
                0x08008718                DMA1_Stream4_IRQHandler
                0x08008718                I2C1_ER_IRQHandler
                0x08008718                DMA1_Stream3_IRQHandler
 .text.__cxa_guard_acquire
                0x0800871a       0x18 d:/stm_for_vs/gcc-arm-none-eabi-10.3-2021.10/bin/../lib/gcc/arm-none-eabi/10.3.1/../../../../arm-none-eabi/lib/thumb/v7e-m+fp/hard\libstdc++_nano.a(guard.o)
                0x0800871a                __cxa_guard_acquire
 .text.__cxa_guard_release
                0x08008732        0x6 d:/stm_for_vs/gcc-arm-none-eabi-10.3-2021.10/bin/../lib/gcc/arm-none-eabi/10.3.1/../../../../arm-none-eabi/lib/thumb/v7e-m+fp/hard\libstdc++_nano.a(guard.o)
                0x08008732                __cxa_guard_release
 .text._Znwj    0x08008738       0x22 d:/stm_for_vs/gcc-arm-none-eabi-10.3-2021.10/bin/../lib/gcc/arm-none-eabi/10.3.1/../../../../arm-none-eabi/lib/thumb/v7e-m+fp/hard\libstdc++_nano.a(new_op.o)
                0x08008738                operator new(unsigned int)
 .text.__cxa_pure_virtual
                0x0800875a        0x6 d:/stm_for_vs/gcc-arm-none-eabi-10.3-2021.10/bin/../lib/gcc/arm-none-eabi/10.3.1/../../../../arm-none-eabi/lib/thumb/v7e-m+fp/hard\libstdc++_nano.a(pure.o)
                0x0800875a                __cxa_pure_virtual
 .text.unlikely._ZSt25__throw_bad_function_callv
                0x08008760        0x6 d:/stm_for_vs/gcc-arm-none-eabi-10.3-2021.10/bin/../lib/gcc/arm-none-eabi/10.3.1/../../../../arm-none-eabi/lib/thumb/v7e-m+fp/hard\libstdc++_nano.a(functional.o)
                0x08008760                std::__throw_bad_function_call()
 .text._ZN10__cxxabiv111__terminateEPFvvE
                0x08008766        0x8 d:/stm_for_vs/gcc-arm-none-eabi-10.3-2021.10/bin/../lib/gcc/arm-none-eabi/10.3.1/../../../../arm-none-eabi/lib/thumb/v7e-m+fp/hard\libstdc++_nano.a(eh_terminate.o)
                0x08008766                __cxxabiv1::__terminate(void (*)())
 *fill*         0x0800876e        0x2 
 .text._ZSt13get_terminatev
                0x08008770       0x10 d:/stm_for_vs/gcc-arm-none-eabi-10.3-2021.10/bin/../lib/gcc/arm-none-eabi/10.3.1/../../../../arm-none-eabi/lib/thumb/v7e-m+fp/hard\libstdc++_nano.a(eh_terminate.o)
                0x08008770                std::get_terminate()
 .text._ZSt9terminatev
                0x08008780        0xa d:/stm_for_vs/gcc-arm-none-eabi-10.3-2021.10/bin/../lib/gcc/arm-none-eabi/10.3.1/../../../../arm-none-eabi/lib/thumb/v7e-m+fp/hard\libstdc++_nano.a(eh_terminate.o)
                0x08008780                std::terminate()
 *fill*         0x0800878a        0x2 
 .text._ZSt15get_new_handlerv
                0x0800878c       0x10 d:/stm_for_vs/gcc-arm-none-eabi-10.3-2021.10/bin/../lib/gcc/arm-none-eabi/10.3.1/../../../../arm-none-eabi/lib/thumb/v7e-m+fp/hard\libstdc++_nano.a(new_handler.o)
                0x0800878c                std::get_new_handler()
 .text.abort    0x0800879c        0xe d:/stm_for_vs/gcc-arm-none-eabi-10.3-2021.10/bin/../lib/gcc/arm-none-eabi/10.3.1/../../../../arm-none-eabi/lib/thumb/v7e-m+fp/hard\libc_nano.a(lib_a-abort.o)
                0x0800879c                abort
 *fill*         0x080087aa        0x2 
 .text.__errno  0x080087ac        0xc d:/stm_for_vs/gcc-arm-none-eabi-10.3-2021.10/bin/../lib/gcc/arm-none-eabi/10.3.1/../../../../arm-none-eabi/lib/thumb/v7e-m+fp/hard\libc_nano.a(lib_a-errno.o)
                0x080087ac                __errno
 .text.__libc_init_array
                0x080087b8       0x48 d:/stm_for_vs/gcc-arm-none-eabi-10.3-2021.10/bin/../lib/gcc/arm-none-eabi/10.3.1/../../../../arm-none-eabi/lib/thumb/v7e-m+fp/hard\libc_nano.a(lib_a-init.o)
                0x080087b8                __libc_init_array
 .text.malloc   0x08008800       0x10 d:/stm_for_vs/gcc-arm-none-eabi-10.3-2021.10/bin/../lib/gcc/arm-none-eabi/10.3.1/../../../../arm-none-eabi/lib/thumb/v7e-m+fp/hard\libc_nano.a(lib_a-malloc.o)
                0x08008800                malloc
 .text.memcpy   0x08008810       0x1c d:/stm_for_vs/gcc-arm-none-eabi-10.3-2021.10/bin/../lib/gcc/arm-none-eabi/10.3.1/../../../../arm-none-eabi/lib/thumb/v7e-m+fp/hard\libc_nano.a(lib_a-memcpy-stub.o)
                0x08008810                memcpy
 .text.memset   0x0800882c       0x10 d:/stm_for_vs/gcc-arm-none-eabi-10.3-2021.10/bin/../lib/gcc/arm-none-eabi/10.3.1/../../../../arm-none-eabi/lib/thumb/v7e-m+fp/hard\libc_nano.a(lib_a-memset.o)
                0x0800882c                memset
 .text.sbrk_aligned
                0x0800883c       0x40 d:/stm_for_vs/gcc-arm-none-eabi-10.3-2021.10/bin/../lib/gcc/arm-none-eabi/10.3.1/../../../../arm-none-eabi/lib/thumb/v7e-m+fp/hard\libc_nano.a(lib_a-nano-mallocr.o)
 .text._malloc_r
                0x0800887c       0xe8 d:/stm_for_vs/gcc-arm-none-eabi-10.3-2021.10/bin/../lib/gcc/arm-none-eabi/10.3.1/../../../../arm-none-eabi/lib/thumb/v7e-m+fp/hard\libc_nano.a(lib_a-nano-mallocr.o)
                0x0800887c                _malloc_r
 .text._sbrk_r  0x08008964       0x20 d:/stm_for_vs/gcc-arm-none-eabi-10.3-2021.10/bin/../lib/gcc/arm-none-eabi/10.3.1/../../../../arm-none-eabi/lib/thumb/v7e-m+fp/hard\libc_nano.a(lib_a-sbrkr.o)
                0x08008964                _sbrk_r
 .text._raise_r
                0x08008984       0x50 d:/stm_for_vs/gcc-arm-none-eabi-10.3-2021.10/bin/../lib/gcc/arm-none-eabi/10.3.1/../../../../arm-none-eabi/lib/thumb/v7e-m+fp/hard\libc_nano.a(lib_a-signal.o)
                0x08008984                _raise_r
 .text.raise    0x080089d4       0x10 d:/stm_for_vs/gcc-arm-none-eabi-10.3-2021.10/bin/../lib/gcc/arm-none-eabi/10.3.1/../../../../arm-none-eabi/lib/thumb/v7e-m+fp/hard\libc_nano.a(lib_a-signal.o)
                0x080089d4                raise
 .text._kill_r  0x080089e4       0x24 d:/stm_for_vs/gcc-arm-none-eabi-10.3-2021.10/bin/../lib/gcc/arm-none-eabi/10.3.1/../../../../arm-none-eabi/lib/thumb/v7e-m+fp/hard\libc_nano.a(lib_a-signalr.o)
                0x080089e4                _kill_r
 .text._getpid_r
                0x08008a08        0x4 d:/stm_for_vs/gcc-arm-none-eabi-10.3-2021.10/bin/../lib/gcc/arm-none-eabi/10.3.1/../../../../arm-none-eabi/lib/thumb/v7e-m+fp/hard\libc_nano.a(lib_a-signalr.o)
                0x08008a08                _getpid_r
 .text.strcpy   0x08008a0c       0x10 d:/stm_for_vs/gcc-arm-none-eabi-10.3-2021.10/bin/../lib/gcc/arm-none-eabi/10.3.1/../../../../arm-none-eabi/lib/thumb/v7e-m+fp/hard\libc_nano.a(lib_a-strcpy.o)
                0x08008a0c                strcpy
 .text.__malloc_lock
                0x08008a1c        0xc d:/stm_for_vs/gcc-arm-none-eabi-10.3-2021.10/bin/../lib/gcc/arm-none-eabi/10.3.1/../../../../arm-none-eabi/lib/thumb/v7e-m+fp/hard\libc_nano.a(lib_a-mlock.o)
                0x08008a1c                __malloc_lock
 .text.__malloc_unlock
                0x08008a28        0xc d:/stm_for_vs/gcc-arm-none-eabi-10.3-2021.10/bin/../lib/gcc/arm-none-eabi/10.3.1/../../../../arm-none-eabi/lib/thumb/v7e-m+fp/hard\libc_nano.a(lib_a-mlock.o)
                0x08008a28                __malloc_unlock
 .text.__retarget_lock_acquire_recursive
                0x08008a34        0x2 d:/stm_for_vs/gcc-arm-none-eabi-10.3-2021.10/bin/../lib/gcc/arm-none-eabi/10.3.1/../../../../arm-none-eabi/lib/thumb/v7e-m+fp/hard\libc_nano.a(lib_a-lock.o)
                0x08008a34                __retarget_lock_acquire_recursive
 .text.__retarget_lock_release_recursive
                0x08008a36        0x2 d:/stm_for_vs/gcc-arm-none-eabi-10.3-2021.10/bin/../lib/gcc/arm-none-eabi/10.3.1/../../../../arm-none-eabi/lib/thumb/v7e-m+fp/hard\libc_nano.a(lib_a-lock.o)
                0x08008a36                __retarget_lock_release_recursive
 *(.glue_7)
 .glue_7        0x08008a38        0x0 linker stubs
 *(.glue_7t)
 .glue_7t       0x08008a38        0x0 linker stubs
 *(.eh_frame)
 .eh_frame      0x08008a38        0x0 d:/stm_for_vs/gcc-arm-none-eabi-10.3-2021.10/bin/../lib/gcc/arm-none-eabi/10.3.1/thumb/v7e-m+fp/hard/crtbegin.o
 *(.init)
 .init          0x08008a38        0x4 d:/stm_for_vs/gcc-arm-none-eabi-10.3-2021.10/bin/../lib/gcc/arm-none-eabi/10.3.1/thumb/v7e-m+fp/hard/crti.o
                0x08008a38                _init
 .init          0x08008a3c        0x8 d:/stm_for_vs/gcc-arm-none-eabi-10.3-2021.10/bin/../lib/gcc/arm-none-eabi/10.3.1/thumb/v7e-m+fp/hard/crtn.o
 *(.fini)
 .fini          0x08008a44        0x4 d:/stm_for_vs/gcc-arm-none-eabi-10.3-2021.10/bin/../lib/gcc/arm-none-eabi/10.3.1/thumb/v7e-m+fp/hard/crti.o
                0x08008a44                _fini
 .fini          0x08008a48        0x8 d:/stm_for_vs/gcc-arm-none-eabi-10.3-2021.10/bin/../lib/gcc/arm-none-eabi/10.3.1/thumb/v7e-m+fp/hard/crtn.o
                0x08008a50                . = ALIGN (0x4)
                0x08008a50                _etext = .

.vfp11_veneer   0x08008a50        0x0
 .vfp11_veneer  0x08008a50        0x0 linker stubs

.v4_bx          0x08008a50        0x0
 .v4_bx         0x08008a50        0x0 linker stubs

.iplt           0x08008a50        0x0
 .iplt          0x08008a50        0x0 d:/stm_for_vs/gcc-arm-none-eabi-10.3-2021.10/bin/../lib/gcc/arm-none-eabi/10.3.1/thumb/v7e-m+fp/hard/crtbegin.o

.rodata         0x08008a50     0x13ec
                0x08008a50                . = ALIGN (0x4)
 *(.rodata)
 .rodata        0x08008a50       0x70 build/freertos.o
 .rodata        0x08008ac0       0x1c build/bsp_referee.o
 .rodata        0x08008adc      0x1bc build/chassis_ctrl.o
 *(.rodata*)
 .rodata.str1.4
                0x08008c98       0x31 build/freertos.o
 *fill*         0x08008cc9        0x3 
 .rodata.flagBitshiftOffset.0
                0x08008ccc        0x8 build/stm32f4xx_hal_dma.o
 .rodata.AHBPrescTable
                0x08008cd4       0x10 build/system_stm32f4xx.o
                0x08008cd4                AHBPrescTable
 .rodata.APBPrescTable
                0x08008ce4        0x8 build/system_stm32f4xx.o
                0x08008ce4                APBPrescTable
 .rodata.vTaskStartScheduler.str1.4
                0x08008cec        0x5 build/tasks.o
 *fill*         0x08008cf1        0x3 
 .rodata.CRC8_TAB
                0x08008cf4      0x100 build/CRC.o
                0x08008cf4                CRC8_TAB
 .rodata.wCRC_Table
                0x08008df4      0x200 build/CRC.o
                0x08008df4                wCRC_Table
 .rodata._ZL23Trigonometric_Functions
                0x08008ff4      0xe14 build/user_maths.o
 .rodata._ZTVN14BSP_CAN_Part_n16CAN_Main_Class_cE
                0x08009e08       0x10 build/bsp_can.o
                0x08009e08                vtable for BSP_CAN_Part_n::CAN_Main_Class_c
 .rodata._ZTVN14BSP_CAN_Part_n13CANInstance_cE
                0x08009e18       0x10 build/bsp_can.o
                0x08009e18                vtable for BSP_CAN_Part_n::CANInstance_c
 .rodata._Z41__static_initialization_and_destruction_0ii.str1.4
                0x08009e28        0x5 build/dr16.o
 *fill*         0x08009e2d        0x3 
 .rodata._ZN11DJI_Motor_n18DJI_Motor_InstanceC2EN19Motor_General_Def_n19Motor_Init_Config_sE.str1.4
                0x08009e30        0xa build/dji_motor.o
                0x08009e3c                . = ALIGN (0x4)
 *fill*         0x08009e3a        0x2 

.ARM.extab
 *(.ARM.extab* .gnu.linkonce.armextab.*)

.ARM            0x08009e3c        0x8
                0x08009e3c                __exidx_start = .
 *(.ARM.exidx*)
 .ARM.exidx     0x08009e3c        0x8 d:/stm_for_vs/gcc-arm-none-eabi-10.3-2021.10/bin/../lib/gcc/arm-none-eabi/10.3.1/thumb/v7e-m+fp/hard\libgcc.a(_udivmoddi4.o)
                0x08009e44                __exidx_end = .

.rel.dyn        0x08009e44        0x0
 .rel.iplt      0x08009e44        0x0 d:/stm_for_vs/gcc-arm-none-eabi-10.3-2021.10/bin/../lib/gcc/arm-none-eabi/10.3.1/thumb/v7e-m+fp/hard/crtbegin.o

.preinit_array  0x08009e44        0x0
                0x08009e44                PROVIDE (__preinit_array_start = .)
 *(.preinit_array*)
                0x08009e44                PROVIDE (__preinit_array_end = .)

.init_array     0x08009e44       0x14
                0x08009e44                PROVIDE (__init_array_start = .)
 *(SORT_BY_NAME(.init_array.*))
 *(.init_array*)
 .init_array    0x08009e44        0x4 d:/stm_for_vs/gcc-arm-none-eabi-10.3-2021.10/bin/../lib/gcc/arm-none-eabi/10.3.1/thumb/v7e-m+fp/hard/crtbegin.o
 .init_array    0x08009e48        0x4 build/dr16.o
 .init_array    0x08009e4c        0x4 build/dji_motor.o
 .init_array    0x08009e50        0x4 build/chassis_ctrl.o
 .init_array    0x08009e54        0x4 build/chassis_task.o
                0x08009e58                PROVIDE (__init_array_end = .)

.fini_array     0x08009e58        0x4
                [!provide]                PROVIDE (__fini_array_start = .)
 *(SORT_BY_NAME(.fini_array.*))
 *(.fini_array*)
 .fini_array    0x08009e58        0x4 d:/stm_for_vs/gcc-arm-none-eabi-10.3-2021.10/bin/../lib/gcc/arm-none-eabi/10.3.1/thumb/v7e-m+fp/hard/crtbegin.o
                [!provide]                PROVIDE (__fini_array_end = .)
                0x08009e5c                _sidata = LOADADDR (.data)

.data           0x20000000       0x9c load address 0x08009e5c
                0x20000000                . = ALIGN (0x4)
                0x20000000                _sdata = .
 *(.data)
 *(.data*)
 .data.uwTickFreq
                0x20000000        0x1 build/stm32f4xx_hal.o
                0x20000000                uwTickFreq
 *fill*         0x20000001        0x3 
 .data.uwTickPrio
                0x20000004        0x4 build/stm32f4xx_hal.o
                0x20000004                uwTickPrio
 .data.SystemCoreClock
                0x20000008        0x4 build/system_stm32f4xx.o
                0x20000008                SystemCoreClock
 .data.uxCriticalNesting
                0x2000000c        0x4 build/port.o
 .data.CRC_INIT
                0x20000010        0x2 build/CRC.o
                0x20000010                CRC_INIT
 .data._ZZN14BSP_CAN_Part_n13CANInstance_c13Filter_ConfigEPS0_E15can2_filter_idx
                0x20000012        0x1 build/bsp_can.o
 *fill*         0x20000013        0x1 
 .data._ZN6DR16_n15dr16_uart_paramE
                0x20000014       0x1c build/dr16.o
                0x20000014                DR16_n::dr16_uart_param
 .data.rotate_speed
                0x20000030        0x4 build/chassis_ctrl.o
                0x20000030                rotate_speed
 .data._ZN10__cxxabiv119__terminate_handlerE
                0x20000034        0x4 d:/stm_for_vs/gcc-arm-none-eabi-10.3-2021.10/bin/../lib/gcc/arm-none-eabi/10.3.1/../../../../arm-none-eabi/lib/thumb/v7e-m+fp/hard\libstdc++_nano.a(eh_term_handler.o)
                0x20000034                __cxxabiv1::__terminate_handler
 .data._impure_ptr
                0x20000038        0x4 d:/stm_for_vs/gcc-arm-none-eabi-10.3-2021.10/bin/../lib/gcc/arm-none-eabi/10.3.1/../../../../arm-none-eabi/lib/thumb/v7e-m+fp/hard\libc_nano.a(lib_a-impure.o)
                0x20000038                _impure_ptr
 .data.impure_data
                0x2000003c       0x60 d:/stm_for_vs/gcc-arm-none-eabi-10.3-2021.10/bin/../lib/gcc/arm-none-eabi/10.3.1/../../../../arm-none-eabi/lib/thumb/v7e-m+fp/hard\libc_nano.a(lib_a-impure.o)
                0x2000009c                . = ALIGN (0x4)
                0x2000009c                _edata = .
                0x08009ef8                _siccmram = LOADADDR (.ccmram)

.igot.plt       0x2000009c        0x0 load address 0x08009ef8
 .igot.plt      0x2000009c        0x0 d:/stm_for_vs/gcc-arm-none-eabi-10.3-2021.10/bin/../lib/gcc/arm-none-eabi/10.3.1/thumb/v7e-m+fp/hard/crtbegin.o

.ccmram         0x10000000        0x0 load address 0x08009ef8
                0x10000000                . = ALIGN (0x4)
                0x10000000                _sccmram = .
 *(.ccmram)
 *(.ccmram*)
                0x10000000                . = ALIGN (0x4)
                0x10000000                _eccmram = .
                0x10000000                . = ALIGN (0x4)

.bss            0x200000a0     0x49f0
                0x200000a0                _sbss = .
                0x200000a0                __bss_start__ = _sbss
 *(.bss)
 .bss           0x200000a0       0x1c d:/stm_for_vs/gcc-arm-none-eabi-10.3-2021.10/bin/../lib/gcc/arm-none-eabi/10.3.1/thumb/v7e-m+fp/hard/crtbegin.o
 *(.bss*)
 .bss.chssis_taskHandle
                0x200000bc        0x4 build/freertos.o
                0x200000bc                chssis_taskHandle
 .bss.defaultTaskHandle
                0x200000c0        0x4 build/freertos.o
                0x200000c0                defaultTaskHandle
 .bss.referee_taskHandle
                0x200000c4        0x4 build/freertos.o
                0x200000c4                referee_taskHandle
 .bss.safe_taskHandle
                0x200000c8        0x4 build/freertos.o
                0x200000c8                safe_taskHandle
 .bss.xIdleStack
                0x200000cc      0x200 build/freertos.o
 .bss.xIdleTaskTCBBuffer
                0x200002cc       0x54 build/freertos.o
 .bss.HAL_RCC_CAN1_CLK_ENABLED
                0x20000320        0x4 build/can.o
 .bss.hcan1     0x20000324       0x28 build/can.o
                0x20000324                hcan1
 .bss.hcan2     0x2000034c       0x28 build/can.o
                0x2000034c                hcan2
 .bss.hdma_usart3_rx
                0x20000374       0x60 build/usart.o
                0x20000374                hdma_usart3_rx
 .bss.hdma_usart6_rx
                0x200003d4       0x60 build/usart.o
                0x200003d4                hdma_usart6_rx
 .bss.hdma_usart6_tx
                0x20000434       0x60 build/usart.o
                0x20000434                hdma_usart6_tx
 .bss.huart3    0x20000494       0x48 build/usart.o
                0x20000494                huart3
 .bss.huart6    0x200004dc       0x48 build/usart.o
                0x200004dc                huart6
 .bss.htim1     0x20000524       0x48 build/stm32f4xx_hal_timebase_tim.o
                0x20000524                htim1
 .bss.uwTick    0x2000056c        0x4 build/stm32f4xx_hal.o
                0x2000056c                uwTick
 .bss.pxCurrentTCB
                0x20000570        0x4 build/tasks.o
                0x20000570                pxCurrentTCB
 .bss.pxDelayedTaskList
                0x20000574        0x4 build/tasks.o
 .bss.pxOverflowDelayedTaskList
                0x20000578        0x4 build/tasks.o
 .bss.pxReadyTasksLists
                0x2000057c       0x8c build/tasks.o
 .bss.uxCurrentNumberOfTasks
                0x20000608        0x4 build/tasks.o
 .bss.uxDeletedTasksWaitingCleanUp
                0x2000060c        0x4 build/tasks.o
 .bss.uxSchedulerSuspended
                0x20000610        0x4 build/tasks.o
 .bss.uxTaskNumber
                0x20000614        0x4 build/tasks.o
 .bss.uxTopReadyPriority
                0x20000618        0x4 build/tasks.o
 .bss.xDelayedTaskList1
                0x2000061c       0x14 build/tasks.o
 .bss.xDelayedTaskList2
                0x20000630       0x14 build/tasks.o
 .bss.xIdleTaskHandle
                0x20000644        0x4 build/tasks.o
 .bss.xNextTaskUnblockTime
                0x20000648        0x4 build/tasks.o
 .bss.xNumOfOverflows
                0x2000064c        0x4 build/tasks.o
 .bss.xPendedTicks
                0x20000650        0x4 build/tasks.o
 .bss.xPendingReadyList
                0x20000654       0x14 build/tasks.o
 .bss.xSchedulerRunning
                0x20000668        0x4 build/tasks.o
 .bss.xSuspendedTaskList
                0x2000066c       0x14 build/tasks.o
 .bss.xTasksWaitingTermination
                0x20000680       0x14 build/tasks.o
 .bss.xTickCount
                0x20000694        0x4 build/tasks.o
 .bss.xYieldPending
                0x20000698        0x4 build/tasks.o
 .bss.pxEnd     0x2000069c        0x4 build/heap_4.o
 .bss.ucHeap    0x200006a0     0x3c00 build/heap_4.o
 .bss.xBlockAllocatedBit
                0x200042a0        0x4 build/heap_4.o
 .bss.xFreeBytesRemaining
                0x200042a4        0x4 build/heap_4.o
 .bss.xMinimumEverFreeBytesRemaining
                0x200042a8        0x4 build/heap_4.o
 .bss.xNumberOfSuccessfulAllocations
                0x200042ac        0x4 build/heap_4.o
 .bss.xNumberOfSuccessfulFrees
                0x200042b0        0x4 build/heap_4.o
 .bss.xStart    0x200042b4        0x8 build/heap_4.o
 .bss.ucMaxSysCallPriority
                0x200042bc        0x1 build/port.o
 *fill*         0x200042bd        0x3 
 .bss.ulMaxPRIGROUPValue
                0x200042c0        0x4 build/port.o
 .bss.__sbrk_heap_end
                0x200042c4        0x4 build/sysmem.o
 .bss._ZN7USART_N6headerE
                0x200042c8        0x4 build/bsp_usart_F4.o
                0x200042c8                USART_N::header
 .bss._ZN14BSP_CAN_Part_n13CANInstance_c13can_instance_E
                0x200042cc       0x70 build/bsp_can.o
                0x200042cc                BSP_CAN_Part_n::CANInstance_c::can_instance_
 .bss._ZN14BSP_CAN_Part_n16CAN_Main_Class_c4idx_E
                0x2000433c        0x1 build/bsp_can.o
                0x2000433c                BSP_CAN_Part_n::CAN_Main_Class_c::idx_
 .bss._ZZN14BSP_CAN_Part_n13CANInstance_c13Filter_ConfigEPS0_E15can1_filter_idx
                0x2000433d        0x1 build/bsp_can.o
 *fill*         0x2000433e        0x2 
 .bss._ZZN14BSP_CAN_Part_n13CANInstance_c17ECF_FIFOxCallbackEP17CAN_HandleTypeDefmE6rxconf
                0x20004340       0x1c build/bsp_can.o
 .bss._ZGVZN9BSP_DWT_n9BSP_DWT_c19ECF_Get_DwtInstanceEvE8dwt_time
                0x2000435c        0x4 build/bsp_dwt.o
 .bss._ZZN9BSP_DWT_n9BSP_DWT_c13DWT_CntUpdateEvE10bit_locker
                0x20004360        0x1 build/bsp_dwt.o
 *fill*         0x20004361        0x7 
 .bss._ZZN9BSP_DWT_n9BSP_DWT_c17DWT_SystimeUpdateEvE9CNT_TEMP1
                0x20004368        0x8 build/bsp_dwt.o
 .bss._ZZN9BSP_DWT_n9BSP_DWT_c17DWT_SystimeUpdateEvE9CNT_TEMP2
                0x20004370        0x8 build/bsp_dwt.o
 .bss._ZZN9BSP_DWT_n9BSP_DWT_c17DWT_SystimeUpdateEvE9CNT_TEMP3
                0x20004378        0x8 build/bsp_dwt.o
 .bss._ZZN9BSP_DWT_n9BSP_DWT_c19ECF_Get_DwtInstanceEvE8dwt_time
                0x20004380       0x28 build/bsp_dwt.o
 .bss._ZN6DR16_n10dr16_lost_E
                0x200043a8        0x4 build/dr16.o
                0x200043a8                DR16_n::dr16_lost_
 .bss._ZN6DR16_n14double_buffer_E
                0x200043ac       0x48 build/dr16.o
                0x200043ac                DR16_n::double_buffer_
 .bss._ZN6DR16_n6DR16_c5dr16_E
                0x200043f4        0x4 build/dr16.o
                0x200043f4                DR16_n::DR16_c::dr16_
 .bss._ZL12dwt_DJIMotor
                0x200043f8        0x4 build/dji_motor.o
 .bss._ZN11DJI_Motor_n17sender_assignmentE
                0x200043fc      0x1c8 build/dji_motor.o
                0x200043fc                DJI_Motor_n::sender_assignment
 .bss._ZN11DJI_Motor_n18DJI_Motor_Instance13dji_motor_idxE
                0x200045c4        0x1 build/dji_motor.o
                0x200045c4                DJI_Motor_n::DJI_Motor_Instance::dji_motor_idx
 *fill*         0x200045c5        0x3 
 .bss._ZN11DJI_Motor_n18DJI_Motor_Instance18sender_enable_flagE
                0x200045c8        0x6 build/dji_motor.o
                0x200045c8                DJI_Motor_n::DJI_Motor_Instance::sender_enable_flag
 *fill*         0x200045ce        0x2 
 .bss._ZN11DJI_Motor_n18DJI_Motor_Instance20dji_motor_instance_pE
                0x200045d0       0x30 build/dji_motor.o
                0x200045d0                DJI_Motor_n::DJI_Motor_Instance::dji_motor_instance_p
 .bss.dji_maths
                0x20004600       0x14 build/dji_motor.o
                0x20004600                dji_maths
 .bss.referee   0x20004614      0x231 build/bsp_referee.o
                0x20004614                referee
 *fill*         0x20004845        0x3 
 .bss.referee_CC
                0x20004848        0x4 build/bsp_referee.o
                0x20004848                referee_CC
 .bss.rx_1      0x2000484c      0x200 build/bsp_referee.o
                0x2000484c                rx_1
 .bss._ZGVZN14chassis_ctrl_n14chassis_ctrl_c25motor_speed_pid_calculateEvE10last_state
                0x20004a4c        0x4 build/chassis_ctrl.o
 .bss._ZN14chassis_ctrl_n14chassis_ctrl_c16Chassis_InstanceE
                0x20004a50        0x4 build/chassis_ctrl.o
                0x20004a50                chassis_ctrl_n::chassis_ctrl_c::Chassis_Instance
 .bss._ZZN14chassis_ctrl_n14chassis_ctrl_c16chassis_mode_setEvE12kb_behaviour
                0x20004a54        0x1 build/chassis_ctrl.o
 .bss._ZZN14chassis_ctrl_n14chassis_ctrl_c16chassis_mode_setEvE12rc_behaviour
                0x20004a55        0x1 build/chassis_ctrl.o
 .bss._ZZN14chassis_ctrl_n14chassis_ctrl_c16chassis_mode_setEvE17last_chassis_mode
                0x20004a56        0x1 build/chassis_ctrl.o
 .bss._ZZN14chassis_ctrl_n14chassis_ctrl_c25motor_speed_pid_calculateEvE10last_state
                0x20004a57        0x1 build/chassis_ctrl.o
 .bss.math_     0x20004a58       0x14 build/chassis_ctrl.o
                0x20004a58                math_
 .bss.Head      0x20004a6c        0x4 build/safe_task.o
                0x20004a6c                Head
 .bss._ZZ15SendChassisDataPN14BSP_CAN_Part_n13CANInstance_cEPKN14chassis_ctrl_n14chassis_ctrl_cEE9aim_color
                0x20004a70        0x1 build/chassis_task.o
 *fill*         0x20004a71        0x3 
 .bss.chassis_dwt
                0x20004a74        0x4 build/chassis_task.o
                0x20004a74                chassis_dwt
 .bss.dr16_data
                0x20004a78        0x4 build/chassis_task.o
                0x20004a78                dr16_data
 .bss._ZN12_GLOBAL__N_113__new_handlerE
                0x20004a7c        0x4 d:/stm_for_vs/gcc-arm-none-eabi-10.3-2021.10/bin/../lib/gcc/arm-none-eabi/10.3.1/../../../../arm-none-eabi/lib/thumb/v7e-m+fp/hard\libstdc++_nano.a(new_handler.o)
 .bss.__malloc_free_list
                0x20004a80        0x4 d:/stm_for_vs/gcc-arm-none-eabi-10.3-2021.10/bin/../lib/gcc/arm-none-eabi/10.3.1/../../../../arm-none-eabi/lib/thumb/v7e-m+fp/hard\libc_nano.a(lib_a-nano-mallocr.o)
                0x20004a80                __malloc_free_list
 .bss.__malloc_sbrk_start
                0x20004a84        0x4 d:/stm_for_vs/gcc-arm-none-eabi-10.3-2021.10/bin/../lib/gcc/arm-none-eabi/10.3.1/../../../../arm-none-eabi/lib/thumb/v7e-m+fp/hard\libc_nano.a(lib_a-nano-mallocr.o)
                0x20004a84                __malloc_sbrk_start
 .bss.errno     0x20004a88        0x4 d:/stm_for_vs/gcc-arm-none-eabi-10.3-2021.10/bin/../lib/gcc/arm-none-eabi/10.3.1/../../../../arm-none-eabi/lib/thumb/v7e-m+fp/hard\libc_nano.a(lib_a-reent.o)
                0x20004a88                errno
 .bss.__lock___malloc_recursive_mutex
                0x20004a8c        0x1 d:/stm_for_vs/gcc-arm-none-eabi-10.3-2021.10/bin/../lib/gcc/arm-none-eabi/10.3.1/../../../../arm-none-eabi/lib/thumb/v7e-m+fp/hard\libc_nano.a(lib_a-lock.o)
                0x20004a8c                __lock___malloc_recursive_mutex
 *(COMMON)
                0x20004a90                . = ALIGN (0x4)
 *fill*         0x20004a8d        0x3 
                0x20004a90                _ebss = .
                0x20004a90                __bss_end__ = _ebss

._user_heap_stack
                0x20004a90     0xa000
                0x20004a90                . = ALIGN (0x8)
                [!provide]                PROVIDE (end = .)
                0x20004a90                PROVIDE (_end = .)
                0x20009a90                . = (. + _Min_Heap_Size)
 *fill*         0x20004a90     0x5000 
                0x2000ea90                . = (. + _Min_Stack_Size)
 *fill*         0x20009a90     0x5000 
                0x2000ea90                . = ALIGN (0x8)

/DISCARD/
 libc.a(*)
 libm.a(*)
 libgcc.a(*)

.ARM.attributes
                0x00000000       0x30
 *(.ARM.attributes)
 .ARM.attributes
                0x00000000       0x1e d:/stm_for_vs/gcc-arm-none-eabi-10.3-2021.10/bin/../lib/gcc/arm-none-eabi/10.3.1/thumb/v7e-m+fp/hard/crti.o
 .ARM.attributes
                0x0000001e       0x34 d:/stm_for_vs/gcc-arm-none-eabi-10.3-2021.10/bin/../lib/gcc/arm-none-eabi/10.3.1/thumb/v7e-m+fp/hard/crtbegin.o
 .ARM.attributes
                0x00000052       0x34 build/gpio.o
 .ARM.attributes
                0x00000086       0x34 build/freertos.o
 .ARM.attributes
                0x000000ba       0x34 build/can.o
 .ARM.attributes
                0x000000ee       0x34 build/dma.o
 .ARM.attributes
                0x00000122       0x34 build/usart.o
 .ARM.attributes
                0x00000156       0x34 build/stm32f4xx_it.o
 .ARM.attributes
                0x0000018a       0x34 build/stm32f4xx_hal_msp.o
 .ARM.attributes
                0x000001be       0x34 build/stm32f4xx_hal_timebase_tim.o
 .ARM.attributes
                0x000001f2       0x34 build/stm32f4xx_hal_can.o
 .ARM.attributes
                0x00000226       0x34 build/stm32f4xx_hal_rcc.o
 .ARM.attributes
                0x0000025a       0x34 build/stm32f4xx_hal_gpio.o
 .ARM.attributes
                0x0000028e       0x34 build/stm32f4xx_hal_dma_ex.o
 .ARM.attributes
                0x000002c2       0x34 build/stm32f4xx_hal_dma.o
 .ARM.attributes
                0x000002f6       0x34 build/stm32f4xx_hal_cortex.o
 .ARM.attributes
                0x0000032a       0x34 build/stm32f4xx_hal.o
 .ARM.attributes
                0x0000035e       0x34 build/stm32f4xx_hal_tim.o
 .ARM.attributes
                0x00000392       0x34 build/stm32f4xx_hal_tim_ex.o
 .ARM.attributes
                0x000003c6       0x34 build/stm32f4xx_hal_uart.o
 .ARM.attributes
                0x000003fa       0x34 build/system_stm32f4xx.o
 .ARM.attributes
                0x0000042e       0x34 build/list.o
 .ARM.attributes
                0x00000462       0x34 build/tasks.o
 .ARM.attributes
                0x00000496       0x34 build/cmsis_os.o
 .ARM.attributes
                0x000004ca       0x34 build/heap_4.o
 .ARM.attributes
                0x000004fe       0x34 build/port.o
 .ARM.attributes
                0x00000532       0x34 build/sysmem.o
 .ARM.attributes
                0x00000566       0x34 build/syscalls.o
 .ARM.attributes
                0x0000059a       0x34 build/CRC.o
 .ARM.attributes
                0x000005ce       0x34 build/filter.o
 .ARM.attributes
                0x00000602       0x34 build/lqr_alg.o
 .ARM.attributes
                0x00000636       0x34 build/Alg_PID.o
 .ARM.attributes
                0x0000066a       0x34 build/user_maths.o
 .ARM.attributes
                0x0000069e       0x34 build/bsp_usart_F4.o
 .ARM.attributes
                0x000006d2       0x34 build/bsp_can.o
 .ARM.attributes
                0x00000706       0x34 build/bsp_dwt.o
 .ARM.attributes
                0x0000073a       0x34 build/dr16.o
 .ARM.attributes
                0x0000076e       0x34 build/Motor_General_def.o
 .ARM.attributes
                0x000007a2       0x34 build/dji_motor.o
 .ARM.attributes
                0x000007d6       0x34 build/bsp_referee.o
 .ARM.attributes
                0x0000080a       0x34 build/real_main.o
 .ARM.attributes
                0x0000083e       0x34 build/chassis_ctrl.o
 .ARM.attributes
                0x00000872       0x34 build/safe_task.o
 .ARM.attributes
                0x000008a6       0x34 build/chassis_task.o
 .ARM.attributes
                0x000008da       0x34 build/referee_task.o
 .ARM.attributes
                0x0000090e       0x21 build/startup_stm32f405xx.o
 .ARM.attributes
                0x0000092f       0x34 d:/stm_for_vs/gcc-arm-none-eabi-10.3-2021.10/bin/../lib/gcc/arm-none-eabi/10.3.1/../../../../arm-none-eabi/lib/thumb/v7e-m+fp/hard\libstdc++_nano.a(guard.o)
 .ARM.attributes
                0x00000963       0x34 d:/stm_for_vs/gcc-arm-none-eabi-10.3-2021.10/bin/../lib/gcc/arm-none-eabi/10.3.1/../../../../arm-none-eabi/lib/thumb/v7e-m+fp/hard\libstdc++_nano.a(new_op.o)
 .ARM.attributes
                0x00000997       0x34 d:/stm_for_vs/gcc-arm-none-eabi-10.3-2021.10/bin/../lib/gcc/arm-none-eabi/10.3.1/../../../../arm-none-eabi/lib/thumb/v7e-m+fp/hard\libstdc++_nano.a(pure.o)
 .ARM.attributes
                0x000009cb       0x34 d:/stm_for_vs/gcc-arm-none-eabi-10.3-2021.10/bin/../lib/gcc/arm-none-eabi/10.3.1/../../../../arm-none-eabi/lib/thumb/v7e-m+fp/hard\libstdc++_nano.a(functional.o)
 .ARM.attributes
                0x000009ff       0x34 d:/stm_for_vs/gcc-arm-none-eabi-10.3-2021.10/bin/../lib/gcc/arm-none-eabi/10.3.1/../../../../arm-none-eabi/lib/thumb/v7e-m+fp/hard\libstdc++_nano.a(eh_terminate.o)
 .ARM.attributes
                0x00000a33       0x34 d:/stm_for_vs/gcc-arm-none-eabi-10.3-2021.10/bin/../lib/gcc/arm-none-eabi/10.3.1/../../../../arm-none-eabi/lib/thumb/v7e-m+fp/hard\libstdc++_nano.a(new_handler.o)
 .ARM.attributes
                0x00000a67       0x34 d:/stm_for_vs/gcc-arm-none-eabi-10.3-2021.10/bin/../lib/gcc/arm-none-eabi/10.3.1/../../../../arm-none-eabi/lib/thumb/v7e-m+fp/hard\libstdc++_nano.a(eh_term_handler.o)
 .ARM.attributes
                0x00000a9b       0x34 d:/stm_for_vs/gcc-arm-none-eabi-10.3-2021.10/bin/../lib/gcc/arm-none-eabi/10.3.1/../../../../arm-none-eabi/lib/thumb/v7e-m+fp/hard\libc_nano.a(lib_a-abort.o)
 .ARM.attributes
                0x00000acf       0x34 d:/stm_for_vs/gcc-arm-none-eabi-10.3-2021.10/bin/../lib/gcc/arm-none-eabi/10.3.1/../../../../arm-none-eabi/lib/thumb/v7e-m+fp/hard\libc_nano.a(lib_a-errno.o)
 .ARM.attributes
                0x00000b03       0x34 d:/stm_for_vs/gcc-arm-none-eabi-10.3-2021.10/bin/../lib/gcc/arm-none-eabi/10.3.1/../../../../arm-none-eabi/lib/thumb/v7e-m+fp/hard\libc_nano.a(lib_a-impure.o)
 .ARM.attributes