Archive member included to satisfy reference by file (symbol)

d:/stm_for_vs/gcc-arm-none-eabi-10.3-2021.10/bin/../lib/gcc/arm-none-eabi/10.3.1/../../../../arm-none-eabi/lib/thumb/v7e-m+fp/hard\libstdc++_nano.a(guard.o)
                              build/bsp_dwt.o (__cxa_guard_acquire)
d:/stm_for_vs/gcc-arm-none-eabi-10.3-2021.10/bin/../lib/gcc/arm-none-eabi/10.3.1/../../../../arm-none-eabi/lib/thumb/v7e-m+fp/hard\libstdc++_nano.a(new_op.o)
                              build/dr16.o (operator new(unsigned int))
d:/stm_for_vs/gcc-arm-none-eabi-10.3-2021.10/bin/../lib/gcc/arm-none-eabi/10.3.1/../../../../arm-none-eabi/lib/thumb/v7e-m+fp/hard\libstdc++_nano.a(new_opv.o)
                              build/Motor_Ctrl_Alg.o (operator new[](unsigned int))
d:/stm_for_vs/gcc-arm-none-eabi-10.3-2021.10/bin/../lib/gcc/arm-none-eabi/10.3.1/../../../../arm-none-eabi/lib/thumb/v7e-m+fp/hard\libstdc++_nano.a(pure.o)
                              build/bsp_can.o (__cxa_pure_virtual)
d:/stm_for_vs/gcc-arm-none-eabi-10.3-2021.10/bin/../lib/gcc/arm-none-eabi/10.3.1/../../../../arm-none-eabi/lib/thumb/v7e-m+fp/hard\libstdc++_nano.a(eh_terminate.o)
                              d:/stm_for_vs/gcc-arm-none-eabi-10.3-2021.10/bin/../lib/gcc/arm-none-eabi/10.3.1/../../../../arm-none-eabi/lib/thumb/v7e-m+fp/hard\libstdc++_nano.a(pure.o) (std::terminate())
d:/stm_for_vs/gcc-arm-none-eabi-10.3-2021.10/bin/../lib/gcc/arm-none-eabi/10.3.1/../../../../arm-none-eabi/lib/thumb/v7e-m+fp/hard\libstdc++_nano.a(eh_unex_handler.o)
                              d:/stm_for_vs/gcc-arm-none-eabi-10.3-2021.10/bin/../lib/gcc/arm-none-eabi/10.3.1/../../../../arm-none-eabi/lib/thumb/v7e-m+fp/hard\libstdc++_nano.a(eh_terminate.o) (__cxxabiv1::__unexpected_handler)
d:/stm_for_vs/gcc-arm-none-eabi-10.3-2021.10/bin/../lib/gcc/arm-none-eabi/10.3.1/../../../../arm-none-eabi/lib/thumb/v7e-m+fp/hard\libstdc++_nano.a(new_handler.o)
                              d:/stm_for_vs/gcc-arm-none-eabi-10.3-2021.10/bin/../lib/gcc/arm-none-eabi/10.3.1/../../../../arm-none-eabi/lib/thumb/v7e-m+fp/hard\libstdc++_nano.a(new_op.o) (std::get_new_handler())
d:/stm_for_vs/gcc-arm-none-eabi-10.3-2021.10/bin/../lib/gcc/arm-none-eabi/10.3.1/../../../../arm-none-eabi/lib/thumb/v7e-m+fp/hard\libstdc++_nano.a(eh_term_handler.o)
                              d:/stm_for_vs/gcc-arm-none-eabi-10.3-2021.10/bin/../lib/gcc/arm-none-eabi/10.3.1/../../../../arm-none-eabi/lib/thumb/v7e-m+fp/hard\libstdc++_nano.a(eh_terminate.o) (__cxxabiv1::__terminate_handler)
d:/stm_for_vs/gcc-arm-none-eabi-10.3-2021.10/bin/../lib/gcc/arm-none-eabi/10.3.1/../../../../arm-none-eabi/lib/thumb/v7e-m+fp/hard\libc_nano.a(lib_a-abort.o)
                              d:/stm_for_vs/gcc-arm-none-eabi-10.3-2021.10/bin/../lib/gcc/arm-none-eabi/10.3.1/../../../../arm-none-eabi/lib/thumb/v7e-m+fp/hard\libstdc++_nano.a(new_op.o) (abort)
d:/stm_for_vs/gcc-arm-none-eabi-10.3-2021.10/bin/../lib/gcc/arm-none-eabi/10.3.1/../../../../arm-none-eabi/lib/thumb/v7e-m+fp/hard\libc_nano.a(lib_a-errno.o)
                              build/sysmem.o (__errno)
d:/stm_for_vs/gcc-arm-none-eabi-10.3-2021.10/bin/../lib/gcc/arm-none-eabi/10.3.1/../../../../arm-none-eabi/lib/thumb/v7e-m+fp/hard\libc_nano.a(lib_a-exit.o)
                              d:/stm_for_vs/gcc-arm-none-eabi-10.3-2021.10/bin/../lib/gcc/arm-none-eabi/10.3.1/../../../../arm-none-eabi/lib/thumb/v7e-m+fp/hard/crt0.o (exit)
d:/stm_for_vs/gcc-arm-none-eabi-10.3-2021.10/bin/../lib/gcc/arm-none-eabi/10.3.1/../../../../arm-none-eabi/lib/thumb/v7e-m+fp/hard\libc_nano.a(lib_a-impure.o)
                              d:/stm_for_vs/gcc-arm-none-eabi-10.3-2021.10/bin/../lib/gcc/arm-none-eabi/10.3.1/../../../../arm-none-eabi/lib/thumb/v7e-m+fp/hard\libc_nano.a(lib_a-exit.o) (_global_impure_ptr)
d:/stm_for_vs/gcc-arm-none-eabi-10.3-2021.10/bin/../lib/gcc/arm-none-eabi/10.3.1/../../../../arm-none-eabi/lib/thumb/v7e-m+fp/hard\libc_nano.a(lib_a-init.o)
                              d:/stm_for_vs/gcc-arm-none-eabi-10.3-2021.10/bin/../lib/gcc/arm-none-eabi/10.3.1/../../../../arm-none-eabi/lib/thumb/v7e-m+fp/hard/crt0.o (__libc_init_array)
d:/stm_for_vs/gcc-arm-none-eabi-10.3-2021.10/bin/../lib/gcc/arm-none-eabi/10.3.1/../../../../arm-none-eabi/lib/thumb/v7e-m+fp/hard\libc_nano.a(lib_a-malloc.o)
                              build/user_lib.o (malloc)
d:/stm_for_vs/gcc-arm-none-eabi-10.3-2021.10/bin/../lib/gcc/arm-none-eabi/10.3.1/../../../../arm-none-eabi/lib/thumb/v7e-m+fp/hard\libc_nano.a(lib_a-memcpy-stub.o)
                              build/queue.o (memcpy)
d:/stm_for_vs/gcc-arm-none-eabi-10.3-2021.10/bin/../lib/gcc/arm-none-eabi/10.3.1/../../../../arm-none-eabi/lib/thumb/v7e-m+fp/hard\libc_nano.a(lib_a-memset.o)
                              d:/stm_for_vs/gcc-arm-none-eabi-10.3-2021.10/bin/../lib/gcc/arm-none-eabi/10.3.1/../../../../arm-none-eabi/lib/thumb/v7e-m+fp/hard/crt0.o (memset)
[...]
Memory Configuration

Name             Origin             Length             Attributes
RAM              0x20000000         0x00020000         xrw
CCMRAM           0x10000000         0x00010000         xrw
FLASH            0x08000000         0x00100000         xr
*default*        0x00000000         0xffffffff

Linker script and memory map

LOAD d:/stm_for_vs/gcc-arm-none-eabi-10.3-2021.10/bin/../lib/gcc/arm-none-eabi/10.3.1/thumb/v7e-m+fp/hard/crti.o
LOAD d:/stm_for_vs/gcc-arm-none-eabi-10.3-2021.10/bin/../lib/gcc/arm-none-eabi/10.3.1/thumb/v7e-m+fp/hard/crtbegin.o
LOAD d:/stm_for_vs/gcc-arm-none-eabi-10.3-2021.10/bin/../lib/gcc/arm-none-eabi/10.3.1/../../../../arm-none-eabi/lib/thumb/v7e-m+fp/hard/crt0.o
LOAD build/gpio.o
LOAD build/freertos.o
LOAD build/tim.o
LOAD build/can.o
LOAD build/dma.o
LOAD build/usart.o
LOAD build/spi.o
LOAD build/stm32f4xx_it.o
LOAD build/stm32f4xx_hal_msp.o
LOAD build/stm32f4xx_hal_timebase_tim.o
LOAD build/stm32f4xx_hal_pcd.o
LOAD build/stm32f4xx_hal_pcd_ex.o
LOAD build/stm32f4xx_hal_can.o
LOAD build/stm32f4xx_hal_rcc.o
LOAD build/stm32f4xx_hal_rcc_ex.o
LOAD build/stm32f4xx_hal_flash.o
LOAD build/stm32f4xx_hal_flash_ex.o
LOAD build/stm32f4xx_hal_flash_ramfunc.o
LOAD build/stm32f4xx_hal_gpio.o
LOAD build/stm32f4xx_hal_dma_ex.o
LOAD build/stm32f4xx_hal_dma.o
LOAD build/stm32f4xx_hal_pwr.o
LOAD build/stm32f4xx_hal_pwr_ex.o
LOAD build/stm32f4xx_hal_cortex.o
LOAD build/stm32f4xx_hal.o
LOAD build/stm32f4xx_hal_exti.o
LOAD build/stm32f4xx_hal_tim.o
LOAD build/stm32f4xx_hal_tim_ex.o
LOAD build/stm32f4xx_hal_uart.o
LOAD build/stm32f4xx_hal_spi.o
LOAD build/stm32f4xx_ll_usb.o
LOAD build/system_stm32f4xx.o
LOAD build/croutine.o
LOAD build/event_groups.o
LOAD build/list.o
LOAD build/queue.o
LOAD build/stream_buffer.o
LOAD build/tasks.o
LOAD build/timers.o
LOAD build/cmsis_os.o
LOAD build/heap_4.o
LOAD build/port.o
LOAD build/usbd_core.o
LOAD build/usbd_ctlreq.o
LOAD build/usbd_ioreq.o
LOAD build/usbd_cdc.o
LOAD build/sysmem.o
LOAD build/syscalls.o
LOAD build/usb_device.o
LOAD build/usbd_desc.o
LOAD build/usbd_cdc_if.o
LOAD build/usbd_conf.o
LOAD build/crc_ref.o
LOAD build/user_lib.o
LOAD build/fifo.o
LOAD build/Vision.o
LOAD build/filter.o
LOAD build/kalman_filter.o
LOAD build/lqr_alg.o
LOAD build/Alg_PID.o
LOAD build/quaternion_EKF.o
LOAD build/user_maths.o
LOAD build/bsp_usart_F4.o
LOAD build/bsp_can.o
LOAD build/bsp_dwt.o
LOAD build/dr16.o
LOAD build/Motor_General_def.o
LOAD build/dji_motor.o
LOAD build/Cybergear_motor.o
LOAD build/BMI088driver.o
LOAD build/BMI088Middleware.o
LOAD build/imu_task.o
LOAD build/safe_task.o
LOAD build/real_main.o
LOAD build/bigyaw_ctrl.o
LOAD build/yaw_motor_ctrl.o
LOAD build/pluck_ctrl.o
LOAD build/Motor_Ctrl_Alg.o
LOAD build/gimbal_task.o
LOAD build/startup_stm32f405xx.o
LOAD d:/stm_for_vs/gcc-arm-none-eabi-10.3-2021.10/bin/../lib/gcc/arm-none-eabi/10.3.1/../../../../arm-none-eabi/lib/thumb/v7e-m+fp/hard\libstdc++_nano.a
LOAD d:/stm_for_vs/gcc-arm-none-eabi-10.3-2021.10/bin/../lib/gcc/arm-none-eabi/10.3.1/../../../../arm-none-eabi/lib/thumb/v7e-m+fp/hard\libc_nano.a
LOAD d:/stm_for_vs/gcc-arm-none-eabi-10.3-2021.10/bin/../lib/gcc/arm-none-eabi/10.3.1/../../../../arm-none-eabi/lib/thumb/v7e-m+fp/hard\libm.a
LOAD d:/stm_for_vs/gcc-arm-none-eabi-10.3-2021.10/bin/../lib/gcc/arm-none-eabi/10.3.1/../../../../arm-none-eabi/lib/thumb/v7e-m+fp/hard\libnosys.a
LOAD Middlewares/ST/ARM/DSP/Lib/libarm_cortexM4lf_math.a
START GROUP
LOAD d:/stm_for_vs/gcc-arm-none-eabi-10.3-2021.10/bin/../lib/gcc/arm-none-eabi/10.3.1/thumb/v7e-m+fp/hard\libgcc.a
LOAD d:/stm_for_vs/gcc-arm-none-eabi-10.3-2021.10/bin/../lib/gcc/arm-none-eabi/10.3.1/../../../../arm-none-eabi/lib/thumb/v7e-m+fp/hard\libc_nano.a
END GROUP
START GROUP
LOAD d:/stm_for_vs/gcc-arm-none-eabi-10.3-2021.10/bin/../lib/gcc/arm-none-eabi/10.3.1/thumb/v7e-m+fp/hard\libgcc.a
LOAD d:/stm_for_vs/gcc-arm-none-eabi-10.3-2021.10/bin/../lib/gcc/arm-none-eabi/10.3.1/../../../../arm-none-eabi/lib/thumb/v7e-m+fp/hard\libc_nano.a
END GROUP
LOAD d:/stm_for_vs/gcc-arm-none-eabi-10.3-2021.10/bin/../lib/gcc/arm-none-eabi/10.3.1/thumb/v7e-m+fp/hard/crtend.o
LOAD d:/stm_for_vs/gcc-arm-none-eabi-10.3-2021.10/bin/../lib/gcc/arm-none-eabi/10.3.1/thumb/v7e-m+fp/hard/crtn.o
                0x20020000                _estack = (ORIGIN (RAM) + LENGTH (RAM))
                0x00004000                _Min_Heap_Size = 0x4000
                0x00004000                _Min_Stack_Size = 0x4000

.isr_vector     0x08000000      0x188
                0x08000000                . = ALIGN (0x4)
 *(.isr_vector)
 .isr_vector    0x08000000      0x188 build/startup_stm32f405xx.o
                0x08000000                g_pfnVectors
                0x08000188                . = ALIGN (0x4)

.text           0x08000190     0xa258
                0x08000190                . = ALIGN (0x4)
 *(.text)
 .text          0x08000190       0x40 d:/stm_for_vs/gcc-arm-none-eabi-10.3-2021.10/bin/../lib/gcc/arm-none-eabi/10.3.1/thumb/v7e-m+fp/hard/crtbegin.o
 .text          0x080001d0      0x378 d:/stm_for_vs/gcc-arm-none-eabi-10.3-2021.10/bin/../lib/gcc/arm-none-eabi/10.3.1/thumb/v7e-m+fp/hard\libgcc.a(_arm_addsubdf3.o)
                0x080001d0                __aeabi_drsub
                0x080001d8                __aeabi_dsub
                0x080001d8                __subdf3
                0x080001dc                __aeabi_dadd
                0x080001dc                __adddf3
                0x08000454                __floatunsidf
                0x08000454                __aeabi_ui2d
                0x08000474                __floatsidf
                0x08000474                __aeabi_i2d
                0x08000498                __aeabi_f2d
                0x08000498                __extendsfdf2
                0x080004dc                __floatundidf
                0x080004dc                __aeabi_ul2d
                0x080004ec                __floatdidf
                0x080004ec                __aeabi_l2d
 .text          0x08000548      0x424 d:/stm_for_vs/gcc-arm-none-eabi-10.3-2021.10/bin/../lib/gcc/arm-none-eabi/10.3.1/thumb/v7e-m+fp/hard\libgcc.a(_arm_muldivdf3.o)
                0x08000548                __aeabi_dmul
                0x08000548                __muldf3
                0x0800079c                __divdf3
                0x0800079c                __aeabi_ddiv
 .text          0x0800096c      0x21c d:/stm_for_vs/gcc-arm-none-eabi-10.3-2021.10/bin/../lib/gcc/arm-none-eabi/10.3.1/thumb/v7e-m+fp/hard\libgcc.a(_arm_addsubsf3.o)
                0x0800096c                __aeabi_frsub
                0x08000974                __subsf3
                0x08000974                __aeabi_fsub
                0x08000978                __aeabi_fadd
                0x08000978                __addsf3
                0x08000ad8                __aeabi_ui2f
                0x08000ad8                __floatunsisf
                0x08000ae0                __aeabi_i2f
                0x08000ae0                __floatsisf
                0x08000afc                __aeabi_ul2f
                0x08000afc                __floatundisf
                0x08000b0c                __aeabi_l2f
                0x08000b0c                __floatdisf
 .text          0x08000b88       0x30 d:/stm_for_vs/gcc-arm-none-eabi-10.3-2021.10/bin/../lib/gcc/arm-none-eabi/10.3.1/thumb/v7e-m+fp/hard\libgcc.a(_aeabi_uldivmod.o)
                0x08000b88                __aeabi_uldivmod
 .text          0x08000bb8       0x40 d:/stm_for_vs/gcc-arm-none-eabi-10.3-2021.10/bin/../lib/gcc/arm-none-eabi/10.3.1/thumb/v7e-m+fp/hard\libgcc.a(_fixunssfdi.o)
                0x08000bb8                __fixunssfdi
                0x08000bb8                __aeabi_f2ulz
 .text          0x08000bf8      0x2d0 d:/stm_for_vs/gcc-arm-none-eabi-10.3-2021.10/bin/../lib/gcc/arm-none-eabi/10.3.1/thumb/v7e-m+fp/hard\libgcc.a(_udivmoddi4.o)
                0x08000bf8                __udivmoddi4
 .text          0x08000ec8        0x4 d:/stm_for_vs/gcc-arm-none-eabi-10.3-2021.10/bin/../lib/gcc/arm-none-eabi/10.3.1/thumb/v7e-m+fp/hard\libgcc.a(_dvmd_tls.o)
                0x08000ec8                __aeabi_idiv0
                0x08000ec8                __aeabi_ldiv0
 .text          0x08000ecc       0x40 d:/stm_for_vs/gcc-arm-none-eabi-10.3-2021.10/bin/../lib/gcc/arm-none-eabi/10.3.1/thumb/v7e-m+fp/hard\libgcc.a(_arm_fixunsdfsi.o)
                0x08000ecc                __aeabi_d2uiz
                0x08000ecc                __fixunsdfsi
 *(.text*)
 .text.MX_GPIO_Init
                0x08000f0c       0xdc build/gpio.o
                0x08000f0c                MX_GPIO_Init
 .text.StartDefaultTask
                0x08000fe8        0xe build/freertos.o
                0x08000fe8                StartDefaultTask
 *fill*         0x08000ff6        0x2 
 .text.vApplicationGetIdleTaskMemory
                0x08000ff8       0x18 build/freertos.o
                0x08000ff8                vApplicationGetIdleTaskMemory
 .text.MX_FREERTOS_Init
                0x08001010       0x84 build/freertos.o
                0x08001010                MX_FREERTOS_Init
 .text.HAL_TIM_Base_MspInit
                0x08001094       0x2c build/tim.o
                0x08001094                HAL_TIM_Base_MspInit
 .text.MX_CAN1_Init
                0x080010c0       0x44 build/can.o
                0x080010c0                MX_CAN1_Init
 .text.MX_CAN2_Init
                0x08001104       0x44 build/can.o
                0x08001104                MX_CAN2_Init
 .text.HAL_CAN_MspInit
                0x08001148      0x180 build/can.o
                0x08001148                HAL_CAN_MspInit
 .text.MX_DMA_Init
                0x080012c8       0x88 build/dma.o
                0x080012c8                MX_DMA_Init
 .text.NMI_Handler
                0x08001350        0x2 build/stm32f4xx_it.o
                0x08001350                NMI_Handler
 .text.HardFault_Handler
                0x08001352        0x2 build/stm32f4xx_it.o
                0x08001352                HardFault_Handler
 .text.MemManage_Handler
                0x08001354        0x2 build/stm32f4xx_it.o
                0x08001354                MemManage_Handler
 .text.BusFault_Handler
                0x08001356        0x2 build/stm32f4xx_it.o
                0x08001356                BusFault_Handler
 .text.UsageFault_Handler
                0x08001358        0x2 build/stm32f4xx_it.o
                0x08001358                UsageFault_Handler
 .text.DebugMon_Handler
                0x0800135a        0x2 build/stm32f4xx_it.o
                0x0800135a                DebugMon_Handler
 .text.DMA1_Stream1_IRQHandler
                0x0800135c       0x10 build/stm32f4xx_it.o
                0x0800135c                DMA1_Stream1_IRQHandler
 .text.CAN1_TX_IRQHandler
                0x0800136c       0x10 build/stm32f4xx_it.o
                0x0800136c                CAN1_TX_IRQHandler
 .text.CAN1_RX0_IRQHandler
                0x0800137c       0x10 build/stm32f4xx_it.o
                0x0800137c                CAN1_RX0_IRQHandler
 .text.CAN1_RX1_IRQHandler
                0x0800138c       0x10 build/stm32f4xx_it.o
                0x0800138c                CAN1_RX1_IRQHandler
 .text.CAN1_SCE_IRQHandler
                0x0800139c       0x10 build/stm32f4xx_it.o
                0x0800139c                CAN1_SCE_IRQHandler
 .text.TIM1_UP_TIM10_IRQHandler
                0x080013ac       0x10 build/stm32f4xx_it.o
                0x080013ac                TIM1_UP_TIM10_IRQHandler
 .text.SPI1_IRQHandler
                0x080013bc       0x10 build/stm32f4xx_it.o
                0x080013bc                SPI1_IRQHandler
 .text.USART3_IRQHandler
                0x080013cc       0x10 build/stm32f4xx_it.o
                0x080013cc                USART3_IRQHandler
 .text.DMA2_Stream0_IRQHandler
                0x080013dc       0x10 build/stm32f4xx_it.o
                0x080013dc                DMA2_Stream0_IRQHandler
 .text.DMA2_Stream1_IRQHandler
                0x080013ec       0x10 build/stm32f4xx_it.o
                0x080013ec                DMA2_Stream1_IRQHandler
 .text.DMA2_Stream3_IRQHandler
                0x080013fc       0x10 build/stm32f4xx_it.o
                0x080013fc                DMA2_Stream3_IRQHandler
 .text.CAN2_TX_IRQHandler
                0x0800140c       0x10 build/stm32f4xx_it.o
                0x0800140c                CAN2_TX_IRQHandler
 .text.CAN2_RX0_IRQHandler
                0x0800141c       0x10 build/stm32f4xx_it.o
                0x0800141c                CAN2_RX0_IRQHandler
 .text.CAN2_RX1_IRQHandler
                0x0800142c       0x10 build/stm32f4xx_it.o
                0x0800142c                CAN2_RX1_IRQHandler
 .text.CAN2_SCE_IRQHandler
                0x0800143c       0x10 build/stm32f4xx_it.o
                0x0800143c                CAN2_SCE_IRQHandler
 .text.OTG_FS_IRQHandler
                0x0800144c       0x10 build/stm32f4xx_it.o
                0x0800144c                OTG_FS_IRQHandler
 .text.DMA2_Stream6_IRQHandler
                0x0800145c       0x10 build/stm32f4xx_it.o
                0x0800145c                DMA2_Stream6_IRQHandler
 .text.HAL_MspInit
                0x0800146c       0x44 build/stm32f4xx_hal_msp.o
                0x0800146c                HAL_MspInit
 .text.HAL_InitTick
                0x080014b0       0x98 build/stm32f4xx_hal_timebase_tim.o
                0x080014b0                HAL_InitTick
 .text.PCD_WriteEmptyTxFifo
                0x08001548       0xd0 build/stm32f4xx_hal_pcd.o
 .text.HAL_PCD_Init
                0x08001618      0x102 build/stm32f4xx_hal_pcd.o
                0x08001618                HAL_PCD_Init
 .text.HAL_PCD_Start
                0x0800171a       0x44 build/stm32f4xx_hal_pcd.o
                0x0800171a                HAL_PCD_Start
 *fill*         0x0800175e        0x2 
 .text.PCD_EP_OutXfrComplete_int
                0x08001760      0x104 build/stm32f4xx_hal_pcd.o
 .text.PCD_EP_OutSetupPacket_int
                0x08001864       0x50 build/stm32f4xx_hal_pcd.o
 .text.HAL_PCD_SetAddress
                0x080018b4       0x26 build/stm32f4xx_hal_pcd.o
                0x080018b4                HAL_PCD_SetAddress
 .text.HAL_PCD_EP_Open
                0x080018da       0x8c build/stm32f4xx_hal_pcd.o
                0x080018da                HAL_PCD_EP_Open
 .text.HAL_PCD_EP_Close
                0x08001966       0x70 build/stm32f4xx_hal_pcd.o
                0x08001966                HAL_PCD_EP_Close
 .text.HAL_PCD_EP_Receive
                0x080019d6       0x4a build/stm32f4xx_hal_pcd.o
                0x080019d6                HAL_PCD_EP_Receive
 .text.HAL_PCD_EP_GetRxCount
                0x08001a20       0x12 build/stm32f4xx_hal_pcd.o
                0x08001a20                HAL_PCD_EP_GetRxCount
 .text.HAL_PCD_EP_Transmit
                0x08001a32       0x4a build/stm32f4xx_hal_pcd.o
                0x08001a32                HAL_PCD_EP_Transmit
 .text.HAL_PCD_EP_SetStall
                0x08001a7c       0x86 build/stm32f4xx_hal_pcd.o
                0x08001a7c                HAL_PCD_EP_SetStall
 .text.HAL_PCD_EP_ClrStall
                0x08001b02       0x74 build/stm32f4xx_hal_pcd.o
                0x08001b02                HAL_PCD_EP_ClrStall
 .text.HAL_PCD_EP_Abort
                0x08001b76       0x34 build/stm32f4xx_hal_pcd.o
                0x08001b76                HAL_PCD_EP_Abort
 .text.HAL_PCD_IRQHandler
                0x08001baa      0x5bc build/stm32f4xx_hal_pcd.o
                0x08001baa                HAL_PCD_IRQHandler
 .text.HAL_PCDEx_SetTxFiFo
                0x08002166       0x4c build/stm32f4xx_hal_pcd_ex.o
                0x08002166                HAL_PCDEx_SetTxFiFo
 .text.HAL_PCDEx_SetRxFiFo
                0x080021b2        0x8 build/stm32f4xx_hal_pcd_ex.o
                0x080021b2                HAL_PCDEx_SetRxFiFo
 .text.HAL_PCDEx_LPM_Callback
                0x080021ba        0x2 build/stm32f4xx_hal_pcd_ex.o
                0x080021ba                HAL_PCDEx_LPM_Callback
 .text.HAL_CAN_Init
                0x080021bc      0x14c build/stm32f4xx_hal_can.o
                0x080021bc                HAL_CAN_Init
 .text.HAL_CAN_ConfigFilter
                0x08002308      0x138 build/stm32f4xx_hal_can.o
                0x08002308                HAL_CAN_ConfigFilter
 .text.HAL_CAN_Start
                0x08002440       0x5c build/stm32f4xx_hal_can.o
                0x08002440                HAL_CAN_Start
 .text.HAL_CAN_AddTxMessage
                0x0800249c       0xea build/stm32f4xx_hal_can.o
                0x0800249c                HAL_CAN_AddTxMessage
 .text.HAL_CAN_GetTxMailboxesFreeLevel
                0x08002586       0x32 build/stm32f4xx_hal_can.o
                0x08002586                HAL_CAN_GetTxMailboxesFreeLevel
 .text.HAL_CAN_GetRxMessage
                0x080025b8      0x16a build/stm32f4xx_hal_can.o
                0x080025b8                HAL_CAN_GetRxMessage
 .text.HAL_CAN_GetRxFifoFillLevel
                0x08002722       0x26 build/stm32f4xx_hal_can.o
                0x08002722                HAL_CAN_GetRxFifoFillLevel
 .text.HAL_CAN_ActivateNotification
                0x08002748       0x24 build/stm32f4xx_hal_can.o
                0x08002748                HAL_CAN_ActivateNotification
 .text.HAL_CAN_TxMailbox0CompleteCallback
                0x0800276c        0x2 build/stm32f4xx_hal_can.o
                0x0800276c                HAL_CAN_TxMailbox0CompleteCallback
 .text.HAL_CAN_TxMailbox1CompleteCallback
                0x0800276e        0x2 build/stm32f4xx_hal_can.o
                0x0800276e                HAL_CAN_TxMailbox1CompleteCallback
 .text.HAL_CAN_TxMailbox2CompleteCallback
                0x08002770        0x2 build/stm32f4xx_hal_can.o
                0x08002770                HAL_CAN_TxMailbox2CompleteCallback
 .text.HAL_CAN_TxMailbox0AbortCallback
                0x08002772        0x2 build/stm32f4xx_hal_can.o
                0x08002772                HAL_CAN_TxMailbox0AbortCallback
 .text.HAL_CAN_TxMailbox1AbortCallback
                0x08002774        0x2 build/stm32f4xx_hal_can.o
                0x08002774                HAL_CAN_TxMailbox1AbortCallback
 .text.HAL_CAN_TxMailbox2AbortCallback
                0x08002776        0x2 build/stm32f4xx_hal_can.o
                0x08002776                HAL_CAN_TxMailbox2AbortCallback
 .text.HAL_CAN_RxFifo0FullCallback
                0x08002778        0x2 build/stm32f4xx_hal_can.o
                0x08002778                HAL_CAN_RxFifo0FullCallback
 .text.HAL_CAN_RxFifo1FullCallback
                0x0800277a        0x2 build/stm32f4xx_hal_can.o
                0x0800277a                HAL_CAN_RxFifo1FullCallback
 .text.HAL_CAN_SleepCallback
                0x0800277c        0x2 build/stm32f4xx_hal_can.o
                0x0800277c                HAL_CAN_SleepCallback
 .text.HAL_CAN_WakeUpFromRxMsgCallback
                0x0800277e        0x2 build/stm32f4xx_hal_can.o
                0x0800277e                HAL_CAN_WakeUpFromRxMsgCallback
 .text.HAL_CAN_ErrorCallback
                0x08002780        0x2 build/stm32f4xx_hal_can.o
                0x08002780                HAL_CAN_ErrorCallback
 .text.HAL_CAN_IRQHandler
                0x08002782      0x24a build/stm32f4xx_hal_can.o
                0x08002782                HAL_CAN_IRQHandler
 .text.HAL_RCC_OscConfig
                0x080029cc      0x3f8 build/stm32f4xx_hal_rcc.o
                0x080029cc                HAL_RCC_OscConfig
 .text.HAL_RCC_GetSysClockFreq
                0x08002dc4       0xd4 build/stm32f4xx_hal_rcc.o
                0x08002dc4                HAL_RCC_GetSysClockFreq
 .text.HAL_RCC_ClockConfig
                0x08002e98      0x160 build/stm32f4xx_hal_rcc.o
                0x08002e98                HAL_RCC_ClockConfig
 .text.HAL_RCC_GetHCLKFreq
                0x08002ff8        0xc build/stm32f4xx_hal_rcc.o
                0x08002ff8                HAL_RCC_GetHCLKFreq
 .text.HAL_RCC_GetPCLK2Freq
                0x08003004       0x20 build/stm32f4xx_hal_rcc.o
                0x08003004                HAL_RCC_GetPCLK2Freq
 .text.HAL_RCC_GetClockConfig
                0x08003024       0x3c build/stm32f4xx_hal_rcc.o
                0x08003024                HAL_RCC_GetClockConfig
 .text.HAL_GPIO_Init
                0x08003060      0x1e4 build/stm32f4xx_hal_gpio.o
                0x08003060                HAL_GPIO_Init
 .text.HAL_GPIO_WritePin
                0x08003244        0xc build/stm32f4xx_hal_gpio.o
                0x08003244                HAL_GPIO_WritePin
 .text.DMA_MultiBufferSetConfig
                0x08003250       0x24 build/stm32f4xx_hal_dma_ex.o
 .text.HAL_DMAEx_MultiBufferStart
                0x08003274       0x5e build/stm32f4xx_hal_dma_ex.o
                0x08003274                HAL_DMAEx_MultiBufferStart
 .text.DMA_SetConfig
                0x080032d2       0x2c build/stm32f4xx_hal_dma.o
 .text.HAL_DMA_Start_IT
                0x080032fe       0x6a build/stm32f4xx_hal_dma.o
                0x080032fe                HAL_DMA_Start_IT
 .text.HAL_DMA_Abort
                0x08003368       0x94 build/stm32f4xx_hal_dma.o
                0x08003368                HAL_DMA_Abort
 .text.HAL_DMA_Abort_IT
                0x080033fc       0x26 build/stm32f4xx_hal_dma.o
                0x080033fc                HAL_DMA_Abort_IT
 *fill*         0x08003422        0x2 
 .text.HAL_DMA_IRQHandler
                0x08003424      0x1dc build/stm32f4xx_hal_dma.o
                0x08003424                HAL_DMA_IRQHandler
 .text.HAL_DMA_GetError
                0x08003600        0x4 build/stm32f4xx_hal_dma.o
                0x08003600                HAL_DMA_GetError
 .text.HAL_NVIC_SetPriorityGrouping
                0x08003604       0x24 build/stm32f4xx_hal_cortex.o
                0x08003604                HAL_NVIC_SetPriorityGrouping
 .text.HAL_NVIC_SetPriority
                0x08003628       0x70 build/stm32f4xx_hal_cortex.o
                0x08003628                HAL_NVIC_SetPriority
 .text.HAL_NVIC_EnableIRQ
                0x08003698       0x1c build/stm32f4xx_hal_cortex.o
                0x08003698                HAL_NVIC_EnableIRQ
 .text.HAL_Init
                0x080036b4       0x34 build/stm32f4xx_hal.o
                0x080036b4                HAL_Init
 .text.HAL_IncTick
                0x080036e8       0x18 build/stm32f4xx_hal.o
                0x080036e8                HAL_IncTick
 .text.HAL_GetTick
                0x08003700        0xc build/stm32f4xx_hal.o
                0x08003700                HAL_GetTick
 .text.HAL_Delay
                0x0800370c       0x28 build/stm32f4xx_hal.o
                0x0800370c                HAL_Delay
 .text.HAL_TIM_Base_Start_IT
                0x08003734       0x88 build/stm32f4xx_hal_tim.o
                0x08003734                HAL_TIM_Base_Start_IT
 .text.HAL_TIM_OC_DelayElapsedCallback
                0x080037bc        0x2 build/stm32f4xx_hal_tim.o
                0x080037bc                HAL_TIM_OC_DelayElapsedCallback
 .text.HAL_TIM_IC_CaptureCallback
                0x080037be        0x2 build/stm32f4xx_hal_tim.o
                0x080037be                HAL_TIM_IC_CaptureCallback
 .text.HAL_TIM_PWM_PulseFinishedCallback
                0x080037c0        0x2 build/stm32f4xx_hal_tim.o
                0x080037c0                HAL_TIM_PWM_PulseFinishedCallback
 .text.HAL_TIM_TriggerCallback
                0x080037c2        0x2 build/stm32f4xx_hal_tim.o
                0x080037c2                HAL_TIM_TriggerCallback
 .text.HAL_TIM_IRQHandler
                0x080037c4      0x15e build/stm32f4xx_hal_tim.o
                0x080037c4                HAL_TIM_IRQHandler
 *fill*         0x08003922        0x2 
 .text.TIM_Base_SetConfig
                0x08003924       0xd8 build/stm32f4xx_hal_tim.o
                0x08003924                TIM_Base_SetConfig
 .text.HAL_TIM_Base_Init
                0x080039fc       0x58 build/stm32f4xx_hal_tim.o
                0x080039fc                HAL_TIM_Base_Init
 .text.HAL_TIMEx_CommutCallback
                0x08003a54        0x2 build/stm32f4xx_hal_tim_ex.o
                0x08003a54                HAL_TIMEx_CommutCallback
 .text.HAL_TIMEx_BreakCallback
                0x08003a56        0x2 build/stm32f4xx_hal_tim_ex.o
                0x08003a56                HAL_TIMEx_BreakCallback
 .text.UART_EndTxTransfer
                0x08003a58       0x20 build/stm32f4xx_hal_uart.o
 .text.UART_EndRxTransfer
                0x08003a78       0x5c build/stm32f4xx_hal_uart.o
 .text.UART_Transmit_IT
                0x08003ad4       0x60 build/stm32f4xx_hal_uart.o
 .text.HAL_UART_AbortReceive
                0x08003b34       0xa6 build/stm32f4xx_hal_uart.o
                0x08003b34                HAL_UART_AbortReceive
 .text.UART_EndTransmit_IT
                0x08003bda       0x1a build/stm32f4xx_hal_uart.o
 .text.UART_DMAError
                0x08003bf4       0x58 build/stm32f4xx_hal_uart.o
 .text.UART_DMAAbortOnError
                0x08003c4c       0x10 build/stm32f4xx_hal_uart.o
 .text.UART_Receive_IT
                0x08003c5c       0xe6 build/stm32f4xx_hal_uart.o
 *fill*         0x08003d42        0x2 
 .text.HAL_UART_IRQHandler
                0x08003d44      0x288 build/stm32f4xx_hal_uart.o
                0x08003d44                HAL_UART_IRQHandler
 .text.UART_DMARxHalfCplt
                0x08003fcc       0x1e build/stm32f4xx_hal_uart.o
 .text.UART_DMAReceiveCplt
                0x08003fea       0x9a build/stm32f4xx_hal_uart.o
 .text.UART_Start_Receive_IT
                0x08004084       0x36 build/stm32f4xx_hal_uart.o
                0x08004084                UART_Start_Receive_IT
 .text.HAL_UART_Receive_IT
                0x080040ba       0x26 build/stm32f4xx_hal_uart.o
                0x080040ba                HAL_UART_Receive_IT
 .text.HAL_UARTEx_ReceiveToIdle_IT
                0x080040e0       0x66 build/stm32f4xx_hal_uart.o
                0x080040e0                HAL_UARTEx_ReceiveToIdle_IT
 *fill*         0x08004146        0x2 
 .text.UART_Start_Receive_DMA
                0x08004148       0xa4 build/stm32f4xx_hal_uart.o
                0x08004148                UART_Start_Receive_DMA
 .text.HAL_UART_Receive_DMA
                0x080041ec       0x26 build/stm32f4xx_hal_uart.o
                0x080041ec                HAL_UART_Receive_DMA
 .text.HAL_UARTEx_ReceiveToIdle_DMA
                0x08004212       0x66 build/stm32f4xx_hal_uart.o
                0x08004212                HAL_UARTEx_ReceiveToIdle_DMA
 .text.HAL_SPI_ErrorCallback
                0x08004278        0x2 build/stm32f4xx_hal_spi.o
                0x08004278                HAL_SPI_ErrorCallback
 *fill*         0x0800427a        0x2 
 .text.HAL_SPI_IRQHandler
                0x0800427c      0x124 build/stm32f4xx_hal_spi.o
                0x0800427c                HAL_SPI_IRQHandler
 .text.SPI_DMAAbortOnError
                0x080043a0       0x10 build/stm32f4xx_hal_spi.o
 .text.USB_CoreReset
                0x080043b0       0x4a build/stm32f4xx_ll_usb.o
 .text.USB_CoreInit
                0x080043fa       0x92 build/stm32f4xx_ll_usb.o
                0x080043fa                USB_CoreInit
 .text.USB_SetTurnaroundTime
                0x0800448c       0xe4 build/stm32f4xx_ll_usb.o
                0x0800448c                USB_SetTurnaroundTime
 .text.USB_EnableGlobalInt
                0x08004570        0xc build/stm32f4xx_ll_usb.o
                0x08004570                USB_EnableGlobalInt
 .text.USB_DisableGlobalInt
                0x0800457c        0xc build/stm32f4xx_ll_usb.o
                0x0800457c                USB_DisableGlobalInt
 .text.USB_FlushTxFifo
                0x08004588       0x4a build/stm32f4xx_ll_usb.o
                0x08004588                USB_FlushTxFifo
 .text.USB_FlushRxFifo
                0x080045d2       0x46 build/stm32f4xx_ll_usb.o
                0x080045d2                USB_FlushRxFifo
 .text.USB_SetDevSpeed
                0x08004618        0xe build/stm32f4xx_ll_usb.o
                0x08004618                USB_SetDevSpeed
 *fill*         0x08004626        0x2 
 .text.USB_DevInit
                0x08004628      0x194 build/stm32f4xx_ll_usb.o
                0x08004628                USB_DevInit
 .text.USB_GetDevSpeed
                0x080047bc       0x22 build/stm32f4xx_ll_usb.o
                0x080047bc                USB_GetDevSpeed
 .text.USB_ActivateEndpoint
                0x080047de       0x9c build/stm32f4xx_ll_usb.o
                0x080047de                USB_ActivateEndpoint
 *fill*         0x0800487a        0x2 
 .text.USB_DeactivateEndpoint
                0x0800487c       0xe0 build/stm32f4xx_ll_usb.o
                0x0800487c                USB_DeactivateEndpoint
 .text.USB_EPStopXfer
                0x0800495c       0xbe build/stm32f4xx_ll_usb.o
                0x0800495c                USB_EPStopXfer
 .text.USB_WritePacket
                0x08004a1a       0x2e build/stm32f4xx_ll_usb.o
                0x08004a1a                USB_WritePacket
 .text.USB_EPStartXfer
                0x08004a48      0x248 build/stm32f4xx_ll_usb.o
                0x08004a48                USB_EPStartXfer
 .text.USB_ReadPacket
                0x08004c90       0x54 build/stm32f4xx_ll_usb.o
                0x08004c90                USB_ReadPacket
 .text.USB_EPSetStall
                0x08004ce4       0x5a build/stm32f4xx_ll_usb.o
                0x08004ce4                USB_EPSetStall
 .text.USB_EPClearStall
                0x08004d3e       0x5c build/stm32f4xx_ll_usb.o
                0x08004d3e                USB_EPClearStall
 .text.USB_SetDevAddress
                0x08004d9a       0x20 build/stm32f4xx_ll_usb.o
                0x08004d9a                USB_SetDevAddress
 .text.USB_DevConnect
                0x08004dba       0x1c build/stm32f4xx_ll_usb.o
                0x08004dba                USB_DevConnect
 .text.USB_DevDisconnect
                0x08004dd6       0x1c build/stm32f4xx_ll_usb.o
                0x08004dd6                USB_DevDisconnect
 .text.USB_ReadInterrupts
                0x08004df2        0x8 build/stm32f4xx_ll_usb.o
                0x08004df2                USB_ReadInterrupts
 .text.USB_ReadDevAllOutEpInterrupt
                0x08004dfa       0x10 build/stm32f4xx_ll_usb.o
                0x08004dfa                USB_ReadDevAllOutEpInterrupt
 .text.USB_ReadDevAllInEpInterrupt
                0x08004e0a       0x10 build/stm32f4xx_ll_usb.o
                0x08004e0a                USB_ReadDevAllInEpInterrupt
 .text.USB_ReadDevOutEPInterrupt
                0x08004e1a       0x12 build/stm32f4xx_ll_usb.o
                0x08004e1a                USB_ReadDevOutEPInterrupt
 .text.USB_ReadDevInEPInterrupt
                0x08004e2c       0x28 build/stm32f4xx_ll_usb.o
                0x08004e2c                USB_ReadDevInEPInterrupt
 .text.USB_GetMode
                0x08004e54        0x8 build/stm32f4xx_ll_usb.o
                0x08004e54                USB_GetMode
 .text.USB_SetCurrentMode
                0x08004e5c       0x62 build/stm32f4xx_ll_usb.o
                0x08004e5c                USB_SetCurrentMode
 .text.USB_ActivateSetup
                0x08004ebe       0x20 build/stm32f4xx_ll_usb.o
                0x08004ebe                USB_ActivateSetup
 *fill*         0x08004ede        0x2 
 .text.USB_EP0_OutStart
                0x08004ee0       0x60 build/stm32f4xx_ll_usb.o
                0x08004ee0                USB_EP0_OutStart
 .text.SystemInit
                0x08004f40       0x14 build/system_stm32f4xx.o
                0x08004f40                SystemInit
 .text.vListInitialise
                0x08004f54       0x16 build/list.o
                0x08004f54                vListInitialise
 .text.vListInitialiseItem
                0x08004f6a        0x6 build/list.o
                0x08004f6a                vListInitialiseItem
 .text.vListInsertEnd
                0x08004f70       0x16 build/list.o
                0x08004f70                vListInsertEnd
 .text.vListInsert
                0x08004f86       0x32 build/list.o
                0x08004f86                vListInsert
 .text.uxListRemove
                0x08004fb8       0x26 build/list.o
                0x08004fb8                uxListRemove
 *fill*         0x08004fde        0x2 
 .text.prvResetNextTaskUnblockTime
                0x08004fe0       0x2c build/tasks.o
 .text.prvInitialiseNewTask
                0x0800500c       0xa2 build/tasks.o
 *fill*         0x080050ae        0x2 
 .text.prvInitialiseTaskLists
                0x080050b0       0x68 build/tasks.o
 .text.prvAddNewTaskToReadyList
                0x08005118       0xa8 build/tasks.o
 .text.prvDeleteTCB
                0x080051c0       0x38 build/tasks.o
 .text.prvCheckTasksWaitingTermination
                0x080051f8       0x4c build/tasks.o
 .text.prvIdleTask
                0x08005244       0x28 build/tasks.o
 .text.prvAddCurrentTaskToDelayedList
                0x0800526c       0x98 build/tasks.o
 .text.xTaskCreateStatic
                0x08005304       0x76 build/tasks.o
                0x08005304                xTaskCreateStatic
 .text.xTaskCreate
                0x0800537a       0x68 build/tasks.o
                0x0800537a                xTaskCreate
 *fill*         0x080053e2        0x2 
 .text.vTaskStartScheduler
                0x080053e4       0x74 build/tasks.o
                0x080053e4                vTaskStartScheduler
 .text.vTaskSuspendAll
                0x08005458       0x10 build/tasks.o
                0x08005458                vTaskSuspendAll
 .text.xTaskGetTickCount
                0x08005468        0xc build/tasks.o
                0x08005468                xTaskGetTickCount
 .text.xTaskIncrementTick
                0x08005474      0x118 build/tasks.o
                0x08005474                xTaskIncrementTick
 .text.xTaskResumeAll
                0x0800558c       0xf8 build/tasks.o
                0x0800558c                xTaskResumeAll
 .text.vTaskDelay
                0x08005684       0x4c build/tasks.o
                0x08005684                vTaskDelay
 .text.vTaskSwitchContext
                0x080056d0       0x98 build/tasks.o
                0x080056d0                vTaskSwitchContext
 .text.makeFreeRtosPriority
                0x08005768        0xc build/cmsis_os.o
 .text.osKernelStart
                0x08005774        0xa build/cmsis_os.o
                0x08005774                osKernelStart
 .text.osThreadCreate
                0x0800577e       0x6a build/cmsis_os.o
                0x0800577e                osThreadCreate
 .text.prvHeapInit
                0x080057e8       0x64 build/heap_4.o
 .text.prvInsertBlockIntoFreeList
                0x0800584c       0x64 build/heap_4.o
 .text.pvPortMalloc
                0x080058b0       0xfc build/heap_4.o
                0x080058b0                pvPortMalloc
 .text.vPortFree
                0x080059ac       0x7c build/heap_4.o
                0x080059ac                vPortFree
 .text.prvTaskExitError
                0x08005a28       0x40 build/port.o
 .text.prvPortStartFirstTask
                0x08005a68       0x28 build/port.o
 .text.vPortEnableVFP
                0x08005a90       0x14 build/port.o
 .text.pxPortInitialiseStack
                0x08005aa4       0x2c build/port.o
                0x08005aa4                pxPortInitialiseStack
 .text.SVC_Handler
                0x08005ad0       0x24 build/port.o
                0x08005ad0                SVC_Handler
 .text.vPortEnterCritical
                0x08005af4       0x44 build/port.o
                0x08005af4                vPortEnterCritical
 .text.vPortExitCritical
                0x08005b38       0x2c build/port.o
                0x08005b38                vPortExitCritical
 *fill*         0x08005b64        0xc 
 .text.PendSV_Handler
                0x08005b70       0x64 build/port.o
                0x08005b70                PendSV_Handler
 .text.SysTick_Handler
                0x08005bd4       0x2c build/port.o
                0x08005bd4                SysTick_Handler
 .text.vPortSetupTimerInterrupt
                0x08005c00       0x28 build/port.o
                0x08005c00                vPortSetupTimerInterrupt
 .text.xPortStartScheduler
                0x08005c28      0x118 build/port.o
                0x08005c28                xPortStartScheduler
 .text.USBD_Init
                0x08005d40       0x2e build/usbd_core.o
                0x08005d40                USBD_Init
 .text.USBD_RegisterClass
                0x08005d6e       0x34 build/usbd_core.o
                0x08005d6e                USBD_RegisterClass
 .text.USBD_Start
                0x08005da2        0x8 build/usbd_core.o
                0x08005da2                USBD_Start
 .text.USBD_SetClassConfig
                0x08005daa       0x12 build/usbd_core.o
                0x08005daa                USBD_SetClassConfig
 .text.USBD_ClrClassConfig
                0x08005dbc       0x12 build/usbd_core.o
                0x08005dbc                USBD_ClrClassConfig
 .text.USBD_LL_SetupStage
                0x08005dce       0x58 build/usbd_core.o
                0x08005dce                USBD_LL_SetupStage
 .text.USBD_LL_Reset
                0x08005e26       0x64 build/usbd_core.o
                0x08005e26                USBD_LL_Reset
 .text.USBD_LL_SetSpeed
                0x08005e8a        0x6 build/usbd_core.o
                0x08005e8a                USBD_LL_SetSpeed
 .text.USBD_LL_Suspend
                0x08005e90       0x1e build/usbd_core.o
                0x08005e90                USBD_LL_Suspend
 .text.USBD_LL_Resume
                0x08005eae       0x1a build/usbd_core.o
                0x08005eae                USBD_LL_Resume
 .text.USBD_LL_SOF
                0x08005ec8       0x22 build/usbd_core.o
                0x08005ec8                USBD_LL_SOF
 .text.USBD_LL_IsoINIncomplete
                0x08005eea       0x2e build/usbd_core.o
                0x08005eea                USBD_LL_IsoINIncomplete
 .text.USBD_LL_IsoOUTIncomplete
                0x08005f18       0x2e build/usbd_core.o
                0x08005f18                USBD_LL_IsoOUTIncomplete
 .text.USBD_LL_DevConnected
                0x08005f46        0x4 build/usbd_core.o
                0x08005f46                USBD_LL_DevConnected
 .text.USBD_LL_DevDisconnected
                0x08005f4a       0x20 build/usbd_core.o
                0x08005f4a                USBD_LL_DevDisconnected
 .text.USBD_CoreFindIF
                0x08005f6a        0x4 build/usbd_core.o
                0x08005f6a                USBD_CoreFindIF
 .text.USBD_CoreFindEP
                0x08005f6e        0x4 build/usbd_core.o
                0x08005f6e                USBD_CoreFindEP
 .text.USBD_LL_DataOutStage
                0x08005f72       0xc6 build/usbd_core.o
                0x08005f72                USBD_LL_DataOutStage
 .text.USBD_LL_DataInStage
                0x08006038       0xd6 build/usbd_core.o
                0x08006038                USBD_LL_DataInStage
 .text.USBD_GetNextDesc
                0x0800610e        0xe build/usbd_core.o
                0x0800610e                USBD_GetNextDesc
 .text.USBD_GetEpDesc
                0x0800611c       0x3e build/usbd_core.o
                0x0800611c                USBD_GetEpDesc
 .text.USBD_GetLen
                0x0800615a       0x14 build/usbd_ctlreq.o
 .text.USBD_ParseSetupRequest
                0x0800616e       0x28 build/usbd_ctlreq.o
                0x0800616e                USBD_ParseSetupRequest
 .text.USBD_CtlError
                0x08006196       0x14 build/usbd_ctlreq.o
                0x08006196                USBD_CtlError
 .text.USBD_GetDescriptor
                0x080061aa      0x18a build/usbd_ctlreq.o
 .text.USBD_SetAddress
                0x08006334       0x50 build/usbd_ctlreq.o
 .text.USBD_SetConfig
                0x08006384       0xcc build/usbd_ctlreq.o
 .text.USBD_GetConfig
                0x08006450       0x40 build/usbd_ctlreq.o
 .text.USBD_GetStatus
                0x08006490       0x38 build/usbd_ctlreq.o
 .text.USBD_SetFeature
                0x080064c8       0x2a build/usbd_ctlreq.o
 .text.USBD_ClrFeature
                0x080064f2       0x26 build/usbd_ctlreq.o
 .text.USBD_StdDevReq
                0x08006518       0x76 build/usbd_ctlreq.o
                0x08006518                USBD_StdDevReq
 .text.USBD_StdItfReq
                0x0800658e       0x84 build/usbd_ctlreq.o
                0x0800658e                USBD_StdItfReq
 .text.USBD_StdEPReq
                0x08006612      0x230 build/usbd_ctlreq.o
                0x08006612                USBD_StdEPReq
 .text.USBD_GetString
                0x08006842       0x46 build/usbd_ctlreq.o
                0x08006842                USBD_GetString
 .text.USBD_CtlSendData
                0x08006888       0x1a build/usbd_ioreq.o
                0x08006888                USBD_CtlSendData
 .text.USBD_CtlContinueSendData
                0x080068a2       0x10 build/usbd_ioreq.o
                0x080068a2                USBD_CtlContinueSendData
 .text.USBD_CtlPrepareRx
                0x080068b2       0x1e build/usbd_ioreq.o
                0x080068b2                USBD_CtlPrepareRx
 .text.USBD_CtlContinueRx
                0x080068d0       0x10 build/usbd_ioreq.o
                0x080068d0                USBD_CtlContinueRx
 .text.USBD_CtlSendStatus
                0x080068e0       0x16 build/usbd_ioreq.o
                0x080068e0                USBD_CtlSendStatus
 .text.USBD_CtlReceiveStatus
                0x080068f6       0x16 build/usbd_ioreq.o
                0x080068f6                USBD_CtlReceiveStatus
 .text.USBD_CDC_EP0_RxReady
                0x0800690c       0x40 build/usbd_cdc.o
 .text.USBD_CDC_GetDeviceQualifierDescriptor
                0x0800694c        0xc build/usbd_cdc.o
                0x0800694c                USBD_CDC_GetDeviceQualifierDescriptor
 .text.USBD_CDC_GetOtherSpeedCfgDesc
                0x08006958       0x48 build/usbd_cdc.o
 .text.USBD_CDC_GetFSCfgDesc
                0x080069a0       0x48 build/usbd_cdc.o
 .text.USBD_CDC_GetHSCfgDesc
                0x080069e8       0x48 build/usbd_cdc.o
 .text.USBD_CDC_DataOut
                0x08006a30       0x38 build/usbd_cdc.o
 .text.USBD_CDC_DataIn
                0x08006a68       0x7c build/usbd_cdc.o
 .text.USBD_CDC_Setup
                0x08006ae4      0x11a build/usbd_cdc.o
 .text.USBD_CDC_DeInit
                0x08006bfe       0x64 build/usbd_cdc.o
 .text.USBD_CDC_Init
                0x08006c62       0xee build/usbd_cdc.o
 .text.USBD_CDC_RegisterInterface
                0x08006d50       0x16 build/usbd_cdc.o
                0x08006d50                USBD_CDC_RegisterInterface
 .text.USBD_CDC_SetTxBuffer
                0x08006d66       0x1c build/usbd_cdc.o
                0x08006d66                USBD_CDC_SetTxBuffer
 .text.USBD_CDC_SetRxBuffer
                0x08006d82       0x18 build/usbd_cdc.o
                0x08006d82                USBD_CDC_SetRxBuffer
 .text.USBD_CDC_ReceivePacket
                0x08006d9a       0x38 build/usbd_cdc.o
                0x08006d9a                USBD_CDC_ReceivePacket
 *fill*         0x08006dd2        0x2 
 .text._sbrk    0x08006dd4       0x48 build/sysmem.o
                0x08006dd4                _sbrk
 .text._getpid  0x08006e1c        0x4 build/syscalls.o
                0x08006e1c                _getpid
 .text._kill    0x08006e20       0x10 build/syscalls.o
                0x08006e20                _kill
 .text._exit    0x08006e30        0xc build/syscalls.o
                0x08006e30                _exit
 .text.MX_USB_DEVICE_Init
                0x08006e3c       0x54 build/usb_device.o
                0x08006e3c                MX_USB_DEVICE_Init
 .text.USBD_FS_DeviceDescriptor
                0x08006e90        0xc build/usbd_desc.o
                0x08006e90                USBD_FS_DeviceDescriptor
 .text.USBD_FS_LangIDStrDescriptor
                0x08006e9c        0xc build/usbd_desc.o
                0x08006e9c                USBD_FS_LangIDStrDescriptor
 .text.IntToUnicode
                0x08006ea8       0x46 build/usbd_desc.o
 *fill*         0x08006eee        0x2 
 .text.Get_SerialNum
                0x08006ef0       0x38 build/usbd_desc.o
 .text.USBD_FS_SerialStrDescriptor
                0x08006f28       0x14 build/usbd_desc.o
                0x08006f28                USBD_FS_SerialStrDescriptor
 .text.USBD_FS_ProductStrDescriptor
                0x08006f3c       0x24 build/usbd_desc.o
                0x08006f3c                USBD_FS_ProductStrDescriptor
 .text.USBD_FS_ManufacturerStrDescriptor
                0x08006f60       0x1c build/usbd_desc.o
                0x08006f60                USBD_FS_ManufacturerStrDescriptor
 .text.USBD_FS_ConfigStrDescriptor
                0x08006f7c       0x24 build/usbd_desc.o
                0x08006f7c                USBD_FS_ConfigStrDescriptor
 .text.USBD_FS_InterfaceStrDescriptor
                0x08006fa0       0x24 build/usbd_desc.o
                0x08006fa0                USBD_FS_InterfaceStrDescriptor
 .text.CDC_DeInit_FS
                0x08006fc4        0x4 build/usbd_cdc_if.o
 .text.CDC_Control_FS
                0x08006fc8        0x4 build/usbd_cdc_if.o
 .text.CDC_TransmitCplt_FS
                0x08006fcc        0x4 build/usbd_cdc_if.o
 .text.CDC_Receive_FS
                0x08006fd0       0x30 build/usbd_cdc_if.o
 .text.CDC_Init_FS
                0x08007000       0x28 build/usbd_cdc_if.o
 .text.HAL_PCD_MspInit
                0x08007028       0x84 build/usbd_conf.o
                0x08007028                HAL_PCD_MspInit
 .text.HAL_PCD_SetupStageCallback
                0x080070ac       0x10 build/usbd_conf.o
                0x080070ac                HAL_PCD_SetupStageCallback
 .text.HAL_PCD_DataOutStageCallback
                0x080070bc       0x18 build/usbd_conf.o
                0x080070bc                HAL_PCD_DataOutStageCallback
 .text.HAL_PCD_DataInStageCallback
                0x080070d4       0x16 build/usbd_conf.o
                0x080070d4                HAL_PCD_DataInStageCallback
 .text.HAL_PCD_SOFCallback
                0x080070ea        0xc build/usbd_conf.o
                0x080070ea                HAL_PCD_SOFCallback
 .text.HAL_PCD_ResetCallback
                0x080070f6       0x28 build/usbd_conf.o
                0x080070f6                HAL_PCD_ResetCallback
 *fill*         0x0800711e        0x2 
 .text.HAL_PCD_SuspendCallback
                0x08007120       0x30 build/usbd_conf.o
                0x08007120                HAL_PCD_SuspendCallback
 .text.HAL_PCD_ResumeCallback
                0x08007150        0xc build/usbd_conf.o
                0x08007150                HAL_PCD_ResumeCallback
 .text.HAL_PCD_ISOOUTIncompleteCallback
                0x0800715c        0xc build/usbd_conf.o
                0x0800715c                HAL_PCD_ISOOUTIncompleteCallback
 .text.HAL_PCD_ISOINIncompleteCallback
                0x08007168        0xc build/usbd_conf.o
                0x08007168                HAL_PCD_ISOINIncompleteCallback
 .text.HAL_PCD_ConnectCallback
                0x08007174        0xc build/usbd_conf.o
                0x08007174                HAL_PCD_ConnectCallback
 .text.HAL_PCD_DisconnectCallback
                0x08007180        0xc build/usbd_conf.o
                0x08007180                HAL_PCD_DisconnectCallback
 .text.USBD_LL_Init
                0x0800718c       0x68 build/usbd_conf.o
                0x0800718c                USBD_LL_Init
 .text.USBD_LL_IsStallEP
                0x080071f4       0x2c build/usbd_conf.o
                0x080071f4                USBD_LL_IsStallEP
 .text.USBD_LL_GetRxDataSize
                0x08007220        0xc build/usbd_conf.o
                0x08007220                USBD_LL_GetRxDataSize
 .text.USBD_static_malloc
                0x0800722c        0x8 build/usbd_conf.o
                0x0800722c                USBD_static_malloc
 .text.USBD_static_free
                0x08007234        0x2 build/usbd_conf.o
                0x08007234                USBD_static_free
 .text.USBD_Get_USB_Status
                0x08007236       0x14 build/usbd_conf.o
                0x08007236                USBD_Get_USB_Status
 .text.USBD_LL_Start
                0x0800724a       0x10 build/usbd_conf.o
                0x0800724a                USBD_LL_Start
 .text.USBD_LL_OpenEP
                0x0800725a       0x16 build/usbd_conf.o
                0x0800725a                USBD_LL_OpenEP
 .text.USBD_LL_CloseEP
                0x08007270       0x10 build/usbd_conf.o
                0x08007270                USBD_LL_CloseEP
 .text.USBD_LL_StallEP
                0x08007280       0x10 build/usbd_conf.o
                0x08007280                USBD_LL_StallEP
 .text.USBD_LL_ClearStallEP
                0x08007290       0x10 build/usbd_conf.o
                0x08007290                USBD_LL_ClearStallEP
 .text.USBD_LL_SetUSBAddress
                0x080072a0       0x10 build/usbd_conf.o
                0x080072a0                USBD_LL_SetUSBAddress
 .text.USBD_LL_Transmit
                0x080072b0       0x10 build/usbd_conf.o
                0x080072b0                USBD_LL_Transmit
 .text.USBD_LL_PrepareReceive
                0x080072c0       0x10 build/usbd_conf.o
                0x080072c0                USBD_LL_PrepareReceive
 .text.fifo_s_puts
                0x080072d0       0x7c build/fifo.o
                0x080072d0                fifo_s_puts
 .text._ZN12filter_alg_n20first_order_filter_cC2Ef
                0x0800734c       0x36 build/filter.o
                0x0800734c                filter_alg_n::first_order_filter_c::first_order_filter_c(float)
                0x0800734c                filter_alg_n::first_order_filter_c::first_order_filter_c(float)
 .text._ZN12filter_alg_n20first_order_filter_c18first_order_filterEf
                0x08007382       0x2a build/filter.o
                0x08007382                filter_alg_n::first_order_filter_c::first_order_filter(float)
 .text._ZN12filter_alg_n20first_order_filter_c23first_order_filter_initEf
                0x080073ac       0x36 build/filter.o
                0x080073ac                filter_alg_n::first_order_filter_c::first_order_filter_init(float)
 .text._ZN12filter_alg_n20first_order_filter_c24first_order_filter_clearEv
                0x080073e2        0xa build/filter.o
                0x080073e2                filter_alg_n::first_order_filter_c::first_order_filter_clear()
 .text._ZN9lqr_alg_n9lqr_alg_c17ECF_LQR_CalculateEv
                0x080073ec       0x60 build/lqr_alg.o
                0x080073ec                lqr_alg_n::lqr_alg_c::ECF_LQR_Calculate()
 .text._ZN9lqr_alg_n9lqr_alg_cC2EhhPf
                0x0800744c       0x52 build/lqr_alg.o
                0x0800744c                lqr_alg_n::lqr_alg_c::lqr_alg_c(unsigned char, unsigned char, float*)
                0x0800744c                lqr_alg_n::lqr_alg_c::lqr_alg_c(unsigned char, unsigned char, float*)
 .text._ZN9lqr_alg_n9lqr_alg_c19ECF_LQR_Data_UpdateEPf
                0x0800749e       0x20 build/lqr_alg.o
                0x0800749e                lqr_alg_n::lqr_alg_c::ECF_LQR_Data_Update(float*)
 *fill*         0x080074be        0x2 
 .text._ZN9pid_alg_n9pid_alg_cC2Ev
                0x080074c0       0x3c build/Alg_PID.o
                0x080074c0                pid_alg_n::pid_alg_c::pid_alg_c()
                0x080074c0                pid_alg_n::pid_alg_c::pid_alg_c()
 .text._ZN9pid_alg_n9pid_alg_c26ECF_PID_ChangeActValSourceEPf
                0x080074fc        0x6 build/Alg_PID.o
                0x080074fc                pid_alg_n::pid_alg_c::ECF_PID_ChangeActValSource(float*)
 .text._ZN9pid_alg_n9pid_alg_c13ECF_PID_CLEAREv
                0x08007502       0x36 build/Alg_PID.o
                0x08007502                pid_alg_n::pid_alg_c::ECF_PID_CLEAR()
 .text._ZN9pid_alg_n9pid_alg_cC2ENS_17PID_Init_Config_tE
                0x08007538       0xaa build/Alg_PID.o
                0x08007538                pid_alg_n::pid_alg_c::pid_alg_c(pid_alg_n::PID_Init_Config_t)
                0x08007538                pid_alg_n::pid_alg_c::pid_alg_c(pid_alg_n::PID_Init_Config_t)
 .text._ZN9pid_alg_n9pid_alg_c8pid_initENS_17PID_Init_Config_tE
                0x080075e2       0x92 build/Alg_PID.o
                0x080075e2                pid_alg_n::pid_alg_c::pid_init(pid_alg_n::PID_Init_Config_t)
 .text._ZN9pid_alg_n9pid_alg_c17ECF_PID_CalculateEf
                0x08007674      0x2f4 build/Alg_PID.o
                0x08007674                pid_alg_n::pid_alg_c::ECF_PID_Calculate(float)
 .text._ZN9pid_alg_n9pid_alg_c17ECF_PID_CalculateEff
                0x08007968      0x2d8 build/Alg_PID.o
                0x08007968                pid_alg_n::pid_alg_c::ECF_PID_Calculate(float, float)
 .text._ZN9pid_alg_n9pid_alg_c23ECF_PID_GetActValSourceEv
                0x08007c40        0x6 build/Alg_PID.o
                0x08007c40                pid_alg_n::pid_alg_c::ECF_PID_GetActValSource()
 .text._ZN9pid_alg_n13cascade_pid_cC2ENS_17PID_Init_Config_tES1_f
                0x08007c46       0x8e build/Alg_PID.o
                0x08007c46                pid_alg_n::cascade_pid_c::cascade_pid_c(pid_alg_n::PID_Init_Config_t, pid_alg_n::PID_Init_Config_t, float)
                0x08007c46                pid_alg_n::cascade_pid_c::cascade_pid_c(pid_alg_n::PID_Init_Config_t, pid_alg_n::PID_Init_Config_t, float)
 .text._ZN9pid_alg_n13cascade_pid_c17Cascade_pid_ClearEv
                0x08007cd4       0x14 build/Alg_PID.o
                0x08007cd4                pid_alg_n::cascade_pid_c::Cascade_pid_Clear()
 .text._ZN9pid_alg_n13cascade_pid_c21Cascade_pid_CalculateEPKfS2_S2_
                0x08007ce8       0x9c build/Alg_PID.o
                0x08007ce8                pid_alg_n::cascade_pid_c::Cascade_pid_Calculate(float const*, float const*, float const*)
 .text._Z41__static_initialization_and_destruction_0ii
                0x08007d84       0x24 build/quaternion_EKF.o
 .text._GLOBAL__sub_I_QEKF_INS
                0x08007da8        0xe build/quaternion_EKF.o
 .text._ZN12user_maths_c19loop_fp32_constrainEfff
                0x08007db6       0x48 build/user_maths.o
                0x08007db6                user_maths_c::loop_fp32_constrain(float, float, float)
 *fill*         0x08007dfe        0x2 
 .text._ZN12user_maths_c18float_min_distanceEffff
                0x08007e00       0x90 build/user_maths.o
                0x08007e00                user_maths_c::float_min_distance(float, float, float, float)
 .text._ZN12user_maths_c14user_val_limitEfff
                0x08007e90       0x1e build/user_maths.o
                0x08007e90                user_maths_c::user_val_limit(float, float, float)
 *fill*         0x08007eae        0x2 
 .text._ZN7USART_N7usart_cC2ERNS_12usart_init_tE
                0x08007eb0       0x48 build/bsp_usart_F4.o
                0x08007eb0                USART_N::usart_c::usart_c(USART_N::usart_init_t&)
                0x08007eb0                USART_N::usart_c::usart_c(USART_N::usart_init_t&)
 .text._ZN7USART_N7usart_c15USART_stop_recvEv
                0x08007ef8       0x22 build/bsp_usart_F4.o
                0x08007ef8                USART_N::usart_c::USART_stop_recv()
 .text._ZN7USART_N7usart_c27usart_RxDMA_double_buf_initEP20__UART_HandleTypeDefPmS3_m
                0x08007f1a       0x36 build/bsp_usart_F4.o
                0x08007f1a                USART_N::usart_c::usart_RxDMA_double_buf_init(__UART_HandleTypeDef*, unsigned long*, unsigned long*, unsigned long)
 .text._ZN7USART_N7usart_c14USART_rx_startEv
                0x08007f50       0x96 build/bsp_usart_F4.o
                0x08007f50                USART_N::usart_c::USART_rx_start()
 *fill*         0x08007fe6        0x2 
 .text._ZN7USART_N7usart_c17USART_RX_callbackEP20__UART_HandleTypeDef
                0x08007fe8       0x2c build/bsp_usart_F4.o
                0x08007fe8                USART_N::usart_c::USART_RX_callback(__UART_HandleTypeDef*)
 .text._ZN7USART_N7usart_c17USART_RX_callbackEP20__UART_HandleTypeDeft
                0x08008014       0x90 build/bsp_usart_F4.o
                0x08008014                USART_N::usart_c::USART_RX_callback(__UART_HandleTypeDef*, unsigned short)
 .text._ZN7USART_N7usart_c17USART_TX_callbackEP20__UART_HandleTypeDef
                0x080080a4       0x20 build/bsp_usart_F4.o
                0x080080a4                USART_N::usart_c::USART_TX_callback(__UART_HandleTypeDef*)
 .text._ZN7USART_N7usart_c20USART_ERORR_callbackEP20__UART_HandleTypeDef
                0x080080c4       0x2c build/bsp_usart_F4.o
                0x080080c4                USART_N::usart_c::USART_ERORR_callback(__UART_HandleTypeDef*)
 .text.HAL_UARTEx_RxEventCallback
                0x080080f0        0x8 build/bsp_usart_F4.o
                0x080080f0                HAL_UARTEx_RxEventCallback
 .text.HAL_UART_RxCpltCallback
                0x080080f8        0x8 build/bsp_usart_F4.o
                0x080080f8                HAL_UART_RxCpltCallback
 .text.HAL_UART_RxHalfCpltCallback
                0x08008100        0x2 build/bsp_usart_F4.o
                0x08008100                HAL_UART_RxHalfCpltCallback
 .text.HAL_UART_TxCpltCallback
                0x08008102        0x8 build/bsp_usart_F4.o
                0x08008102                HAL_UART_TxCpltCallback
 .text.HAL_UART_ErrorCallback
                0x0800810a        0x8 build/bsp_usart_F4.o
                0x0800810a                HAL_UART_ErrorCallback
 .text._ZN14BSP_CAN_Part_n13CANInstance_c10ECF_SetDLCEm
                0x08008112        0xc build/bsp_can.o
                0x08008112                BSP_CAN_Part_n::CANInstance_c::ECF_SetDLC(unsigned long)
 *fill*         0x0800811e        0x2 
 .text._ZL14CANServiceInitv
                0x08008120       0x3c build/bsp_can.o
 .text._ZN14BSP_CAN_Part_n13CANInstance_c12ECF_TransmitEf
                0x0800815c       0x56 build/bsp_can.o
                0x0800815c                BSP_CAN_Part_n::CANInstance_c::ECF_Transmit(float)
 *fill*         0x080081b2        0x2 
 .text._ZN14BSP_CAN_Part_n13CANInstance_cC2Emm
                0x080081b4       0x1c build/bsp_can.o
                0x080081b4                BSP_CAN_Part_n::CANInstance_c::CANInstance_c(unsigned long, unsigned long)
                0x080081b4                BSP_CAN_Part_n::CANInstance_c::CANInstance_c(unsigned long, unsigned long)
 .text._ZN14BSP_CAN_Part_n13CANInstance_c17ECF_SetRxCallBackEPFvPS0_E
                0x080081d0        0x4 build/bsp_can.o
                0x080081d0                BSP_CAN_Part_n::CANInstance_c::ECF_SetRxCallBack(void (*)(BSP_CAN_Part_n::CANInstance_c*))
 .text._ZN14BSP_CAN_Part_n13CANInstance_c16ECF_GetCanhandleEv
                0x080081d4        0x4 build/bsp_can.o
                0x080081d4                BSP_CAN_Part_n::CANInstance_c::ECF_GetCanhandle()
 .text._ZN14BSP_CAN_Part_n13CANInstance_c13Filter_ConfigEPS0_
                0x080081d8       0x84 build/bsp_can.o
                0x080081d8                BSP_CAN_Part_n::CANInstance_c::Filter_Config(BSP_CAN_Part_n::CANInstance_c*)
 .text._ZN14BSP_CAN_Part_n13CANInstance_cC2EP17CAN_HandleTypeDefmmmPFvPS0_E
                0x0800825c       0x70 build/bsp_can.o
                0x0800825c                BSP_CAN_Part_n::CANInstance_c::CANInstance_c(CAN_HandleTypeDef*, unsigned long, unsigned long, unsigned long, void (*)(BSP_CAN_Part_n::CANInstance_c*))
                0x0800825c                BSP_CAN_Part_n::CANInstance_c::CANInstance_c(CAN_HandleTypeDef*, unsigned long, unsigned long, unsigned long, void (*)(BSP_CAN_Part_n::CANInstance_c*))
 .text._ZN14BSP_CAN_Part_n13CANInstance_c14CAN_Motor_InitEP17CAN_HandleTypeDefm
                0x080082cc       0x40 build/bsp_can.o
                0x080082cc                BSP_CAN_Part_n::CANInstance_c::CAN_Motor_Init(CAN_HandleTypeDef*, unsigned long)
 .text._ZN14BSP_CAN_Part_n13CANInstance_cC2ENS_17CAN_Init_Config_sE
                0x0800830c       0x7c build/bsp_can.o
                0x0800830c                BSP_CAN_Part_n::CANInstance_c::CANInstance_c(BSP_CAN_Part_n::CAN_Init_Config_s)
                0x0800830c                BSP_CAN_Part_n::CANInstance_c::CANInstance_c(BSP_CAN_Part_n::CAN_Init_Config_s)
 .text._ZN14BSP_CAN_Part_n13CANInstance_c17ECF_FIFOxCallbackEP17CAN_HandleTypeDefm
                0x08008388       0xa8 build/bsp_can.o
                0x08008388                BSP_CAN_Part_n::CANInstance_c::ECF_FIFOxCallback(CAN_HandleTypeDef*, unsigned long)
 .text.HAL_CAN_RxFifo0MsgPendingCallback
                0x08008430        0xa build/bsp_can.o
                0x08008430                HAL_CAN_RxFifo0MsgPendingCallback
 .text.HAL_CAN_RxFifo1MsgPendingCallback
                0x0800843a        0xa build/bsp_can.o
                0x0800843a                HAL_CAN_RxFifo1MsgPendingCallback
 .text._ZN9BSP_DWT_n9BSP_DWT_c13DWT_CntUpdateEv
                0x08008444       0x3c build/bsp_dwt.o
                0x08008444                BSP_DWT_n::BSP_DWT_c::DWT_CntUpdate()
 .text._ZN9BSP_DWT_n9BSP_DWT_cC2Em
                0x08008480       0x5c build/bsp_dwt.o
                0x08008480                BSP_DWT_n::BSP_DWT_c::BSP_DWT_c(unsigned long)
                0x08008480                BSP_DWT_n::BSP_DWT_c::BSP_DWT_c(unsigned long)
 .text._ZN9BSP_DWT_n9BSP_DWT_c17ECF_DWT_GetDeltaTEPm
                0x080084dc       0x44 build/bsp_dwt.o
                0x080084dc                BSP_DWT_n::BSP_DWT_c::ECF_DWT_GetDeltaT(unsigned long*)
 .text._ZN9BSP_DWT_n9BSP_DWT_c17DWT_SystimeUpdateEv
                0x08008520       0xa8 build/bsp_dwt.o
                0x08008520                BSP_DWT_n::BSP_DWT_c::DWT_SystimeUpdate()
 .text._ZN9BSP_DWT_n9BSP_DWT_c22ECF_DWT_GetTimeline_msEv
                0x080085c8       0x38 build/bsp_dwt.o
                0x080085c8                BSP_DWT_n::BSP_DWT_c::ECF_DWT_GetTimeline_ms()
 .text._ZN9BSP_DWT_n9BSP_DWT_c19ECF_Get_DwtInstanceEv
                0x08008600       0x38 build/bsp_dwt.o
                0x08008600                BSP_DWT_n::BSP_DWT_c::ECF_Get_DwtInstance()
 .text._ZN6DR16_n6DR16_c11GetClassPtrEv
                0x08008638        0xc build/dr16.o
                0x08008638                DR16_n::DR16_c::GetClassPtr()
 .text._ZN6DR16_n10LostHandleEv
                0x08008644       0x2c build/dr16.o
                0x08008644                DR16_n::LostHandle()
 .text._ZN6DR16_n6DR16_c15LostTimeSetZeroEv
                0x08008670        0x6 build/dr16.o
                0x08008670                DR16_n::DR16_c::LostTimeSetZero()
 .text._ZN6DR16_n6DR16_c17rc_deadline_limitEPs
                0x08008676       0x18 build/dr16.o
                0x08008676                DR16_n::DR16_c::rc_deadline_limit(short*)
 .text._ZN6DR16_n6DR16_c10DataHandleEPVKh
                0x0800868e      0x116 build/dr16.o
                0x0800868e                DR16_n::DR16_c::DataHandle(unsigned char const volatile*)
 .text._ZN6DR16_n6DR16_c18RC_Data_init_ClearEv
                0x080087a4       0x1c build/dr16.o
                0x080087a4                DR16_n::DR16_c::RC_Data_init_Clear()
 .text._ZN6DR16_n6DR16_cC2Es
                0x080087c0       0x58 build/dr16.o
                0x080087c0                DR16_n::DR16_c::DR16_c(short)
                0x080087c0                DR16_n::DR16_c::DR16_c(short)
 .text._Z41__static_initialization_and_destruction_0ii
                0x08008818       0x58 build/dr16.o
 .text.DR16_Online
                0x08008870       0x10 build/dr16.o
                0x08008870                DR16_Online
 .text._ZN6DR16_n8callbackEPht
                0x08008880       0x24 build/dr16.o
                0x08008880                DR16_n::callback(unsigned char*, unsigned short)
 .text._GLOBAL__sub_I__ZN6DR16_n14double_buffer_E
                0x080088a4        0xe build/dr16.o
 .text._ZN19Motor_General_Def_n18Motor_Controller_c12RefValChangeEf
                0x080088b2        0x6 build/Motor_General_def.o
                0x080088b2                Motor_General_Def_n::Motor_Controller_c::RefValChange(float)
 .text._ZN19Motor_General_Def_n18Motor_Controller_c9GetRefValEv
                0x080088b8        0x6 build/Motor_General_def.o
                0x080088b8                Motor_General_Def_n::Motor_Controller_c::GetRefVal()
 *fill*         0x080088be        0x2 
 .text._Z41__static_initialization_and_destruction_0ii
                0x080088c0       0x78 build/dji_motor.o
 .text._ZN11DJI_Motor_n18DJI_Motor_Instance14DJIMotorSetRefEf
                0x08008938       0x44 build/dji_motor.o
                0x08008938                DJI_Motor_n::DJI_Motor_Instance::DJIMotorSetRef(float)
 .text._ZN11DJI_Motor_n18DJI_Motor_Instance19MotorSenderGroupingEv
                0x0800897c      0x148 build/dji_motor.o
                0x0800897c                DJI_Motor_n::DJI_Motor_Instance::MotorSenderGrouping()
 .text._ZN11DJI_Motor_n18DJI_Motor_Instance14DJIMotorEnableEv
                0x08008ac4        0x8 build/dji_motor.o
                0x08008ac4                DJI_Motor_n::DJI_Motor_Instance::DJIMotorEnable()
 .text._ZN11DJI_Motor_n18DJI_Motor_Instance12DJIMotorStopEv
                0x08008acc        0x8 build/dji_motor.o
                0x08008acc                DJI_Motor_n::DJI_Motor_Instance::DJIMotorStop()
 .text._ZN11DJI_Motor_n18DJI_Motor_Instance19DJIMotorOnlyRecevieEv
                0x08008ad4        0x8 build/dji_motor.o
                0x08008ad4                DJI_Motor_n::DJI_Motor_Instance::DJIMotorOnlyRecevie()
 .text._ZN11DJI_Motor_n18DJI_Motor_Instance18Update_DJIMotor_dtEf
                0x08008adc        0x6 build/dji_motor.o
                0x08008adc                DJI_Motor_n::DJI_Motor_Instance::Update_DJIMotor_dt(float)
 *fill*         0x08008ae2        0x2 
 .text._ZN11DJI_Motor_n15DJIMotorControlEv
                0x08008ae4      0x324 build/dji_motor.o
                0x08008ae4                DJI_Motor_n::DJIMotorControl()
 .text._ZN11DJI_Motor_n17DJIMotorMeasure_c12MeasureClearEv
                0x08008e08        0xc build/dji_motor.o
                0x08008e08                DJI_Motor_n::DJIMotorMeasure_c::MeasureClear()
 .text._ZN11DJI_Motor_n18DJI_Motor_InstanceC2EN19Motor_General_Def_n19Motor_Init_Config_sE
                0x08008e14      0x21c build/dji_motor.o
                0x08008e14                DJI_Motor_n::DJI_Motor_Instance::DJI_Motor_Instance(Motor_General_Def_n::Motor_Init_Config_s)
                0x08008e14                DJI_Motor_n::DJI_Motor_Instance::DJI_Motor_Instance(Motor_General_Def_n::Motor_Init_Config_s)
 .text._Z20angle_limiting_int16ss
                0x08009030       0x1e build/dji_motor.o
                0x08009030                angle_limiting_int16(short, short)
 *fill*         0x0800904e        0x2 
 .text._ZL14DecodeDJIMotorPN14BSP_CAN_Part_n13CANInstance_cE
                0x08009050      0x210 build/dji_motor.o
 .text._GLOBAL__sub_I_dji_maths
                0x08009260        0xe build/dji_motor.o
 *fill*         0x0800926e        0x2 
 .text._Z41__static_initialization_and_destruction_0ii
                0x08009270       0x20 build/BMI088driver.o
 .text._GLOBAL__sub_I__ZN16BMI088Instance_c8BMI_ListE
                0x08009290        0xe build/BMI088driver.o
 *fill*         0x0800929e        0x2 
 .text._ZN11Safe_task_cC2EPKcyPFvvES3_
                0x080092a0       0x68 build/safe_task.o
                0x080092a0                Safe_task_c::Safe_task_c(char const*, unsigned long long, void (*)(), void (*)())
                0x080092a0                Safe_task_c::Safe_task_c(char const*, unsigned long long, void (*)(), void (*)())
 .text._ZN11Safe_task_c6OnlineEv
                0x08009308       0x38 build/safe_task.o
                0x08009308                Safe_task_c::Online()
 .text._ZN11Safe_task_c23Calc_Disconnection_timeEv
                0x08009340       0x46 build/safe_task.o
                0x08009340                Safe_task_c::Calc_Disconnection_time()
 .text._ZN11Safe_task_c23Doing_DisconnetCallBackEv
                0x08009386       0x1e build/safe_task.o
                0x08009386                Safe_task_c::Doing_DisconnetCallBack()
 .text.Safe_Task
                0x080093a4       0x28 build/safe_task.o
                0x080093a4                Safe_Task
 .text.HAL_TIM_PeriodElapsedCallback
                0x080093cc       0x18 build/real_main.o
                0x080093cc                HAL_TIM_PeriodElapsedCallback
 .text.Error_Handler
                0x080093e4        0x4 build/real_main.o
                0x080093e4                Error_Handler
 .text.SystemClock_Config
                0x080093e8       0xa8 build/real_main.o
                0x080093e8                SystemClock_Config
 .text.main     0x08009490       0x24 build/real_main.o
                0x08009490                main
 .text._ZN14big_yaw_ctrl_cC2Ev
                0x080094b4       0xc0 build/bigyaw_ctrl.o
                0x080094b4                big_yaw_ctrl_c::big_yaw_ctrl_c()
                0x080094b4                big_yaw_ctrl_c::big_yaw_ctrl_c()
 .text._ZN14big_yaw_ctrl_c17Big_Yaw_ctrl_loopEv
                0x08009574       0x3c build/bigyaw_ctrl.o
                0x08009574                big_yaw_ctrl_c::Big_Yaw_ctrl_loop()
 .text._ZN14big_yaw_ctrl_c20Get_big_yaw_instanceEv
                0x080095b0       0x2c build/bigyaw_ctrl.o
                0x080095b0                big_yaw_ctrl_c::Get_big_yaw_instance()
 .text._ZN14big_yaw_ctrl_c17DecodeChassisDataEPN14BSP_CAN_Part_n13CANInstance_cE
                0x080095dc       0x58 build/bigyaw_ctrl.o
                0x080095dc                big_yaw_ctrl_c::DecodeChassisData(BSP_CAN_Part_n::CANInstance_c*)
 .text._ZN14big_yaw_ctrl_c18DecodeSmallYawDataEPN14BSP_CAN_Part_n13CANInstance_cE
                0x08009634       0x7a build/bigyaw_ctrl.o
                0x08009634                big_yaw_ctrl_c::DecodeSmallYawData(BSP_CAN_Part_n::CANInstance_c*)
 .text._ZN16yaw_motor_ctrl_cC2Ehhff
                0x080096ae       0x2c build/yaw_motor_ctrl.o
                0x080096ae                yaw_motor_ctrl_c::yaw_motor_ctrl_c(unsigned char, unsigned char, float, float)
                0x080096ae                yaw_motor_ctrl_c::yaw_motor_ctrl_c(unsigned char, unsigned char, float, float)
 *fill*         0x080096da        0x2 
 .text._ZN16yaw_motor_ctrl_c8Yaw_initEv
                0x080096dc       0xf0 build/yaw_motor_ctrl.o
                0x080096dc                yaw_motor_ctrl_c::Yaw_init()
 .text._ZN16yaw_motor_ctrl_c12Yaw_set_modeE18gimbal_behaviour_e
                0x080097cc       0x4c build/yaw_motor_ctrl.o
                0x080097cc                yaw_motor_ctrl_c::Yaw_set_mode(gimbal_behaviour_e)
 .text._ZN16yaw_motor_ctrl_c15Yaw_data_updateERN6DR16_n9RC_ctrl_tE
                0x08009818       0xf4 build/yaw_motor_ctrl.o
                0x08009818                yaw_motor_ctrl_c::Yaw_data_update(DR16_n::RC_ctrl_t&)
 .text._ZN16yaw_motor_ctrl_c19Yaw_set_zero_outputEv
                0x0800990c        0x6 build/yaw_motor_ctrl.o
                0x0800990c                yaw_motor_ctrl_c::Yaw_set_zero_output()
 *fill*         0x08009912        0x2 
 .text._ZN16yaw_motor_ctrl_c22Yaw_ctrl_data_caculateEv
                0x08009914       0x6c build/yaw_motor_ctrl.o
                0x08009914                yaw_motor_ctrl_c::Yaw_ctrl_data_caculate()
 .text._ZN16yaw_motor_ctrl_c13Yaw_ctrl_loopE18gimbal_behaviour_eRN6DR16_n9RC_ctrl_tE
                0x08009980       0x30 build/yaw_motor_ctrl.o
                0x08009980                yaw_motor_ctrl_c::Yaw_ctrl_loop(gimbal_behaviour_e, DR16_n::RC_ctrl_t&)
 .text._ZN12pluck_ctrl_cC2EhP17CAN_HandleTypeDef
                0x080099b0       0x1c build/pluck_ctrl.o
                0x080099b0                pluck_ctrl_c::pluck_ctrl_c(unsigned char, CAN_HandleTypeDef*)
                0x080099b0                pluck_ctrl_c::pluck_ctrl_c(unsigned char, CAN_HandleTypeDef*)
 .text._ZN12pluck_ctrl_c10Pluck_initEv
                0x080099cc      0x15c build/pluck_ctrl.o
                0x080099cc                pluck_ctrl_c::Pluck_init()
 .text._ZN12pluck_ctrl_c10Pluck_lockEv
                0x08009b28        0x8 build/pluck_ctrl.o
                0x08009b28                pluck_ctrl_c::Pluck_lock()
 .text._ZN12pluck_ctrl_c10Pluck_zeroEv
                0x08009b30        0x6 build/pluck_ctrl.o
                0x08009b30                pluck_ctrl_c::Pluck_zero()
 *fill*         0x08009b36        0x2 
 .text._ZN12pluck_ctrl_c19Pluck_set_ctrl_dataERKN6DR16_n9RC_ctrl_tE
                0x08009b38       0xa8 build/pluck_ctrl.o
                0x08009b38                pluck_ctrl_c::Pluck_set_ctrl_data(DR16_n::RC_ctrl_t const&)
 .text._ZN12pluck_ctrl_c14Pluck_set_modeEv
                0x08009be0       0x68 build/pluck_ctrl.o
                0x08009be0                pluck_ctrl_c::Pluck_set_mode()
 .text._ZN12pluck_ctrl_c15Pluck_semi_ctrlEv
                0x08009c48       0x64 build/pluck_ctrl.o
                0x08009c48                pluck_ctrl_c::Pluck_semi_ctrl()
 .text._ZN12pluck_ctrl_c15Pluck_auto_ctrlEh
                0x08009cac       0x58 build/pluck_ctrl.o
                0x08009cac                pluck_ctrl_c::Pluck_auto_ctrl(unsigned char)
 .text._ZN12pluck_ctrl_c21Pluck_set_target_dataEv
                0x08009d04       0x58 build/pluck_ctrl.o
                0x08009d04                pluck_ctrl_c::Pluck_set_target_data()
 .text._ZN12pluck_ctrl_c20Pluck_ctrl_cauculateEv
                0x08009d5c      0x104 build/pluck_ctrl.o
                0x08009d5c                pluck_ctrl_c::Pluck_ctrl_cauculate()
 .text._ZN12pluck_ctrl_c15Pluck_ctrl_loopERKN6DR16_n9RC_ctrl_tERK11shoot_msg_t
                0x08009e60       0x74 build/pluck_ctrl.o
                0x08009e60                pluck_ctrl_c::Pluck_ctrl_loop(DR16_n::RC_ctrl_t const&, shoot_msg_t const&)
 .text._ZN12pluck_ctrl_c16Pluck_allow_fireEv
                0x08009ed4        0x8 build/pluck_ctrl.o
                0x08009ed4                pluck_ctrl_c::Pluck_allow_fire()
 .text._ZN12pluck_ctrl_c15Pluck_stop_fireEv
                0x08009edc        0x8 build/pluck_ctrl.o
                0x08009edc                pluck_ctrl_c::Pluck_stop_fire()
 .text._ZN11MotorCalc_cC2Efff
                0x08009ee4       0x5e build/Motor_Ctrl_Alg.o
                0x08009ee4                MotorCalc_c::MotorCalc_c(float, float, float)
                0x08009ee4                MotorCalc_c::MotorCalc_c(float, float, float)
 .text._ZN11MotorCalc_c11GetValPointEPKfS1_
                0x08009f42        0xa build/Motor_Ctrl_Alg.o
                0x08009f42                MotorCalc_c::GetValPoint(float const*, float const*)
 .text._ZN11MotorCalc_c8LQR_CalcEv
                0x08009f4c       0xb4 build/Motor_Ctrl_Alg.o
                0x08009f4c                MotorCalc_c::LQR_Calc()
 .text._Z22torque_to_voltage_6020f
                0x0800a000       0x50 build/Motor_Ctrl_Alg.o
                0x0800a000                torque_to_voltage_6020(float)
 .text.Gimbal_Task
                0x0800a050       0x12 build/gimbal_task.o
                0x0800a050                Gimbal_Task
 *fill*         0x0800a062        0x2 
 .text.Reset_Handler
                0x0800a064       0x50 build/startup_stm32f405xx.o
                0x0800a064                Reset_Handler
 .text.Default_Handler
                0x0800a0b4        0x2 build/startup_stm32f405xx.o
                0x0800a0b4                RTC_Alarm_IRQHandler
                0x0800a0b4                HASH_RNG_IRQHandler
                0x0800a0b4                EXTI2_IRQHandler
                0x0800a0b4                TIM8_CC_IRQHandler
                0x0800a0b4                TIM1_CC_IRQHandler
                0x0800a0b4                DMA2_Stream5_IRQHandler
                0x0800a0b4                DMA1_Stream5_IRQHandler
                0x0800a0b4                PVD_IRQHandler
                0x0800a0b4                SDIO_IRQHandler
                0x0800a0b4                TAMP_STAMP_IRQHandler
                0x0800a0b4                EXTI3_IRQHandler
                0x0800a0b4                TIM8_TRG_COM_TIM14_IRQHandler
                0x0800a0b4                TIM8_UP_TIM13_IRQHandler
                0x0800a0b4                I2C3_ER_IRQHandler
                0x0800a0b4                EXTI0_IRQHandler
                0x0800a0b4                I2C2_EV_IRQHandler
                0x0800a0b4                DMA1_Stream2_IRQHandler
                0x0800a0b4                FPU_IRQHandler
                0x0800a0b4                OTG_HS_WKUP_IRQHandler
                0x0800a0b4                DMA2_Stream2_IRQHandler
                0x0800a0b4                TIM6_DAC_IRQHandler
                0x0800a0b4                TIM1_BRK_TIM9_IRQHandler
                0x0800a0b4                USART6_IRQHandler
                0x0800a0b4                UART5_IRQHandler
                0x0800a0b4                TIM4_IRQHandler
                0x0800a0b4                I2C1_EV_IRQHandler
                0x0800a0b4                DMA1_Stream6_IRQHandler
                0x0800a0b4                UART4_IRQHandler
                0x0800a0b4                TIM3_IRQHandler
                0x0800a0b4                RCC_IRQHandler
                0x0800a0b4                TIM8_BRK_TIM12_IRQHandler
                0x0800a0b4                Default_Handler
                0x0800a0b4                EXTI15_10_IRQHandler
                0x0800a0b4                ADC_IRQHandler
                0x0800a0b4                DMA1_Stream7_IRQHandler
                0x0800a0b4                TIM7_IRQHandler
                0x0800a0b4                TIM5_IRQHandler
                0x0800a0b4                DMA2_Stream7_IRQHandler
                0x0800a0b4                I2C3_EV_IRQHandler
                0x0800a0b4                EXTI9_5_IRQHandler
                0x0800a0b4                RTC_WKUP_IRQHandler
                0x0800a0b4                SPI2_IRQHandler
                0x0800a0b4                OTG_HS_EP1_IN_IRQHandler
                0x0800a0b4                DMA1_Stream0_IRQHandler
                0x0800a0b4                EXTI4_IRQHandler
                0x0800a0b4                FSMC_IRQHandler
                0x0800a0b4                OTG_HS_EP1_OUT_IRQHandler
                0x0800a0b4                WWDG_IRQHandler
                0x0800a0b4                TIM2_IRQHandler
                0x0800a0b4                OTG_FS_WKUP_IRQHandler
                0x0800a0b4                TIM1_TRG_COM_TIM11_IRQHandler
                0x0800a0b4                OTG_HS_IRQHandler
                0x0800a0b4                EXTI1_IRQHandler
                0x0800a0b4                USART2_IRQHandler
                0x0800a0b4                I2C2_ER_IRQHandler
                0x0800a0b4                FLASH_IRQHandler
                0x0800a0b4                DMA2_Stream4_IRQHandler
                0x0800a0b4                USART1_IRQHandler
                0x0800a0b4                SPI3_IRQHandler
                0x0800a0b4                DMA1_Stream4_IRQHandler
                0x0800a0b4                I2C1_ER_IRQHandler
                0x0800a0b4                DMA1_Stream3_IRQHandler
 .text.__cxa_guard_acquire
                0x0800a0b6       0x18 d:/stm_for_vs/gcc-arm-none-eabi-10.3-2021.10/bin/../lib/gcc/arm-none-eabi/10.3.1/../../../../arm-none-eabi/lib/thumb/v7e-m+fp/hard\libstdc++_nano.a(guard.o)
                0x0800a0b6                __cxa_guard_acquire
 .text.__cxa_guard_release
                0x0800a0ce        0x6 d:/stm_for_vs/gcc-arm-none-eabi-10.3-2021.10/bin/../lib/gcc/arm-none-eabi/10.3.1/../../../../arm-none-eabi/lib/thumb/v7e-m+fp/hard\libstdc++_nano.a(guard.o)
                0x0800a0ce                __cxa_guard_release
 .text._Znwj    0x0800a0d4       0x22 d:/stm_for_vs/gcc-arm-none-eabi-10.3-2021.10/bin/../lib/gcc/arm-none-eabi/10.3.1/../../../../arm-none-eabi/lib/thumb/v7e-m+fp/hard\libstdc++_nano.a(new_op.o)
                0x0800a0d4                operator new(unsigned int)
 .text._Znaj    0x0800a0f6        0x4 d:/stm_for_vs/gcc-arm-none-eabi-10.3-2021.10/bin/../lib/gcc/arm-none-eabi/10.3.1/../../../../arm-none-eabi/lib/thumb/v7e-m+fp/hard\libstdc++_nano.a(new_opv.o)
                0x0800a0f6                operator new[](unsigned int)
 .text.__cxa_pure_virtual
                0x0800a0fa        0x6 d:/stm_for_vs/gcc-arm-none-eabi-10.3-2021.10/bin/../lib/gcc/arm-none-eabi/10.3.1/../../../../arm-none-eabi/lib/thumb/v7e-m+fp/hard\libstdc++_nano.a(pure.o)
                0x0800a0fa                __cxa_pure_virtual
 .text._ZN10__cxxabiv111__terminateEPFvvE
                0x0800a100        0x8 d:/stm_for_vs/gcc-arm-none-eabi-10.3-2021.10/bin/../lib/gcc/arm-none-eabi/10.3.1/../../../../arm-none-eabi/lib/thumb/v7e-m+fp/hard\libstdc++_nano.a(eh_terminate.o)
                0x0800a100                __cxxabiv1::__terminate(void (*)())
 .text._ZSt13get_terminatev
                0x0800a108       0x10 d:/stm_for_vs/gcc-arm-none-eabi-10.3-2021.10/bin/../lib/gcc/arm-none-eabi/10.3.1/../../../../arm-none-eabi/lib/thumb/v7e-m+fp/hard\libstdc++_nano.a(eh_terminate.o)
                0x0800a108                std::get_terminate()
 .text._ZSt9terminatev
                0x0800a118        0xa d:/stm_for_vs/gcc-arm-none-eabi-10.3-2021.10/bin/../lib/gcc/arm-none-eabi/10.3.1/../../../../arm-none-eabi/lib/thumb/v7e-m+fp/hard\libstdc++_nano.a(eh_terminate.o)
                0x0800a118                std::terminate()
 *fill*         0x0800a122        0x2 
 .text._ZSt15get_new_handlerv
                0x0800a124       0x10 d:/stm_for_vs/gcc-arm-none-eabi-10.3-2021.10/bin/../lib/gcc/arm-none-eabi/10.3.1/../../../../arm-none-eabi/lib/thumb/v7e-m+fp/hard\libstdc++_nano.a(new_handler.o)
                0x0800a124                std::get_new_handler()
 .text.abort    0x0800a134        0xe d:/stm_for_vs/gcc-arm-none-eabi-10.3-2021.10/bin/../lib/gcc/arm-none-eabi/10.3.1/../../../../arm-none-eabi/lib/thumb/v7e-m+fp/hard\libc_nano.a(lib_a-abort.o)
                0x0800a134                abort
 *fill*         0x0800a142        0x2 
 .text.__errno  0x0800a144        0xc d:/stm_for_vs/gcc-arm-none-eabi-10.3-2021.10/bin/../lib/gcc/arm-none-eabi/10.3.1/../../../../arm-none-eabi/lib/thumb/v7e-m+fp/hard\libc_nano.a(lib_a-errno.o)
                0x0800a144                __errno
 .text.__libc_init_array
                0x0800a150       0x48 d:/stm_for_vs/gcc-arm-none-eabi-10.3-2021.10/bin/../lib/gcc/arm-none-eabi/10.3.1/../../../../arm-none-eabi/lib/thumb/v7e-m+fp/hard\libc_nano.a(lib_a-init.o)
                0x0800a150                __libc_init_array
 .text.malloc   0x0800a198       0x10 d:/stm_for_vs/gcc-arm-none-eabi-10.3-2021.10/bin/../lib/gcc/arm-none-eabi/10.3.1/../../../../arm-none-eabi/lib/thumb/v7e-m+fp/hard\libc_nano.a(lib_a-malloc.o)
                0x0800a198                malloc
 .text.memcpy   0x0800a1a8       0x1c d:/stm_for_vs/gcc-arm-none-eabi-10.3-2021.10/bin/../lib/gcc/arm-none-eabi/10.3.1/../../../../arm-none-eabi/lib/thumb/v7e-m+fp/hard\libc_nano.a(lib_a-memcpy-stub.o)
                0x0800a1a8                memcpy
 .text.memset   0x0800a1c4       0x10 d:/stm_for_vs/gcc-arm-none-eabi-10.3-2021.10/bin/../lib/gcc/arm-none-eabi/10.3.1/../../../../arm-none-eabi/lib/thumb/v7e-m+fp/hard\libc_nano.a(lib_a-memset.o)
                0x0800a1c4                memset
 .text.sbrk_aligned
                0x0800a1d4       0x40 d:/stm_for_vs/gcc-arm-none-eabi-10.3-2021.10/bin/../lib/gcc/arm-none-eabi/10.3.1/../../../../arm-none-eabi/lib/thumb/v7e-m+fp/hard\libc_nano.a(lib_a-nano-mallocr.o)
 .text._malloc_r
                0x0800a214       0xe8 d:/stm_for_vs/gcc-arm-none-eabi-10.3-2021.10/bin/../lib/gcc/arm-none-eabi/10.3.1/../../../../arm-none-eabi/lib/thumb/v7e-m+fp/hard\libc_nano.a(lib_a-nano-mallocr.o)
                0x0800a214                _malloc_r
 .text._sbrk_r  0x0800a2fc       0x20 d:/stm_for_vs/gcc-arm-none-eabi-10.3-2021.10/bin/../lib/gcc/arm-none-eabi/10.3.1/../../../../arm-none-eabi/lib/thumb/v7e-m+fp/hard\libc_nano.a(lib_a-sbrkr.o)
                0x0800a2fc                _sbrk_r
 .text._raise_r
                0x0800a31c       0x50 d:/stm_for_vs/gcc-arm-none-eabi-10.3-2021.10/bin/../lib/gcc/arm-none-eabi/10.3.1/../../../../arm-none-eabi/lib/thumb/v7e-m+fp/hard\libc_nano.a(lib_a-signal.o)
                0x0800a31c                _raise_r
 .text.raise    0x0800a36c       0x10 d:/stm_for_vs/gcc-arm-none-eabi-10.3-2021.10/bin/../lib/gcc/arm-none-eabi/10.3.1/../../../../arm-none-eabi/lib/thumb/v7e-m+fp/hard\libc_nano.a(lib_a-signal.o)
                0x0800a36c                raise
 .text._kill_r  0x0800a37c       0x24 d:/stm_for_vs/gcc-arm-none-eabi-10.3-2021.10/bin/../lib/gcc/arm-none-eabi/10.3.1/../../../../arm-none-eabi/lib/thumb/v7e-m+fp/hard\libc_nano.a(lib_a-signalr.o)
                0x0800a37c                _kill_r
 .text._getpid_r
                0x0800a3a0        0x4 d:/stm_for_vs/gcc-arm-none-eabi-10.3-2021.10/bin/../lib/gcc/arm-none-eabi/10.3.1/../../../../arm-none-eabi/lib/thumb/v7e-m+fp/hard\libc_nano.a(lib_a-signalr.o)
                0x0800a3a0                _getpid_r
 .text.strcpy   0x0800a3a4       0x10 d:/stm_for_vs/gcc-arm-none-eabi-10.3-2021.10/bin/../lib/gcc/arm-none-eabi/10.3.1/../../../../arm-none-eabi/lib/thumb/v7e-m+fp/hard\libc_nano.a(lib_a-strcpy.o)
                0x0800a3a4                strcpy
 .text.__malloc_lock
                0x0800a3b4        0xc d:/stm_for_vs/gcc-arm-none-eabi-10.3-2021.10/bin/../lib/gcc/arm-none-eabi/10.3.1/../../../../arm-none-eabi/lib/thumb/v7e-m+fp/hard\libc_nano.a(lib_a-mlock.o)
                0x0800a3b4                __malloc_lock
 .text.__malloc_unlock
                0x0800a3c0        0xc d:/stm_for_vs/gcc-arm-none-eabi-10.3-2021.10/bin/../lib/gcc/arm-none-eabi/10.3.1/../../../../arm-none-eabi/lib/thumb/v7e-m+fp/hard\libc_nano.a(lib_a-mlock.o)
                0x0800a3c0                __malloc_unlock
 .text.__retarget_lock_acquire_recursive
                0x0800a3cc        0x2 d:/stm_for_vs/gcc-arm-none-eabi-10.3-2021.10/bin/../lib/gcc/arm-none-eabi/10.3.1/../../../../arm-none-eabi/lib/thumb/v7e-m+fp/hard\libc_nano.a(lib_a-lock.o)
                0x0800a3cc                __retarget_lock_acquire_recursive
 .text.__retarget_lock_release_recursive
                0x0800a3ce        0x2 d:/stm_for_vs/gcc-arm-none-eabi-10.3-2021.10/bin/../lib/gcc/arm-none-eabi/10.3.1/../../../../arm-none-eabi/lib/thumb/v7e-m+fp/hard\libc_nano.a(lib_a-lock.o)
                0x0800a3ce                __retarget_lock_release_recursive
 *(.glue_7)
 .glue_7        0x0800a3d0        0x0 linker stubs
 *(.glue_7t)
 .glue_7t       0x0800a3d0        0x0 linker stubs
 *(.eh_frame)
 .eh_frame      0x0800a3d0        0x0 d:/stm_for_vs/gcc-arm-none-eabi-10.3-2021.10/bin/../lib/gcc/arm-none-eabi/10.3.1/thumb/v7e-m+fp/hard/crtbegin.o
 *(.init)
 .init          0x0800a3d0        0x4 d:/stm_for_vs/gcc-arm-none-eabi-10.3-2021.10/bin/../lib/gcc/arm-none-eabi/10.3.1/thumb/v7e-m+fp/hard/crti.o
                0x0800a3d0                _init
 .init          0x0800a3d4        0x8 d:/stm_for_vs/gcc-arm-none-eabi-10.3-2021.10/bin/../lib/gcc/arm-none-eabi/10.3.1/thumb/v7e-m+fp/hard/crtn.o
 *(.fini)
 .fini          0x0800a3dc        0x4 d:/stm_for_vs/gcc-arm-none-eabi-10.3-2021.10/bin/../lib/gcc/arm-none-eabi/10.3.1/thumb/v7e-m+fp/hard/crti.o
                0x0800a3dc                _fini
 .fini          0x0800a3e0        0x8 d:/stm_for_vs/gcc-arm-none-eabi-10.3-2021.10/bin/../lib/gcc/arm-none-eabi/10.3.1/thumb/v7e-m+fp/hard/crtn.o
                0x0800a3e8                . = ALIGN (0x4)
                0x0800a3e8                _etext = .

.vfp11_veneer   0x0800a3e8        0x0
 .vfp11_veneer  0x0800a3e8        0x0 linker stubs

.v4_bx          0x0800a3e8        0x0
 .v4_bx         0x0800a3e8        0x0 linker stubs

.iplt           0x0800a3e8        0x0
 .iplt          0x0800a3e8        0x0 d:/stm_for_vs/gcc-arm-none-eabi-10.3-2021.10/bin/../lib/gcc/arm-none-eabi/10.3.1/thumb/v7e-m+fp/hard/crtbegin.o

.rodata         0x0800a3e8      0x150
                0x0800a3e8                . = ALIGN (0x4)
 *(.rodata)
 .rodata        0x0800a3e8       0x54 build/freertos.o
 .rodata        0x0800a43c       0x48 build/pluck_ctrl.o
 *(.rodata*)
 .rodata.str1.4
                0x0800a484       0x22 build/freertos.o
 *fill*         0x0800a4a6        0x2 
 .rodata.AHBPrescTable
                0x0800a4a8       0x10 build/system_stm32f4xx.o
                0x0800a4a8                AHBPrescTable
 .rodata.APBPrescTable
                0x0800a4b8        0x8 build/system_stm32f4xx.o
                0x0800a4b8                APBPrescTable
 .rodata.vTaskStartScheduler.str1.4
                0x0800a4c0        0x5 build/tasks.o
 *fill*         0x0800a4c5        0x3 
 .rodata.USBD_FS_ProductStrDescriptor.str1.4
                0x0800a4c8       0x16 build/usbd_desc.o
 *fill*         0x0800a4de        0x2 
 .rodata.USBD_FS_ManufacturerStrDescriptor.str1.4
                0x0800a4e0       0x13 build/usbd_desc.o
 *fill*         0x0800a4f3        0x1 
 .rodata.USBD_FS_ConfigStrDescriptor.str1.4
                0x0800a4f4        0xb build/usbd_desc.o
 *fill*         0x0800a4ff        0x1 
 .rodata.USBD_FS_InterfaceStrDescriptor.str1.4
                0x0800a500        0xe build/usbd_desc.o
 *fill*         0x0800a50e        0x2 
 .rodata._ZTVN14BSP_CAN_Part_n16CAN_Main_Class_cE
                0x0800a510       0x10 build/bsp_can.o
                0x0800a510                vtable for BSP_CAN_Part_n::CAN_Main_Class_c
 .rodata._ZTVN14BSP_CAN_Part_n13CANInstance_cE
                0x0800a520       0x10 build/bsp_can.o
                0x0800a520                vtable for BSP_CAN_Part_n::CANInstance_c
 .rodata._Z41__static_initialization_and_destruction_0ii.str1.4
                0x0800a530        0x5 build/dr16.o
                0x0800a538                . = ALIGN (0x4)
 *fill*         0x0800a535        0x3 

.ARM.extab
 *(.ARM.extab* .gnu.linkonce.armextab.*)

.ARM            0x0800a538        0x8
                0x0800a538                __exidx_start = .
 *(.ARM.exidx*)
 .ARM.exidx     0x0800a538        0x8 d:/stm_for_vs/gcc-arm-none-eabi-10.3-2021.10/bin/../lib/gcc/arm-none-eabi/10.3.1/thumb/v7e-m+fp/hard\libgcc.a(_udivmoddi4.o)
                0x0800a540                __exidx_end = .

.rel.dyn        0x0800a540        0x0
 .rel.iplt      0x0800a540        0x0 d:/stm_for_vs/gcc-arm-none-eabi-10.3-2021.10/bin/../lib/gcc/arm-none-eabi/10.3.1/thumb/v7e-m+fp/hard/crtbegin.o

.preinit_array  0x0800a540        0x0
                0x0800a540                PROVIDE (__preinit_array_start = .)
 *(.preinit_array*)
                0x0800a540                PROVIDE (__preinit_array_end = .)

.init_array     0x0800a540       0x14
                0x0800a540                PROVIDE (__init_array_start = .)
 *(SORT_BY_NAME(.init_array.*))
 *(.init_array*)
 .init_array    0x0800a540        0x4 d:/stm_for_vs/gcc-arm-none-eabi-10.3-2021.10/bin/../lib/gcc/arm-none-eabi/10.3.1/thumb/v7e-m+fp/hard/crtbegin.o
 .init_array    0x0800a544        0x4 build/quaternion_EKF.o
 .init_array    0x0800a548        0x4 build/dr16.o
 .init_array    0x0800a54c        0x4 build/dji_motor.o
 .init_array    0x0800a550        0x4 build/BMI088driver.o
                0x0800a554                PROVIDE (__init_array_end = .)

.fini_array     0x0800a554        0x4
                [!provide]                PROVIDE (__fini_array_start = .)
 *(SORT_BY_NAME(.fini_array.*))
 *(.fini_array*)
 .fini_array    0x0800a554        0x4 d:/stm_for_vs/gcc-arm-none-eabi-10.3-2021.10/bin/../lib/gcc/arm-none-eabi/10.3.1/thumb/v7e-m+fp/hard/crtbegin.o
                [!provide]                PROVIDE (__fini_array_end = .)
                0x0800a558                _sidata = LOADADDR (.data)

.data           0x20000000      0x18c load address 0x0800a558
                0x20000000                . = ALIGN (0x4)
                0x20000000                _sdata = .
 *(.data)
 *(.data*)
 .data.uwTickFreq
                0x20000000        0x1 build/stm32f4xx_hal.o
                0x20000000                uwTickFreq
 *fill*         0x20000001        0x3 
 .data.uwTickPrio
                0x20000004        0x4 build/stm32f4xx_hal.o
                0x20000004                uwTickPrio
 .data.SystemCoreClock
                0x20000008        0x4 build/system_stm32f4xx.o
                0x20000008                SystemCoreClock
 .data.uxCriticalNesting
                0x2000000c        0x4 build/port.o
 .data.USBD_CDC
                0x20000010       0x38 build/usbd_cdc.o
                0x20000010                USBD_CDC
 .data.USBD_CDC_CfgDesc
                0x20000048       0x43 build/usbd_cdc.o
 *fill*         0x2000008b        0x1 
 .data.USBD_CDC_DeviceQualifierDesc
                0x2000008c        0xa build/usbd_cdc.o
 *fill*         0x20000096        0x2 
 .data.FS_Desc  0x20000098       0x1c build/usbd_desc.o
                0x20000098                FS_Desc
 .data.USBD_FS_DeviceDesc
                0x200000b4       0x12 build/usbd_desc.o
                0x200000b4                USBD_FS_DeviceDesc
 *fill*         0x200000c6        0x2 
 .data.USBD_LangIDDesc
                0x200000c8        0x4 build/usbd_desc.o
                0x200000c8                USBD_LangIDDesc
 .data.USBD_StringSerial
                0x200000cc       0x1a build/usbd_desc.o
                0x200000cc                USBD_StringSerial
 *fill*         0x200000e6        0x2 
 .data.USBD_Interface_fops_FS
                0x200000e8       0x14 build/usbd_cdc_if.o
                0x200000e8                USBD_Interface_fops_FS
 .data._ZZN14BSP_CAN_Part_n13CANInstance_c13Filter_ConfigEPS0_E15can2_filter_idx
                0x200000fc        0x1 build/bsp_can.o
 *fill*         0x200000fd        0x3 
 .data._ZN6DR16_n15dr16_uart_paramE
                0x20000100       0x1c build/dr16.o
                0x20000100                DR16_n::dr16_uart_param
 .data._ZZN16yaw_motor_ctrl_c12Yaw_set_modeE18gimbal_behaviour_eE16last_gimbal_mode
                0x2000011c        0x4 build/yaw_motor_ctrl.o
 .data._ZZN12pluck_ctrl_c21Pluck_set_target_dataEvE14last_fire_mode
                0x20000120        0x1 build/pluck_ctrl.o
 *fill*         0x20000121        0x1 
 .data.dead_erro
                0x20000122        0x2 build/pluck_ctrl.o
                0x20000122                dead_erro
 .data._ZN10__cxxabiv119__terminate_handlerE
                0x20000124        0x4 d:/stm_for_vs/gcc-arm-none-eabi-10.3-2021.10/bin/../lib/gcc/arm-none-eabi/10.3.1/../../../../arm-none-eabi/lib/thumb/v7e-m+fp/hard\libstdc++_nano.a(eh_term_handler.o)
                0x20000124                __cxxabiv1::__terminate_handler
 .data._impure_ptr